[22:26:48] === watchdog_run start (run_paper.m) ===
[22:26:55] Launching MATLAB (attempt 1) [-r]
[22:27:55] poll: elapsed=60s freeGB=37.65
[22:28:55] poll: elapsed=120s freeGB=37.43
[22:29:55] poll: elapsed=180s freeGB=37.47
[22:30:55] poll: elapsed=240s freeGB=37.41
[22:31:55] poll: elapsed=300s freeGB=37.43
[22:32:55] poll: elapsed=360s freeGB=37.48
[22:33:55] poll: elapsed=421s freeGB=37.48
[22:34:55] poll: elapsed=481s freeGB=37.43
[22:35:55] poll: elapsed=541s freeGB=37.41
[22:36:55] poll: elapsed=601s freeGB=37.42
[22:37:55] poll: elapsed=661s freeGB=37.43
[22:38:56] poll: elapsed=721s freeGB=37.43
[22:39:56] poll: elapsed=781s freeGB=37.39
[22:40:56] poll: elapsed=841s freeGB=37.37
[22:41:56] poll: elapsed=901s freeGB=37.38
[22:42:56] poll: elapsed=961s freeGB=37.42
[22:43:56] poll: elapsed=1021s freeGB=37.4
[22:44:56] poll: elapsed=1081s freeGB=37.55
[22:45:56] poll: elapsed=1141s freeGB=37.41
[22:46:56] poll: elapsed=1202s freeGB=37.46
[22:47:56] poll: elapsed=1262s freeGB=37.47
[22:48:56] poll: elapsed=1322s freeGB=37.46
[22:49:56] poll: elapsed=1382s freeGB=37.46
[22:50:56] poll: elapsed=1442s freeGB=37.46
[22:51:57] poll: elapsed=1502s freeGB=37.41
[22:52:57] poll: elapsed=1562s freeGB=37.4
[22:53:57] poll: elapsed=1622s freeGB=37.46
[22:54:57] poll: elapsed=1682s freeGB=37.46
[22:55:57] poll: elapsed=1742s freeGB=37.37
[22:56:57] poll: elapsed=1802s freeGB=37.47
[22:57:57] poll: elapsed=1862s freeGB=37.46
[22:58:57] poll: elapsed=1922s freeGB=37.45
[22:59:57] poll: elapsed=1982s freeGB=37.45
[23:00:57] poll: elapsed=2042s freeGB=37.45
[23:01:57] poll: elapsed=2103s freeGB=37.45
[23:02:57] poll: elapsed=2163s freeGB=37.39
[23:03:57] poll: elapsed=2223s freeGB=37.4
[23:04:57] poll: elapsed=2283s freeGB=37.44
[23:05:57] poll: elapsed=2343s freeGB=37.43
[23:06:57] poll: elapsed=2403s freeGB=37.44
[23:07:58] poll: elapsed=2463s freeGB=37.37
[23:08:58] poll: elapsed=2523s freeGB=37.37
[23:09:58] poll: elapsed=2583s freeGB=37.37
[23:10:58] poll: elapsed=2643s freeGB=37.37
[23:11:58] poll: elapsed=2703s freeGB=37.36
[23:12:58] poll: elapsed=2763s freeGB=37.35
[23:13:58] poll: elapsed=2823s freeGB=37.43
[23:14:58] poll: elapsed=2883s freeGB=37.43
[23:15:58] poll: elapsed=2944s freeGB=37.42
[23:16:58] poll: elapsed=3004s freeGB=37.42
[23:17:58] poll: elapsed=3064s freeGB=37.4
[23:18:58] poll: elapsed=3124s freeGB=37.41
[23:19:58] poll: elapsed=3184s freeGB=37.42
[23:20:58] poll: elapsed=3244s freeGB=37.41
[23:21:59] poll: elapsed=3304s freeGB=37.42
[23:22:59] poll: elapsed=3364s freeGB=37.43
[23:23:59] poll: elapsed=3424s freeGB=37.43
[23:24:59] poll: elapsed=3484s freeGB=37.43
[23:25:59] poll: elapsed=3544s freeGB=37.35
[23:26:59] poll: elapsed=3604s freeGB=37.39
[23:27:59] poll: elapsed=3664s freeGB=37.42
[23:28:59] poll: elapsed=3724s freeGB=37.42
[23:29:59] poll: elapsed=3784s freeGB=37.43
[23:30:59] poll: elapsed=3844s freeGB=37.43
[23:31:59] poll: elapsed=3904s freeGB=37.44
[23:32:59] poll: elapsed=3965s freeGB=37.43
[23:33:59] poll: elapsed=4025s freeGB=37.43
[23:34:59] poll: elapsed=4085s freeGB=37.43
[23:35:59] poll: elapsed=4145s freeGB=37.4
[23:36:59] poll: elapsed=4205s freeGB=37.35
[23:38:00] poll: elapsed=4265s freeGB=37.37
[23:39:00] poll: elapsed=4325s freeGB=37.36
[23:40:00] poll: elapsed=4385s freeGB=37.4
[23:41:00] poll: elapsed=4445s freeGB=37.42
[23:42:00] poll: elapsed=4505s freeGB=37.42
[23:43:00] poll: elapsed=4565s freeGB=37.37
[23:44:00] poll: elapsed=4625s freeGB=37.55
[23:45:00] poll: elapsed=4685s freeGB=37.38
[23:46:00] poll: elapsed=4745s freeGB=37.38
[23:47:00] poll: elapsed=4805s freeGB=37.36
[23:48:00] poll: elapsed=4866s freeGB=37.32
[23:49:00] poll: elapsed=4926s freeGB=37.26
[23:50:00] poll: elapsed=4986s freeGB=37.28
[23:51:00] poll: elapsed=5046s freeGB=37.41
[23:52:01] poll: elapsed=5106s freeGB=37.4
[23:53:01] poll: elapsed=5166s freeGB=37.36
[23:54:01] poll: elapsed=5226s freeGB=37.38
[23:55:01] poll: elapsed=5286s freeGB=37.38
[23:56:01] poll: elapsed=5346s freeGB=37.31
[23:57:01] poll: elapsed=5406s freeGB=37.34
[23:58:01] poll: elapsed=5466s freeGB=37.4
[23:59:01] poll: elapsed=5526s freeGB=37.39
[00:00:01] poll: elapsed=5586s freeGB=37.34
[00:01:01] poll: elapsed=5647s freeGB=37.35
[00:02:01] poll: elapsed=5707s freeGB=37.33
[00:03:01] poll: elapsed=5767s freeGB=37.32
[00:04:01] poll: elapsed=5827s freeGB=37.33
[00:05:02] poll: elapsed=5887s freeGB=37.33
[00:06:02] poll: elapsed=5947s freeGB=37.32
[00:07:02] poll: elapsed=6007s freeGB=37.32
[00:08:02] poll: elapsed=6067s freeGB=37.32
[00:09:02] poll: elapsed=6127s freeGB=37.31
[00:10:02] poll: elapsed=6187s freeGB=37.31
[00:11:02] poll: elapsed=6247s freeGB=37.37
[00:12:02] poll: elapsed=6307s freeGB=37.34
[00:13:02] poll: elapsed=6368s freeGB=37.34
[00:14:02] poll: elapsed=6428s freeGB=37.34
[00:15:02] poll: elapsed=6488s freeGB=37.33
[00:16:02] poll: elapsed=6548s freeGB=37.41
[00:17:03] poll: elapsed=6608s freeGB=37.4
[00:18:03] poll: elapsed=6668s freeGB=37.4
[00:19:03] poll: elapsed=6728s freeGB=37.39
[00:20:03] poll: elapsed=6788s freeGB=37.4
[00:21:03] poll: elapsed=6848s freeGB=37.39
[00:22:03] poll: elapsed=6908s freeGB=37.46
[00:23:03] poll: elapsed=6968s freeGB=37.34
[00:24:03] poll: elapsed=7028s freeGB=37.4
[00:25:03] poll: elapsed=7088s freeGB=37.41
[00:26:03] poll: elapsed=7148s freeGB=37.34
[00:27:03] poll: elapsed=7208s freeGB=37.36
[00:28:03] poll: elapsed=7269s freeGB=37.42
[00:29:03] poll: elapsed=7329s freeGB=37.4
[00:30:03] poll: elapsed=7389s freeGB=37.42
[00:31:03] poll: elapsed=7449s freeGB=37.41
[00:32:03] poll: elapsed=7509s freeGB=37.35
[00:33:04] poll: elapsed=7569s freeGB=37.37
[00:34:04] poll: elapsed=7629s freeGB=37.44
[00:35:04] poll: elapsed=7689s freeGB=37.43
[00:36:04] poll: elapsed=7749s freeGB=37.33
[00:37:04] poll: elapsed=7809s freeGB=37.39
[00:38:04] poll: elapsed=7869s freeGB=37.34
[00:39:04] poll: elapsed=7929s freeGB=37.34
[00:40:04] poll: elapsed=7989s freeGB=37.37
[00:41:04] poll: elapsed=8049s freeGB=37.4
[00:42:04] poll: elapsed=8110s freeGB=37.42
[00:43:04] poll: elapsed=8170s freeGB=37.4
[00:44:04] poll: elapsed=8230s freeGB=37.39
[00:45:04] poll: elapsed=8290s freeGB=37.4
[00:46:05] poll: elapsed=8350s freeGB=37.34
[00:47:05] poll: elapsed=8410s freeGB=37.38
[00:48:05] poll: elapsed=8470s freeGB=37.38
[00:49:05] poll: elapsed=8530s freeGB=37.37
[00:50:05] poll: elapsed=8590s freeGB=37.38
[00:51:05] poll: elapsed=8650s freeGB=37.33
[00:52:05] poll: elapsed=8710s freeGB=37.33
[00:53:05] poll: elapsed=8770s freeGB=37.34
[00:54:05] poll: elapsed=8830s freeGB=37.32
[00:55:05] poll: elapsed=8890s freeGB=37.35
[00:56:05] poll: elapsed=8951s freeGB=37.39
[00:57:05] poll: elapsed=9011s freeGB=37.36
[00:58:05] poll: elapsed=9071s freeGB=37.41
[00:59:05] poll: elapsed=9131s freeGB=37.32
[01:00:05] poll: elapsed=9191s freeGB=37.37
[01:01:05] poll: elapsed=9251s freeGB=37.41
[01:02:06] poll: elapsed=9311s freeGB=37.41
[01:03:06] poll: elapsed=9371s freeGB=37.35
[01:04:06] poll: elapsed=9431s freeGB=37.34
[01:05:06] poll: elapsed=9491s freeGB=37.36
[01:06:06] poll: elapsed=9551s freeGB=37.4
[01:07:06] poll: elapsed=9611s freeGB=37.35
[01:08:06] poll: elapsed=9671s freeGB=37.3
[01:09:06] poll: elapsed=9731s freeGB=37.28
[01:10:06] poll: elapsed=9791s freeGB=37.35
[01:11:06] poll: elapsed=9852s freeGB=37.36
[01:12:06] poll: elapsed=9912s freeGB=37.4
[01:13:06] poll: elapsed=9972s freeGB=37.37
[01:14:06] poll: elapsed=10032s freeGB=37.4
[01:15:07] poll: elapsed=10092s freeGB=37.37
[01:16:07] poll: elapsed=10152s freeGB=37.38
[01:17:07] poll: elapsed=10212s freeGB=37.38
[01:18:07] poll: elapsed=10272s freeGB=37.31
[01:19:07] poll: elapsed=10332s freeGB=37.32
[01:20:07] poll: elapsed=10392s freeGB=37.33
[01:21:07] poll: elapsed=10452s freeGB=37.32
[01:22:07] poll: elapsed=10512s freeGB=37.32
[01:23:07] poll: elapsed=10572s freeGB=37.32
[01:24:07] poll: elapsed=10632s freeGB=37.32
[01:25:07] poll: elapsed=10693s freeGB=37.31
[01:26:07] poll: elapsed=10753s freeGB=37.12
[01:27:07] poll: elapsed=10813s freeGB=37.17
[01:28:07] poll: elapsed=10873s freeGB=37.16
[01:29:07] poll: elapsed=10933s freeGB=37.16
[01:30:08] poll: elapsed=10993s freeGB=37.25
[01:31:08] poll: elapsed=11053s freeGB=37.13
[01:32:08] poll: elapsed=11113s freeGB=37.18
[01:33:08] poll: elapsed=11173s freeGB=37.12
[01:34:08] poll: elapsed=11233s freeGB=37.18
[01:35:08] poll: elapsed=11293s freeGB=37.12
[01:36:08] poll: elapsed=11353s freeGB=37.11
[01:37:08] poll: elapsed=11413s freeGB=37.12
[01:38:08] poll: elapsed=11473s freeGB=37.12
[01:39:08] poll: elapsed=11533s freeGB=37.13
[01:40:08] poll: elapsed=11594s freeGB=37.13
[01:41:08] poll: elapsed=11654s freeGB=37.19
[01:42:08] poll: elapsed=11714s freeGB=37.09
[01:43:08] poll: elapsed=11774s freeGB=37.13
[01:44:09] poll: elapsed=11834s freeGB=37.18
[01:45:09] poll: elapsed=11894s freeGB=37.18
[01:46:09] poll: elapsed=11954s freeGB=37.12
[01:47:09] poll: elapsed=12014s freeGB=37.16
[01:48:09] poll: elapsed=12074s freeGB=37.21
[01:49:09] poll: elapsed=12134s freeGB=37.16
[01:50:09] poll: elapsed=12194s freeGB=37.17
[01:51:09] poll: elapsed=12254s freeGB=37.16
[01:52:09] poll: elapsed=12314s freeGB=37.22
[01:53:09] poll: elapsed=12375s freeGB=37.08
[01:54:09] poll: elapsed=12435s freeGB=37.09
[01:55:09] poll: elapsed=12495s freeGB=37.11
[01:56:09] poll: elapsed=12555s freeGB=37.29
[01:57:10] poll: elapsed=12615s freeGB=37.15
[01:58:10] poll: elapsed=12675s freeGB=37.14
[01:59:10] poll: elapsed=12735s freeGB=37.14
[02:00:10] poll: elapsed=12795s freeGB=37.11
[02:01:10] poll: elapsed=12855s freeGB=37.21
[02:02:10] poll: elapsed=12915s freeGB=37.36
[02:03:10] poll: elapsed=12975s freeGB=37.13
[02:04:10] poll: elapsed=13035s freeGB=37.15
[02:05:10] poll: elapsed=13095s freeGB=37.2
[02:06:10] poll: elapsed=13155s freeGB=37.19
[02:07:10] poll: elapsed=13216s freeGB=37.14
[02:08:10] poll: elapsed=13276s freeGB=37.15
[02:09:10] poll: elapsed=13336s freeGB=37.14
[02:10:10] poll: elapsed=13396s freeGB=37.19
[02:11:10] poll: elapsed=13456s freeGB=37.15
[02:12:11] poll: elapsed=13516s freeGB=37.2
[02:13:11] poll: elapsed=13576s freeGB=37.19
[02:14:11] poll: elapsed=13636s freeGB=37.18
[02:15:11] poll: elapsed=13696s freeGB=37.19
[02:16:11] poll: elapsed=13756s freeGB=37.18
[02:17:11] poll: elapsed=13816s freeGB=37.12
[02:18:11] poll: elapsed=13876s freeGB=37.11
[02:19:11] poll: elapsed=13936s freeGB=37.12
[02:20:11] poll: elapsed=13996s freeGB=37.13
[02:21:11] poll: elapsed=14057s freeGB=37.2
[02:22:11] poll: elapsed=14117s freeGB=37.13
[02:23:11] poll: elapsed=14177s freeGB=37.19
[02:24:11] poll: elapsed=14237s freeGB=37.33
[02:25:11] poll: elapsed=14297s freeGB=37.18
[02:26:12] poll: elapsed=14357s freeGB=37.17
[02:27:12] poll: elapsed=14417s freeGB=37.18
[02:28:12] poll: elapsed=14477s freeGB=37.17
[02:29:12] poll: elapsed=14537s freeGB=37.12
[02:30:12] poll: elapsed=14597s freeGB=37.12
[02:31:12] poll: elapsed=14657s freeGB=37.12
[02:32:12] poll: elapsed=14717s freeGB=37.16
[02:33:12] poll: elapsed=14777s freeGB=37.12
[02:34:12] poll: elapsed=14837s freeGB=37.16
[02:35:12] poll: elapsed=14897s freeGB=37.16
[02:36:12] poll: elapsed=14958s freeGB=37.15
[02:37:12] poll: elapsed=15018s freeGB=37.16
[02:38:12] poll: elapsed=15078s freeGB=37.17
[02:39:12] poll: elapsed=15138s freeGB=37.16
[02:40:12] poll: elapsed=15198s freeGB=37.15
[02:41:13] poll: elapsed=15258s freeGB=37.11
[02:42:13] poll: elapsed=15318s freeGB=37.15
[02:43:13] poll: elapsed=15378s freeGB=37.15
[02:44:13] poll: elapsed=15438s freeGB=37.17
[02:45:13] poll: elapsed=15498s freeGB=37.05
[02:46:13] poll: elapsed=15558s freeGB=37.04
[02:47:13] poll: elapsed=15618s freeGB=37.24
[02:48:13] poll: elapsed=15678s freeGB=37.15
[02:49:13] poll: elapsed=15738s freeGB=37.09
[02:50:13] poll: elapsed=15799s freeGB=37.08
[02:51:13] poll: elapsed=15859s freeGB=37.09
[02:52:13] poll: elapsed=15919s freeGB=37.14
[02:53:13] poll: elapsed=15979s freeGB=37.07
[02:54:13] poll: elapsed=16039s freeGB=37.08
[02:55:14] poll: elapsed=16099s freeGB=37.22
[02:56:14] poll: elapsed=16159s freeGB=37.1
[02:57:14] poll: elapsed=16219s freeGB=37.12
[02:58:14] poll: elapsed=16279s freeGB=37.16
[02:59:14] poll: elapsed=16339s freeGB=37.15
[03:00:14] poll: elapsed=16399s freeGB=37.15
[03:01:14] poll: elapsed=16459s freeGB=37.16
[03:02:14] poll: elapsed=16519s freeGB=37.1
[03:03:14] poll: elapsed=16579s freeGB=37.03
[03:04:14] poll: elapsed=16639s freeGB=37.04
[03:05:14] poll: elapsed=16700s freeGB=37.15
[03:06:14] poll: elapsed=16760s freeGB=37.22
[03:07:14] poll: elapsed=16820s freeGB=37.1
[03:08:14] poll: elapsed=16880s freeGB=37.1
[03:09:14] poll: elapsed=16940s freeGB=37.11
[03:10:15] poll: elapsed=17000s freeGB=37.16
[03:11:15] poll: elapsed=17060s freeGB=37.16
[03:12:15] poll: elapsed=17120s freeGB=37.16
[03:13:15] poll: elapsed=17180s freeGB=37.11
[03:14:15] poll: elapsed=17240s freeGB=37.09
[03:15:15] poll: elapsed=17300s freeGB=37.1
[03:16:15] poll: elapsed=17360s freeGB=37.16
[03:17:15] poll: elapsed=17420s freeGB=37.19
[03:18:15] poll: elapsed=17480s freeGB=37.08
[03:19:15] poll: elapsed=17541s freeGB=37.13
[03:20:15] poll: elapsed=17601s freeGB=37.08
[03:21:15] poll: elapsed=17661s freeGB=37.23
[03:22:15] poll: elapsed=17721s freeGB=37.09
[03:23:15] poll: elapsed=17781s freeGB=37.13
[03:24:16] poll: elapsed=17841s freeGB=37.14
[03:25:16] poll: elapsed=17901s freeGB=37.13
[03:26:16] poll: elapsed=17961s freeGB=37.13
[03:27:16] poll: elapsed=18021s freeGB=37.14
[03:28:16] poll: elapsed=18081s freeGB=37.13
[03:29:16] poll: elapsed=18141s freeGB=37.2
[03:30:16] poll: elapsed=18201s freeGB=37.09
[03:31:16] poll: elapsed=18261s freeGB=37.09
[03:32:16] poll: elapsed=18321s freeGB=37.13
[03:33:16] poll: elapsed=18381s freeGB=37.11
[03:34:16] poll: elapsed=18442s freeGB=37.12
[03:35:16] poll: elapsed=18502s freeGB=37.08
[03:36:16] poll: elapsed=18562s freeGB=36.94
[03:37:16] poll: elapsed=18622s freeGB=36.77
[03:38:16] poll: elapsed=18682s freeGB=36.92
[03:39:17] poll: elapsed=18742s freeGB=36.99
[03:40:17] poll: elapsed=18802s freeGB=37.06
[03:41:17] poll: elapsed=18862s freeGB=36.94
[03:42:17] poll: elapsed=18922s freeGB=36.95
[03:43:17] poll: elapsed=18982s freeGB=36.98
[03:44:17] poll: elapsed=19042s freeGB=36.98
[03:45:17] poll: elapsed=19102s freeGB=36.99
[03:46:17] poll: elapsed=19162s freeGB=36.99
[03:47:17] poll: elapsed=19223s freeGB=37.01
[03:48:17] poll: elapsed=19283s freeGB=36.99
[03:49:17] poll: elapsed=19343s freeGB=36.95
[03:50:17] poll: elapsed=19403s freeGB=36.94
[03:51:17] poll: elapsed=19463s freeGB=37.03
[03:52:18] poll: elapsed=19523s freeGB=36.9
[03:53:18] poll: elapsed=19583s freeGB=36.99
[03:54:18] poll: elapsed=19643s freeGB=36.99
[03:55:18] poll: elapsed=19703s freeGB=37
[03:56:18] poll: elapsed=19763s freeGB=36.97
[03:57:18] poll: elapsed=19823s freeGB=36.94
[03:58:18] poll: elapsed=19883s freeGB=36.95
[03:59:18] poll: elapsed=19943s freeGB=36.94
[04:00:18] poll: elapsed=20003s freeGB=37.02
[04:01:18] poll: elapsed=20063s freeGB=37.01
[04:02:18] poll: elapsed=20124s freeGB=37.16
[04:03:18] poll: elapsed=20184s freeGB=36.93
[04:04:18] poll: elapsed=20244s freeGB=37.07
[04:05:18] poll: elapsed=20304s freeGB=36.95
[04:06:18] poll: elapsed=20364s freeGB=36.99
[04:07:19] poll: elapsed=20424s freeGB=36.99
[04:08:19] poll: elapsed=20484s freeGB=36.99
[04:09:19] poll: elapsed=20544s freeGB=36.96
[04:10:19] poll: elapsed=20604s freeGB=36.95
[04:11:19] poll: elapsed=20664s freeGB=36.95
[04:12:19] poll: elapsed=20724s freeGB=36.99
[04:13:19] poll: elapsed=20784s freeGB=36.98
[04:14:19] poll: elapsed=20844s freeGB=36.99
[04:15:19] poll: elapsed=20904s freeGB=37.06
[04:16:19] poll: elapsed=20965s freeGB=36.95
[04:17:19] poll: elapsed=21025s freeGB=36.97
[04:18:19] poll: elapsed=21085s freeGB=36.97
[04:19:19] poll: elapsed=21145s freeGB=36.97
[04:20:20] poll: elapsed=21205s freeGB=36.93
[04:21:20] poll: elapsed=21265s freeGB=36.93
[04:22:20] poll: elapsed=21325s freeGB=36.93
[04:23:20] poll: elapsed=21385s freeGB=36.93
[04:24:20] poll: elapsed=21445s freeGB=36.92
[04:25:20] poll: elapsed=21505s freeGB=36.93
[04:26:20] poll: elapsed=21565s freeGB=37.05
[04:27:20] poll: elapsed=21625s freeGB=36.89
[04:27:20] Attempt exceeded 21600 s wall-clock -- killing and restarting.
[04:27:23] Launching MATLAB (attempt 2) [-r]
[04:28:23] poll: elapsed=60s freeGB=37.42
[04:29:23] poll: elapsed=120s freeGB=37.48
[04:30:23] poll: elapsed=180s freeGB=37.48
[04:31:23] poll: elapsed=240s freeGB=37.49
[04:32:23] poll: elapsed=300s freeGB=37.33
[04:33:23] poll: elapsed=360s freeGB=37.37
[04:34:24] poll: elapsed=420s freeGB=37.4
[04:35:24] poll: elapsed=480s freeGB=37.41
[04:36:24] poll: elapsed=541s freeGB=37.43
[04:37:24] poll: elapsed=601s freeGB=37.55
[04:38:24] poll: elapsed=661s freeGB=37.48
[04:39:24] poll: elapsed=721s freeGB=37.54
[04:40:24] poll: elapsed=781s freeGB=37.56
[04:41:24] poll: elapsed=841s freeGB=37.59
[04:42:24] poll: elapsed=901s freeGB=37.59
[04:43:24] poll: elapsed=961s freeGB=37.58
[04:44:24] poll: elapsed=1021s freeGB=37.59
[04:45:24] poll: elapsed=1081s freeGB=37.6
[04:46:24] poll: elapsed=1141s freeGB=37.54
[04:47:24] poll: elapsed=1201s freeGB=37.74
[04:48:25] poll: elapsed=1261s freeGB=37.82
[04:49:25] poll: elapsed=1321s freeGB=37.71
[04:50:25] poll: elapsed=1382s freeGB=37.76
[04:51:25] poll: elapsed=1442s freeGB=37.78
[04:52:25] poll: elapsed=1502s freeGB=37.75
[04:53:25] poll: elapsed=1562s freeGB=37.77
[04:54:25] poll: elapsed=1622s freeGB=37.78
[04:55:25] poll: elapsed=1682s freeGB=37.76
[04:56:25] poll: elapsed=1742s freeGB=37.79
[04:57:25] poll: elapsed=1802s freeGB=37.81
[04:58:25] poll: elapsed=1862s freeGB=37.81
[04:59:25] poll: elapsed=1922s freeGB=37.89
[05:00:25] poll: elapsed=1982s freeGB=37.78
[05:01:25] poll: elapsed=2042s freeGB=37.84
[05:02:25] poll: elapsed=2102s freeGB=37.83
[05:03:25] poll: elapsed=2162s freeGB=37.77
[05:04:26] poll: elapsed=2222s freeGB=37.82
[05:05:26] poll: elapsed=2282s freeGB=37.83
[05:06:26] poll: elapsed=2343s freeGB=37.84
[05:07:26] poll: elapsed=2403s freeGB=37.83
[05:08:26] poll: elapsed=2463s freeGB=37.84
[05:09:26] poll: elapsed=2523s freeGB=37.85
[05:10:26] poll: elapsed=2583s freeGB=37.86
[05:11:26] poll: elapsed=2643s freeGB=37.95
[05:12:26] poll: elapsed=2703s freeGB=37.83
[05:13:26] poll: elapsed=2763s freeGB=37.88
[05:14:26] poll: elapsed=2823s freeGB=37.88
[05:15:26] poll: elapsed=2883s freeGB=37.89
[05:16:26] poll: elapsed=2943s freeGB=37.9
[05:17:26] poll: elapsed=3003s freeGB=37.86
[05:18:26] poll: elapsed=3063s freeGB=37.86
[05:19:26] poll: elapsed=3123s freeGB=37.89
[05:20:27] poll: elapsed=3183s freeGB=37.97
[05:21:27] poll: elapsed=3244s freeGB=38.02
[05:22:27] poll: elapsed=3304s freeGB=38.01
[05:23:27] poll: elapsed=3364s freeGB=38.01
[05:24:27] poll: elapsed=3424s freeGB=38.02
[05:25:27] poll: elapsed=3484s freeGB=38.04
[05:26:27] poll: elapsed=3544s freeGB=38.06
[05:27:27] poll: elapsed=3604s freeGB=38.08
[05:28:27] poll: elapsed=3664s freeGB=38.2
[05:29:27] poll: elapsed=3724s freeGB=38.13
[05:30:27] poll: elapsed=3784s freeGB=38.21
[05:31:27] poll: elapsed=3844s freeGB=38.19
[05:32:27] poll: elapsed=3904s freeGB=38.21
[05:33:27] poll: elapsed=3964s freeGB=38.21
[05:34:27] poll: elapsed=4024s freeGB=38.21
[05:35:28] poll: elapsed=4084s freeGB=38.21
[05:36:28] poll: elapsed=4145s freeGB=38.16
[05:37:28] poll: elapsed=4205s freeGB=38.18
[05:38:28] poll: elapsed=4265s freeGB=38.18
[05:39:28] poll: elapsed=4325s freeGB=38.23
[05:40:28] poll: elapsed=4385s freeGB=38.11
[05:41:28] poll: elapsed=4445s freeGB=38.19
[05:42:28] poll: elapsed=4505s freeGB=38.18
[05:43:28] poll: elapsed=4565s freeGB=38.17
[05:44:28] poll: elapsed=4625s freeGB=38.17
[05:45:28] poll: elapsed=4685s freeGB=38.17
[05:46:28] poll: elapsed=4745s freeGB=38.17
[05:47:29] poll: elapsed=4805s freeGB=38.17
[05:48:29] poll: elapsed=4865s freeGB=38.17
[05:49:29] poll: elapsed=4926s freeGB=38.17
[05:50:29] poll: elapsed=4986s freeGB=38.24
[05:51:29] poll: elapsed=5046s freeGB=38.13
[05:52:29] poll: elapsed=5106s freeGB=38.16
[05:53:29] poll: elapsed=5166s freeGB=38.17
[05:54:29] poll: elapsed=5226s freeGB=38.17
[05:55:29] poll: elapsed=5286s freeGB=38.14
[05:56:29] poll: elapsed=5346s freeGB=38.17
[05:57:29] poll: elapsed=5406s freeGB=38.17
[05:58:29] poll: elapsed=5466s freeGB=38.17
[05:59:30] poll: elapsed=5526s freeGB=38.18
[06:00:30] poll: elapsed=5587s freeGB=38.18
[06:01:30] poll: elapsed=5647s freeGB=38.18
[06:02:30] poll: elapsed=5707s freeGB=38.2
[06:03:30] poll: elapsed=5767s freeGB=38.13
[06:04:30] poll: elapsed=5827s freeGB=38.13
[06:05:30] poll: elapsed=5887s freeGB=38.18
[06:06:30] poll: elapsed=5947s freeGB=38.18
[06:07:30] poll: elapsed=6007s freeGB=38.18
[06:08:30] poll: elapsed=6067s freeGB=38.18
[06:09:30] poll: elapsed=6127s freeGB=38.16
[06:10:30] poll: elapsed=6187s freeGB=38.17
[06:11:31] poll: elapsed=6247s freeGB=38.18
[06:12:31] poll: elapsed=6308s freeGB=38.18
[06:13:31] poll: elapsed=6368s freeGB=38.18
[06:14:31] poll: elapsed=6428s freeGB=38.18
[06:15:31] poll: elapsed=6488s freeGB=38.14
[06:16:31] poll: elapsed=6548s freeGB=38.19
[06:17:31] poll: elapsed=6608s freeGB=38.18
[06:18:31] poll: elapsed=6668s freeGB=38.17
[06:19:31] poll: elapsed=6728s freeGB=38.17
[06:20:31] poll: elapsed=6788s freeGB=38.17
[06:21:31] poll: elapsed=6848s freeGB=38.18
[06:22:31] poll: elapsed=6908s freeGB=38.17
[06:23:31] poll: elapsed=6968s freeGB=38.16
[06:24:32] poll: elapsed=7028s freeGB=38.17
[06:25:32] poll: elapsed=7089s freeGB=38.09
[06:26:32] poll: elapsed=7149s freeGB=38.13
[06:27:32] poll: elapsed=7209s freeGB=38.16
[06:28:32] poll: elapsed=7269s freeGB=38.17
[06:29:32] poll: elapsed=7329s freeGB=38.16
[06:30:32] poll: elapsed=7389s freeGB=38.16
[06:31:32] poll: elapsed=7449s freeGB=38.17
[06:32:32] poll: elapsed=7509s freeGB=38.13
[06:33:32] poll: elapsed=7569s freeGB=38.03
[06:34:32] poll: elapsed=7629s freeGB=38.1
[06:35:32] poll: elapsed=7689s freeGB=38.13
[06:36:32] poll: elapsed=7749s freeGB=38.05
[06:37:32] poll: elapsed=7809s freeGB=38.13
[06:38:33] poll: elapsed=7869s freeGB=38.14
[06:39:33] poll: elapsed=7930s freeGB=38.08
[06:40:33] poll: elapsed=7990s freeGB=38.12
[06:41:33] poll: elapsed=8050s freeGB=38.18
[06:42:33] poll: elapsed=8110s freeGB=37.09
[06:43:33] poll: elapsed=8170s freeGB=37.49
[06:44:33] poll: elapsed=8230s freeGB=37.49
[06:45:33] poll: elapsed=8290s freeGB=37.56
[06:46:33] poll: elapsed=8350s freeGB=37.57
[06:47:33] poll: elapsed=8410s freeGB=37.57
[06:48:33] poll: elapsed=8470s freeGB=37.6
[06:49:33] poll: elapsed=8530s freeGB=37.61
[06:50:33] poll: elapsed=8590s freeGB=37.61
[06:51:33] poll: elapsed=8650s freeGB=37.3
[06:52:34] poll: elapsed=8710s freeGB=37.3
[06:53:34] poll: elapsed=8771s freeGB=37.26
[06:54:34] MATLAB process ended without success marker (crashed/errored) -- will relaunch.
[06:54:37] Launching MATLAB (attempt 3) [-r]
[06:55:37] poll: elapsed=60s freeGB=36.89
[06:56:37] poll: elapsed=120s freeGB=36.98
[07:08:45] === watchdog_run start (run_paper.m) ===
[07:08:51] Restored .sdb from pristine baseline before this attempt.
[07:08:51] Launching MATLAB (attempt 1) [-r]
[07:09:51] poll: elapsed=60s freeGB=36.77
[07:10:51] poll: elapsed=120s freeGB=36.56
[07:11:51] poll: elapsed=180s freeGB=36.63
[07:12:51] poll: elapsed=241s freeGB=36.75
[07:13:51] poll: elapsed=301s freeGB=36.74
[07:14:51] poll: elapsed=361s freeGB=36.67
[07:15:52] poll: elapsed=421s freeGB=36.75
[07:16:52] poll: elapsed=481s freeGB=36.72
[07:17:52] poll: elapsed=541s freeGB=36.63
[07:18:52] poll: elapsed=601s freeGB=36.63
[07:19:52] poll: elapsed=661s freeGB=36.72
[07:20:52] poll: elapsed=721s freeGB=36.73
[07:21:52] poll: elapsed=781s freeGB=36.73
[07:22:52] poll: elapsed=841s freeGB=36.7
[07:23:52] poll: elapsed=901s freeGB=36.71
[07:24:52] poll: elapsed=961s freeGB=36.64
[07:25:52] poll: elapsed=1021s freeGB=36.61
[07:26:52] poll: elapsed=1082s freeGB=36.62
[07:27:52] poll: elapsed=1142s freeGB=36.69
[07:28:52] poll: elapsed=1202s freeGB=36.62
[07:29:52] poll: elapsed=1262s freeGB=36.58
[07:30:53] poll: elapsed=1322s freeGB=36.62
[07:31:53] poll: elapsed=1382s freeGB=36.63
[07:32:53] poll: elapsed=1442s freeGB=36.64
[07:33:53] poll: elapsed=1502s freeGB=36.68
[07:34:53] poll: elapsed=1562s freeGB=36.68
[07:35:53] poll: elapsed=1622s freeGB=36.66
[07:36:53] poll: elapsed=1682s freeGB=36.66
[07:37:53] poll: elapsed=1742s freeGB=36.68
[07:38:53] poll: elapsed=1802s freeGB=36.68
[07:39:53] poll: elapsed=1862s freeGB=36.6
[07:40:53] poll: elapsed=1922s freeGB=36.62
[07:41:53] poll: elapsed=1983s freeGB=36.68
[07:42:53] poll: elapsed=2043s freeGB=36.66
[07:43:54] poll: elapsed=2103s freeGB=36.66
[07:44:54] poll: elapsed=2163s freeGB=36.66
[07:45:54] poll: elapsed=2223s freeGB=36.67
[07:46:54] poll: elapsed=2283s freeGB=36.62
[07:47:54] poll: elapsed=2343s freeGB=36.59
[07:48:54] poll: elapsed=2403s freeGB=36.65
[07:49:54] poll: elapsed=2463s freeGB=36.66
[07:50:54] poll: elapsed=2523s freeGB=36.58
[07:51:54] poll: elapsed=2583s freeGB=36.66
[07:52:54] poll: elapsed=2643s freeGB=36.62
[07:53:54] poll: elapsed=2703s freeGB=36.59
[07:54:54] poll: elapsed=2764s freeGB=36.56
[07:55:54] poll: elapsed=2824s freeGB=36.65
[07:56:54] poll: elapsed=2884s freeGB=36.66
[07:57:54] poll: elapsed=2944s freeGB=36.63
[07:58:55] poll: elapsed=3004s freeGB=36.64
[07:59:55] poll: elapsed=3064s freeGB=36.61
[08:00:55] poll: elapsed=3124s freeGB=36.6
[08:01:55] poll: elapsed=3184s freeGB=36.53
[08:02:55] poll: elapsed=3244s freeGB=36.59
[08:03:55] poll: elapsed=3304s freeGB=36.6
[08:04:55] poll: elapsed=3364s freeGB=36.6
[08:05:55] poll: elapsed=3424s freeGB=36.66
[08:06:55] poll: elapsed=3484s freeGB=36.64
[08:07:55] poll: elapsed=3544s freeGB=36.65
[08:08:55] poll: elapsed=3604s freeGB=36.64
[08:09:55] poll: elapsed=3665s freeGB=36.63
[08:10:55] poll: elapsed=3725s freeGB=36.64
[08:11:55] poll: elapsed=3785s freeGB=36.59
[08:12:56] poll: elapsed=3845s freeGB=36.51
[08:13:56] poll: elapsed=3905s freeGB=36.52
[08:14:56] poll: elapsed=3965s freeGB=36.63
[08:15:56] poll: elapsed=4025s freeGB=36.61
[08:16:56] poll: elapsed=4085s freeGB=36.61
[08:17:56] poll: elapsed=4145s freeGB=36.55
[08:18:56] poll: elapsed=4205s freeGB=36.56
[08:19:56] poll: elapsed=4265s freeGB=36.59
[08:20:56] poll: elapsed=4325s freeGB=36.74
[08:21:56] poll: elapsed=4385s freeGB=36.6
[08:22:56] poll: elapsed=4445s freeGB=36.62
[08:23:56] poll: elapsed=4506s freeGB=36.61
[08:24:56] poll: elapsed=4566s freeGB=36.54
[08:25:56] poll: elapsed=4626s freeGB=36.55
[08:26:56] poll: elapsed=4686s freeGB=36.58
[08:27:57] poll: elapsed=4746s freeGB=36.6
[08:28:57] poll: elapsed=4806s freeGB=36.65
[08:29:57] poll: elapsed=4866s freeGB=36.63
[08:30:57] poll: elapsed=4926s freeGB=36.62
[08:31:57] poll: elapsed=4986s freeGB=36.58
[08:32:57] poll: elapsed=5046s freeGB=36.56
[08:33:57] poll: elapsed=5106s freeGB=36.62
[08:34:57] poll: elapsed=5166s freeGB=36.62
[08:35:57] poll: elapsed=5226s freeGB=36.59
[08:36:57] poll: elapsed=5286s freeGB=36.49
[08:37:57] poll: elapsed=5346s freeGB=36.52
[08:38:57] poll: elapsed=5407s freeGB=36.61
[08:39:57] poll: elapsed=5467s freeGB=36.6
[08:40:57] poll: elapsed=5527s freeGB=36.55
[08:41:58] poll: elapsed=5587s freeGB=36.56
[08:42:58] poll: elapsed=5647s freeGB=36.61
[08:43:58] poll: elapsed=5707s freeGB=36.59
[08:44:58] poll: elapsed=5767s freeGB=36.54
[08:45:58] poll: elapsed=5827s freeGB=36.54
[08:46:58] poll: elapsed=5887s freeGB=36.54
[08:47:58] poll: elapsed=5947s freeGB=36.54
[08:48:58] poll: elapsed=6007s freeGB=36.56
[08:49:58] poll: elapsed=6067s freeGB=36.61
[08:50:58] poll: elapsed=6127s freeGB=36.59
[08:51:58] poll: elapsed=6187s freeGB=36.58
[08:52:58] poll: elapsed=6248s freeGB=36.54
[08:53:58] poll: elapsed=6308s freeGB=36.56
[08:54:58] poll: elapsed=6368s freeGB=36.6
[08:55:59] poll: elapsed=6428s freeGB=36.54
[08:56:59] poll: elapsed=6488s freeGB=36.53
[08:57:59] poll: elapsed=6548s freeGB=36.53
[08:58:59] poll: elapsed=6608s freeGB=36.47
[08:59:59] poll: elapsed=6668s freeGB=36.54
[09:00:59] poll: elapsed=6728s freeGB=36.6
[09:01:59] poll: elapsed=6788s freeGB=36.58
[09:02:59] poll: elapsed=6848s freeGB=36.57
[09:03:59] poll: elapsed=6908s freeGB=36.49
[09:04:59] poll: elapsed=6968s freeGB=36.48
[09:05:59] poll: elapsed=7028s freeGB=36.5
[09:06:59] poll: elapsed=7088s freeGB=36.6
[09:07:59] poll: elapsed=7149s freeGB=36.59
[09:08:59] poll: elapsed=7209s freeGB=36.55
[09:10:00] poll: elapsed=7269s freeGB=36.48
[09:11:00] poll: elapsed=7329s freeGB=36.55
[09:12:00] poll: elapsed=7389s freeGB=36.58
[09:13:00] poll: elapsed=7449s freeGB=36.57
[09:14:00] poll: elapsed=7509s freeGB=36.59
[09:15:00] poll: elapsed=7569s freeGB=36.58
[09:16:00] poll: elapsed=7629s freeGB=36.53
[09:17:00] poll: elapsed=7689s freeGB=36.49
[09:18:00] poll: elapsed=7749s freeGB=36.56
[09:19:00] poll: elapsed=7809s freeGB=36.55
[09:20:00] poll: elapsed=7869s freeGB=36.55
[09:21:00] poll: elapsed=7930s freeGB=36.45
[09:22:00] poll: elapsed=7990s freeGB=36.54
[09:23:00] poll: elapsed=8050s freeGB=36.58
[09:24:00] poll: elapsed=8110s freeGB=36.58
[09:25:01] poll: elapsed=8170s freeGB=36.57
[09:26:01] poll: elapsed=8230s freeGB=36.5
[09:27:01] poll: elapsed=8290s freeGB=36.53
[09:28:01] poll: elapsed=8350s freeGB=36.5
[09:29:01] poll: elapsed=8410s freeGB=36.48
[09:30:01] poll: elapsed=8470s freeGB=36.58
[09:31:01] poll: elapsed=8530s freeGB=36.58
[09:32:01] poll: elapsed=8590s freeGB=36.45
[09:33:01] poll: elapsed=8650s freeGB=36.58
[09:34:01] poll: elapsed=8710s freeGB=36.57
[09:35:01] poll: elapsed=8770s freeGB=36.58
[09:36:01] poll: elapsed=8831s freeGB=36.57
[09:37:01] poll: elapsed=8891s freeGB=36.54
[09:38:01] poll: elapsed=8951s freeGB=36.52
[09:39:02] poll: elapsed=9011s freeGB=36.57
[09:40:02] poll: elapsed=9071s freeGB=36.59
[09:41:02] poll: elapsed=9131s freeGB=36.6
[09:42:02] poll: elapsed=9191s freeGB=36.58
[09:43:02] poll: elapsed=9251s freeGB=36.56
[09:44:02] poll: elapsed=9311s freeGB=36.63
[09:45:02] poll: elapsed=9371s freeGB=36.54
[09:46:02] poll: elapsed=9431s freeGB=36.51
[09:47:02] poll: elapsed=9491s freeGB=36.53
[09:48:02] poll: elapsed=9551s freeGB=36.5
[09:49:02] poll: elapsed=9612s freeGB=36.56
[09:50:02] poll: elapsed=9672s freeGB=36.57
[09:51:02] poll: elapsed=9732s freeGB=36.58
[09:52:02] poll: elapsed=9792s freeGB=36.57
[09:53:03] poll: elapsed=9852s freeGB=36.53
[09:54:03] poll: elapsed=9912s freeGB=36.52
[09:55:03] poll: elapsed=9972s freeGB=36.51
[09:56:03] poll: elapsed=10032s freeGB=36.51
[09:57:03] poll: elapsed=10092s freeGB=36.57
[09:58:03] poll: elapsed=10152s freeGB=36.56
[09:59:03] poll: elapsed=10212s freeGB=36.52
[10:00:03] poll: elapsed=10272s freeGB=36.57
[10:01:03] poll: elapsed=10332s freeGB=36.53
[10:02:03] poll: elapsed=10392s freeGB=36.5
[10:03:03] poll: elapsed=10453s freeGB=36.49
[10:04:03] poll: elapsed=10513s freeGB=36.66
[10:05:03] poll: elapsed=10573s freeGB=36.56
[10:06:04] poll: elapsed=10633s freeGB=36.5
[10:07:04] poll: elapsed=10693s freeGB=36.47
[10:08:04] poll: elapsed=10753s freeGB=36.58
[10:09:04] poll: elapsed=10813s freeGB=36.56
[10:10:04] poll: elapsed=10873s freeGB=36.58
[10:11:04] poll: elapsed=10933s freeGB=36.57
[10:12:04] poll: elapsed=10993s freeGB=36.52
[10:13:04] poll: elapsed=11053s freeGB=36.5
[10:14:04] poll: elapsed=11113s freeGB=36.46
[10:15:04] poll: elapsed=11173s freeGB=36.56
[10:16:04] poll: elapsed=11233s freeGB=36.55
[10:17:04] poll: elapsed=11294s freeGB=36.55
[10:18:04] poll: elapsed=11354s freeGB=36.52
[10:19:05] poll: elapsed=11414s freeGB=36.44
[10:20:05] poll: elapsed=11474s freeGB=36.51
[10:21:05] poll: elapsed=11534s freeGB=36.57
[10:22:05] poll: elapsed=11594s freeGB=36.57
[10:23:05] poll: elapsed=11654s freeGB=36.52
[10:24:05] poll: elapsed=11714s freeGB=36.52
[10:25:05] poll: elapsed=11774s freeGB=36.64
[10:26:05] poll: elapsed=11834s freeGB=36.36
[10:27:05] poll: elapsed=11894s freeGB=36.38
[10:28:05] poll: elapsed=11954s freeGB=36.31
[10:29:05] poll: elapsed=12014s freeGB=36.3
[10:30:05] poll: elapsed=12074s freeGB=36.39
[10:31:05] poll: elapsed=12135s freeGB=36.35
[10:32:05] poll: elapsed=12195s freeGB=36.33
[10:33:05] poll: elapsed=12255s freeGB=36.36
[10:34:06] poll: elapsed=12315s freeGB=36.32
[10:35:06] poll: elapsed=12375s freeGB=36.37
[10:36:06] poll: elapsed=12435s freeGB=36.42
[10:37:06] poll: elapsed=12495s freeGB=36.32
[10:38:06] poll: elapsed=12555s freeGB=36.27
[10:39:06] poll: elapsed=12615s freeGB=36.31
[10:40:06] poll: elapsed=12675s freeGB=36.4
[10:41:06] poll: elapsed=12735s freeGB=36.43
[10:42:06] poll: elapsed=12795s freeGB=36.41
[10:43:06] poll: elapsed=12855s freeGB=36.29
[10:44:06] poll: elapsed=12915s freeGB=36.31
[10:45:06] poll: elapsed=12976s freeGB=36.38
[10:46:06] poll: elapsed=13036s freeGB=36.37
[10:47:06] poll: elapsed=13096s freeGB=36.41
[10:48:07] poll: elapsed=13156s freeGB=36.57
[10:49:07] poll: elapsed=13216s freeGB=36.39
[10:50:07] poll: elapsed=13276s freeGB=36.4
[10:51:07] poll: elapsed=13336s freeGB=36.4
[10:52:07] poll: elapsed=13396s freeGB=36.5
[10:53:07] poll: elapsed=13456s freeGB=36.36
[10:54:07] poll: elapsed=13516s freeGB=36.33
[10:55:07] poll: elapsed=13576s freeGB=36.31
[10:56:07] poll: elapsed=13636s freeGB=36.37
[10:57:07] poll: elapsed=13696s freeGB=36.39
[10:58:07] poll: elapsed=13756s freeGB=36.51
[10:59:07] poll: elapsed=13817s freeGB=36.33
[11:00:07] poll: elapsed=13877s freeGB=36.4
[11:01:07] poll: elapsed=13937s freeGB=36.39
[11:02:08] poll: elapsed=13997s freeGB=36.39
[11:03:08] poll: elapsed=14057s freeGB=36.31
[11:04:08] poll: elapsed=14117s freeGB=36.35
[11:05:08] poll: elapsed=14177s freeGB=36.34
[11:06:08] poll: elapsed=14237s freeGB=36.4
[11:07:08] poll: elapsed=14297s freeGB=36.36
[11:08:08] poll: elapsed=14357s freeGB=36.35
[11:09:08] poll: elapsed=14417s freeGB=36.42
[11:10:08] poll: elapsed=14477s freeGB=36.4
[11:11:08] poll: elapsed=14537s freeGB=36.4
[11:12:08] poll: elapsed=14598s freeGB=36.35
[11:13:08] poll: elapsed=14658s freeGB=36.37
[11:14:08] poll: elapsed=14718s freeGB=36.34
[11:15:09] poll: elapsed=14778s freeGB=36.4
[11:16:09] poll: elapsed=14838s freeGB=36.41
[11:17:09] poll: elapsed=14898s freeGB=36.39
[11:18:09] poll: elapsed=14958s freeGB=36.34
[11:19:09] poll: elapsed=15018s freeGB=36.29
[11:20:09] poll: elapsed=15078s freeGB=36.29
[11:21:09] poll: elapsed=15138s freeGB=36.4
[11:22:09] poll: elapsed=15198s freeGB=36.4
[11:23:09] poll: elapsed=15258s freeGB=36.39
[11:24:09] poll: elapsed=15318s freeGB=36.39
[11:25:09] poll: elapsed=15378s freeGB=36.38
[11:26:09] poll: elapsed=15438s freeGB=36.41
[11:27:09] poll: elapsed=15499s freeGB=36.39
[11:28:09] poll: elapsed=15559s freeGB=36.34
[11:29:09] poll: elapsed=15619s freeGB=36.29
[11:30:10] poll: elapsed=15679s freeGB=36.41
[11:31:10] poll: elapsed=15739s freeGB=36.4
[11:32:10] poll: elapsed=15799s freeGB=36.37
[11:33:10] poll: elapsed=15859s freeGB=36.37
[11:34:10] poll: elapsed=15919s freeGB=36.39
[11:35:10] poll: elapsed=15979s freeGB=36.54
[11:36:10] poll: elapsed=16039s freeGB=36.33
[11:37:10] poll: elapsed=16099s freeGB=36.32
[11:38:10] poll: elapsed=16159s freeGB=36.32
[11:39:10] poll: elapsed=16219s freeGB=36.4
[11:40:10] poll: elapsed=16279s freeGB=36.29
[11:41:10] poll: elapsed=16340s freeGB=36.33
[11:42:10] poll: elapsed=16400s freeGB=36.4
[11:43:10] poll: elapsed=16460s freeGB=36.34
[11:44:10] poll: elapsed=16520s freeGB=36.39
[11:45:11] poll: elapsed=16580s freeGB=36.38
[11:46:11] poll: elapsed=16640s freeGB=36.38
[11:47:11] poll: elapsed=16700s freeGB=36.34
[11:48:11] poll: elapsed=16760s freeGB=36.33
[11:49:11] poll: elapsed=16820s freeGB=36.35
[11:50:11] poll: elapsed=16880s freeGB=36.38
[11:51:11] poll: elapsed=16940s freeGB=36.29
[11:52:11] poll: elapsed=17000s freeGB=36.32
[11:53:11] poll: elapsed=17060s freeGB=36.34
[11:54:11] poll: elapsed=17120s freeGB=36.37
[11:55:11] poll: elapsed=17180s freeGB=36.34
[11:56:11] poll: elapsed=17241s freeGB=36.31
[11:57:11] poll: elapsed=17301s freeGB=36.39
[11:58:11] poll: elapsed=17361s freeGB=36.38
[11:59:12] poll: elapsed=17421s freeGB=36.38
[12:00:12] poll: elapsed=17481s freeGB=36.35
[12:01:12] poll: elapsed=17541s freeGB=36.43
[12:02:12] poll: elapsed=17601s freeGB=36.27
[12:03:12] poll: elapsed=17661s freeGB=36.26
[12:04:12] poll: elapsed=17721s freeGB=36.34
[12:05:12] poll: elapsed=17781s freeGB=36.39
[12:06:12] poll: elapsed=17841s freeGB=36.36
[12:07:12] poll: elapsed=17901s freeGB=36.36
[12:08:12] poll: elapsed=17961s freeGB=36.39
[12:09:12] SUCCESS: run_paper_log.txt shows 'DONE OK'.
[20:45:36] === watchdog_run start (run_paper.m) ===
[20:45:42] Restored .sdb from pristine baseline before this attempt.
[20:45:42] Launching MATLAB (attempt 1) [-r]
[test] lock-check write 21:33:42
[21:33:52] === watchdog_run start (run_paper.m) ===
[21:33:58] Restored .sdb from pristine baseline before this attempt.
[21:33:58] Cleared stale analysis-result byproduct files for 'D:\ResearchLab\02_Projects\02_Projects\Tap chi XD_SFOA\KE SAU CAU\Sap\ke pd 10.*' (prevents the incompatible-results dialog on this OpenFile).
[21:33:58] Launching MATLAB (attempt 1) [-r]
[21:34:59] poll: elapsed=60s freeGB=32.45
[21:35:59] poll: elapsed=120s freeGB=32.21
[21:36:59] poll: elapsed=180s freeGB=32.22
[21:37:59] poll: elapsed=240s freeGB=32.28
[21:38:59] poll: elapsed=300s freeGB=32.29
[21:39:59] poll: elapsed=361s freeGB=32.27
[21:40:59] poll: elapsed=421s freeGB=32.35
[21:41:59] poll: elapsed=481s freeGB=32.27
[21:42:59] poll: elapsed=541s freeGB=32.33
[21:43:59] poll: elapsed=601s freeGB=32.36
[21:44:59] poll: elapsed=661s freeGB=32.25
[21:46:00] poll: elapsed=721s freeGB=32.33
[21:47:00] poll: elapsed=781s freeGB=32.22
[21:48:00] poll: elapsed=841s freeGB=32.22
[21:49:00] poll: elapsed=901s freeGB=32.3
[21:50:00] poll: elapsed=961s freeGB=32.39
[21:51:00] poll: elapsed=1021s freeGB=32.22
[21:52:00] poll: elapsed=1082s freeGB=32.26
[21:53:00] poll: elapsed=1142s freeGB=32.26
[21:54:00] poll: elapsed=1202s freeGB=32.32
[21:55:00] poll: elapsed=1262s freeGB=32.34
[21:56:00] poll: elapsed=1322s freeGB=32.28
[21:57:00] poll: elapsed=1382s freeGB=32.26
[21:58:01] poll: elapsed=1442s freeGB=32.31
[21:59:01] poll: elapsed=1502s freeGB=32.24
[22:00:01] poll: elapsed=1562s freeGB=32.31
[22:01:01] poll: elapsed=1622s freeGB=32.31
[22:02:01] poll: elapsed=1682s freeGB=32.1
[22:03:01] poll: elapsed=1742s freeGB=32.18
[22:04:01] poll: elapsed=1803s freeGB=32.22
[22:05:01] poll: elapsed=1863s freeGB=32.29
[22:06:01] poll: elapsed=1923s freeGB=32.28
[22:07:01] poll: elapsed=1983s freeGB=32.17
[22:08:01] poll: elapsed=2043s freeGB=32.28
[22:09:01] poll: elapsed=2103s freeGB=32.31
[22:10:02] poll: elapsed=2163s freeGB=32.22
[22:11:02] poll: elapsed=2223s freeGB=32.28
[22:12:02] poll: elapsed=2283s freeGB=32.3
[22:13:02] poll: elapsed=2343s freeGB=32.21
[22:14:02] poll: elapsed=2403s freeGB=32.24
[22:15:02] poll: elapsed=2463s freeGB=32.29
[22:16:02] poll: elapsed=2524s freeGB=32.27
[22:17:02] poll: elapsed=2584s freeGB=32.15
[22:18:02] poll: elapsed=2644s freeGB=32.26
[22:19:02] poll: elapsed=2704s freeGB=32.25
[22:20:02] poll: elapsed=2764s freeGB=32.29
[22:21:02] poll: elapsed=2824s freeGB=32.2
[22:22:03] poll: elapsed=2884s freeGB=32.17
[22:23:03] poll: elapsed=2944s freeGB=32.22
[22:24:03] poll: elapsed=3004s freeGB=32.16
[22:25:03] poll: elapsed=3064s freeGB=32.25
[22:26:03] poll: elapsed=3124s freeGB=32.25
[22:27:03] poll: elapsed=3184s freeGB=32.2
[22:28:03] poll: elapsed=3245s freeGB=32.21
[22:29:03] poll: elapsed=3305s freeGB=32.24
[22:30:03] poll: elapsed=3365s freeGB=32.26
[22:31:03] poll: elapsed=3425s freeGB=32.2
[22:32:03] poll: elapsed=3485s freeGB=32.19
[22:33:04] poll: elapsed=3545s freeGB=32.12
[22:34:04] poll: elapsed=3605s freeGB=32.3
[22:35:04] poll: elapsed=3665s freeGB=32.19
[22:36:04] poll: elapsed=3725s freeGB=32.17
[22:37:04] poll: elapsed=3785s freeGB=32.07
[22:38:04] poll: elapsed=3845s freeGB=32.17
[22:39:04] poll: elapsed=3905s freeGB=32.18
[22:40:04] poll: elapsed=3966s freeGB=32.23
[22:41:04] poll: elapsed=4026s freeGB=32.23
[22:42:04] poll: elapsed=4086s freeGB=32.15
[22:43:04] poll: elapsed=4146s freeGB=32.18
[22:44:04] poll: elapsed=4206s freeGB=32.21
[22:45:05] poll: elapsed=4266s freeGB=32.24
[22:46:05] poll: elapsed=4326s freeGB=32.1
[22:47:05] poll: elapsed=4386s freeGB=32.16
[22:48:05] poll: elapsed=4446s freeGB=32.19
[22:49:05] poll: elapsed=4506s freeGB=32.17
[22:50:05] poll: elapsed=4566s freeGB=32.24
[22:51:05] poll: elapsed=4627s freeGB=32.25
[22:52:05] poll: elapsed=4687s freeGB=32.11
[22:53:05] poll: elapsed=4747s freeGB=32.2
[22:54:05] poll: elapsed=4807s freeGB=32.24
[22:55:05] poll: elapsed=4867s freeGB=32.18
[22:56:05] poll: elapsed=4927s freeGB=32.21
[22:57:06] poll: elapsed=4987s freeGB=32.09
[22:58:06] poll: elapsed=5047s freeGB=32.12
[22:59:06] poll: elapsed=5107s freeGB=32.21
[23:00:06] poll: elapsed=5167s freeGB=32.23
[23:01:06] poll: elapsed=5227s freeGB=32.23
[23:02:06] poll: elapsed=5287s freeGB=32.09
[23:03:06] poll: elapsed=5347s freeGB=32.18
[23:04:06] poll: elapsed=5408s freeGB=32.23
[23:05:06] poll: elapsed=5468s freeGB=32.24
[23:06:06] poll: elapsed=5528s freeGB=32.24
[23:07:06] poll: elapsed=5588s freeGB=32.14
[23:08:06] poll: elapsed=5648s freeGB=32.22
[23:09:06] poll: elapsed=5708s freeGB=32.23
[23:10:07] poll: elapsed=5768s freeGB=32.19
[23:11:07] poll: elapsed=5828s freeGB=32.25
[23:12:07] poll: elapsed=5888s freeGB=32.17
[23:13:07] poll: elapsed=5948s freeGB=32.23
[23:14:07] poll: elapsed=6008s freeGB=32.21
[23:15:07] poll: elapsed=6068s freeGB=32.24
[23:16:07] poll: elapsed=6129s freeGB=32.23
[23:17:07] poll: elapsed=6189s freeGB=32.17
[23:18:07] poll: elapsed=6249s freeGB=32.23
[23:19:07] poll: elapsed=6309s freeGB=32.13
[23:20:07] poll: elapsed=6369s freeGB=32.29
[23:21:08] poll: elapsed=6429s freeGB=32.19
[23:22:08] poll: elapsed=6489s freeGB=32.07
[23:23:08] poll: elapsed=6549s freeGB=32.16
[23:24:08] poll: elapsed=6609s freeGB=32.15
[23:25:08] poll: elapsed=6669s freeGB=32.22
[23:26:08] poll: elapsed=6729s freeGB=32.16
[23:27:08] poll: elapsed=6789s freeGB=32.16
[23:28:08] poll: elapsed=6850s freeGB=32.18
[23:29:08] poll: elapsed=6910s freeGB=32.19
[23:30:08] poll: elapsed=6970s freeGB=32.21
[23:31:08] poll: elapsed=7030s freeGB=32.26
[23:32:08] poll: elapsed=7090s freeGB=32.09
[23:33:08] poll: elapsed=7150s freeGB=32.29
[23:34:09] poll: elapsed=7210s freeGB=32.13
[23:35:09] poll: elapsed=7270s freeGB=32.18
[23:36:09] poll: elapsed=7330s freeGB=32.08
[23:37:09] poll: elapsed=7390s freeGB=32.02
[23:38:09] poll: elapsed=7450s freeGB=32.15
[23:39:09] poll: elapsed=7510s freeGB=32.22
[23:40:09] poll: elapsed=7571s freeGB=32.16
[23:41:09] poll: elapsed=7631s freeGB=32.19
[23:42:09] poll: elapsed=7691s freeGB=32.17
[23:43:09] poll: elapsed=7751s freeGB=32.16
[23:44:09] poll: elapsed=7811s freeGB=32.21
[23:45:10] poll: elapsed=7871s freeGB=32.17
[23:46:10] poll: elapsed=7931s freeGB=32.36
[23:47:10] poll: elapsed=7991s freeGB=32.16
[23:48:10] poll: elapsed=8051s freeGB=32.15
[23:49:10] poll: elapsed=8111s freeGB=32.21
[23:50:10] poll: elapsed=8171s freeGB=32.23
[23:51:10] poll: elapsed=8232s freeGB=32.21
[23:52:10] poll: elapsed=8292s freeGB=32.16
[23:53:10] poll: elapsed=8352s freeGB=32.21
[23:54:10] poll: elapsed=8412s freeGB=32.16
[23:55:10] poll: elapsed=8472s freeGB=32.16
[23:56:10] poll: elapsed=8532s freeGB=32.22
[23:57:10] poll: elapsed=8592s freeGB=32.16
[23:58:11] poll: elapsed=8652s freeGB=32.12
[23:59:11] poll: elapsed=8712s freeGB=32.21
[00:00:11] poll: elapsed=8772s freeGB=32.24
[00:01:11] poll: elapsed=8832s freeGB=32.19
[00:02:11] poll: elapsed=8892s freeGB=32.14
[00:03:11] poll: elapsed=8952s freeGB=32.16
[00:04:11] poll: elapsed=9013s freeGB=32.29
[00:05:11] poll: elapsed=9073s freeGB=32.1
[00:06:11] poll: elapsed=9133s freeGB=32.15
[00:07:11] poll: elapsed=9193s freeGB=32.16
[00:08:11] poll: elapsed=9253s freeGB=32.13
[00:09:11] poll: elapsed=9313s freeGB=32.23
[00:10:12] poll: elapsed=9373s freeGB=32.18
[00:11:12] poll: elapsed=9433s freeGB=32.26
[00:12:12] poll: elapsed=9493s freeGB=32.12
[00:13:12] poll: elapsed=9553s freeGB=32.22
[00:14:12] poll: elapsed=9613s freeGB=32.22
[00:15:12] poll: elapsed=9673s freeGB=32.13
[00:16:12] poll: elapsed=9734s freeGB=32.13
[00:17:12] poll: elapsed=9794s freeGB=32.03
[00:18:12] poll: elapsed=9854s freeGB=32.12
[00:19:12] poll: elapsed=9914s freeGB=32.2
[00:20:12] poll: elapsed=9974s freeGB=32.23
[00:21:13] poll: elapsed=10034s freeGB=32.18
[00:22:13] poll: elapsed=10094s freeGB=32.16
[00:23:13] poll: elapsed=10154s freeGB=32.22
[00:24:13] poll: elapsed=10214s freeGB=32.17
[00:25:13] poll: elapsed=10274s freeGB=32.24
[00:26:13] poll: elapsed=10334s freeGB=32.24
[00:27:13] poll: elapsed=10394s freeGB=32.16
[00:28:13] poll: elapsed=10455s freeGB=32.16
[00:29:13] poll: elapsed=10515s freeGB=32.3
[00:30:13] poll: elapsed=10575s freeGB=32.21
[00:31:13] poll: elapsed=10635s freeGB=32.22
[00:32:13] poll: elapsed=10695s freeGB=32.09
[00:33:13] poll: elapsed=10755s freeGB=32.11
[00:34:14] poll: elapsed=10815s freeGB=32.2
[00:35:14] poll: elapsed=10875s freeGB=32.15
[00:36:14] poll: elapsed=10935s freeGB=32.12
[00:37:14] poll: elapsed=10995s freeGB=32.09
[00:38:14] poll: elapsed=11055s freeGB=32.16
[00:39:14] poll: elapsed=11116s freeGB=32.26
[00:40:14] poll: elapsed=11176s freeGB=32.08
[00:41:14] poll: elapsed=11236s freeGB=32.18
[00:42:14] poll: elapsed=11296s freeGB=32.08
[00:43:14] poll: elapsed=11356s freeGB=32.13
[00:44:15] poll: elapsed=11416s freeGB=32.17
[00:45:15] poll: elapsed=11476s freeGB=32.18
[00:46:15] poll: elapsed=11536s freeGB=32.11
[00:47:15] poll: elapsed=11596s freeGB=32.1
[00:48:15] poll: elapsed=11656s freeGB=32.17
[00:49:15] poll: elapsed=11716s freeGB=32.12
[00:50:15] poll: elapsed=11777s freeGB=32.26
[00:51:15] poll: elapsed=11837s freeGB=32.14
[00:52:15] poll: elapsed=11897s freeGB=32.07
[00:53:15] poll: elapsed=11957s freeGB=32.14
[00:54:15] poll: elapsed=12017s freeGB=32.12
[00:55:15] poll: elapsed=12077s freeGB=32.13
[00:56:16] poll: elapsed=12137s freeGB=32.19
[00:57:16] poll: elapsed=12197s freeGB=32.12
[00:58:16] poll: elapsed=12257s freeGB=32.14
[00:59:16] poll: elapsed=12317s freeGB=32.11
[01:00:16] poll: elapsed=12377s freeGB=32.19
[01:01:16] poll: elapsed=12437s freeGB=32.27
[01:02:16] poll: elapsed=12497s freeGB=32
[01:03:16] poll: elapsed=12558s freeGB=32.14
[01:04:16] poll: elapsed=12618s freeGB=32.14
[01:05:16] poll: elapsed=12678s freeGB=32.18
[01:06:16] poll: elapsed=12738s freeGB=32.19
[01:07:16] poll: elapsed=12798s freeGB=32.1
[01:08:16] poll: elapsed=12858s freeGB=32.2
[01:09:17] poll: elapsed=12918s freeGB=32.15
[01:10:17] poll: elapsed=12978s freeGB=32.21
[01:11:17] poll: elapsed=13038s freeGB=32.22
[01:12:17] poll: elapsed=13098s freeGB=32.16
[01:13:17] poll: elapsed=13158s freeGB=32.13
[01:14:17] poll: elapsed=13219s freeGB=32.13
[01:15:17] poll: elapsed=13279s freeGB=32.21
[01:16:17] poll: elapsed=13339s freeGB=32.16
[01:17:17] poll: elapsed=13399s freeGB=32.07
[01:18:17] poll: elapsed=13459s freeGB=32.18
[01:19:17] poll: elapsed=13519s freeGB=32.14
[01:20:18] poll: elapsed=13579s freeGB=32.2
[01:21:18] poll: elapsed=13639s freeGB=32.2
[01:22:18] poll: elapsed=13699s freeGB=32.13
[01:23:18] poll: elapsed=13759s freeGB=32.2
[01:24:18] poll: elapsed=13819s freeGB=32.2
[01:25:18] poll: elapsed=13879s freeGB=32.12
[01:26:18] poll: elapsed=13940s freeGB=32.13
[01:27:18] poll: elapsed=14000s freeGB=32.02
[01:28:18] poll: elapsed=14060s freeGB=32.17
[01:29:18] poll: elapsed=14120s freeGB=32.19
[01:30:18] poll: elapsed=14180s freeGB=32.13
[01:31:18] poll: elapsed=14240s freeGB=32.12
[01:32:18] poll: elapsed=14300s freeGB=32.13
[01:33:19] poll: elapsed=14360s freeGB=32.15
[01:34:19] poll: elapsed=14420s freeGB=32.17
[01:35:19] poll: elapsed=14480s freeGB=32.16
[01:36:19] poll: elapsed=14540s freeGB=32.11
[01:37:19] poll: elapsed=14600s freeGB=32.07
[01:38:19] poll: elapsed=14660s freeGB=32.18
[01:39:19] poll: elapsed=14721s freeGB=32.14
[01:40:19] poll: elapsed=14781s freeGB=32.2
[01:41:19] poll: elapsed=14841s freeGB=32.13
[01:42:19] poll: elapsed=14901s freeGB=32.12
[01:43:19] poll: elapsed=14961s freeGB=32.18
[01:44:20] poll: elapsed=15021s freeGB=32.2
[01:45:20] poll: elapsed=15081s freeGB=32.21
[01:46:20] poll: elapsed=15141s freeGB=32.16
[01:47:20] poll: elapsed=15201s freeGB=32.05
[01:48:20] poll: elapsed=15261s freeGB=32.15
[01:49:20] poll: elapsed=15321s freeGB=32.14
[01:50:20] poll: elapsed=15381s freeGB=32.2
[01:51:20] poll: elapsed=15442s freeGB=32.2
[01:52:20] poll: elapsed=15502s freeGB=31.77
[01:53:20] poll: elapsed=15562s freeGB=31.96
[01:54:20] poll: elapsed=15622s freeGB=31.96
[01:55:20] poll: elapsed=15682s freeGB=31.91
[01:56:20] poll: elapsed=15742s freeGB=31.99
[01:57:21] poll: elapsed=15802s freeGB=31.88
[01:58:21] poll: elapsed=15862s freeGB=31.86
[01:59:21] poll: elapsed=15922s freeGB=31.9
[02:00:21] poll: elapsed=15982s freeGB=32
[02:01:21] poll: elapsed=16042s freeGB=32
[02:02:21] poll: elapsed=16102s freeGB=31.86
[02:03:21] poll: elapsed=16163s freeGB=31.99
[02:04:21] poll: elapsed=16223s freeGB=31.94
[02:05:21] poll: elapsed=16283s freeGB=31.98
[02:06:21] poll: elapsed=16343s freeGB=32
[02:07:21] poll: elapsed=16403s freeGB=31.93
[02:08:21] poll: elapsed=16463s freeGB=31.99
[02:09:22] poll: elapsed=16523s freeGB=31.92
[02:10:22] poll: elapsed=16583s freeGB=31.93
[02:11:22] poll: elapsed=16643s freeGB=32.15
[02:12:22] poll: elapsed=16703s freeGB=31.93
[02:13:22] poll: elapsed=16763s freeGB=31.93
[02:14:22] poll: elapsed=16824s freeGB=31.98
[02:15:22] poll: elapsed=16884s freeGB=31.94
[02:16:22] poll: elapsed=16944s freeGB=31.99
[02:17:22] poll: elapsed=17004s freeGB=31.94
[02:18:22] poll: elapsed=17064s freeGB=31.98
[02:19:22] poll: elapsed=17124s freeGB=32.01
[02:20:23] poll: elapsed=17184s freeGB=31.97
[02:21:23] poll: elapsed=17244s freeGB=31.93
[02:22:23] poll: elapsed=17304s freeGB=31.91
[02:23:23] poll: elapsed=17364s freeGB=31.94
[02:24:23] poll: elapsed=17424s freeGB=31.99
[02:25:23] poll: elapsed=17484s freeGB=31.83
[02:26:23] poll: elapsed=17545s freeGB=31.98
[02:27:23] poll: elapsed=17605s freeGB=31.94
[02:28:23] poll: elapsed=17665s freeGB=31.94
[02:29:23] poll: elapsed=17725s freeGB=32
[02:30:23] poll: elapsed=17785s freeGB=31.95
[02:31:23] poll: elapsed=17845s freeGB=32.04
[02:32:23] poll: elapsed=17905s freeGB=31.89
[02:33:24] poll: elapsed=17965s freeGB=31.99
[02:34:24] poll: elapsed=18025s freeGB=32.05
[02:35:24] poll: elapsed=18085s freeGB=32.01
[02:36:24] poll: elapsed=18145s freeGB=31.86
[02:37:24] poll: elapsed=18205s freeGB=31.88
[02:38:24] poll: elapsed=18265s freeGB=32
[02:39:24] poll: elapsed=18326s freeGB=32.03
[02:40:24] poll: elapsed=18386s freeGB=32.05
[02:41:24] poll: elapsed=18446s freeGB=32.18
[02:42:24] poll: elapsed=18506s freeGB=31.98
[02:43:24] poll: elapsed=18566s freeGB=31.95
[02:44:25] poll: elapsed=18626s freeGB=32.08
[02:45:25] poll: elapsed=18686s freeGB=32.03
[02:46:25] poll: elapsed=18746s freeGB=32.07
[02:47:25] poll: elapsed=18806s freeGB=32.02
[02:48:25] poll: elapsed=18866s freeGB=32.02
[02:49:25] poll: elapsed=18926s freeGB=32.07
[02:50:25] poll: elapsed=18987s freeGB=32.08
[02:51:25] poll: elapsed=19047s freeGB=32.08
[02:52:25] poll: elapsed=19107s freeGB=31.99
[02:53:25] poll: elapsed=19167s freeGB=32.07
[02:54:25] poll: elapsed=19227s freeGB=32.01
[02:55:26] poll: elapsed=19287s freeGB=32
[02:56:26] poll: elapsed=19347s freeGB=32.06
[02:57:26] poll: elapsed=19407s freeGB=32.01
[02:58:26] poll: elapsed=19467s freeGB=32.04
[02:59:26] poll: elapsed=19527s freeGB=32.06
[03:00:26] poll: elapsed=19587s freeGB=32
[03:01:26] poll: elapsed=19648s freeGB=32.07
[03:02:26] poll: elapsed=19708s freeGB=31.99
[03:03:26] poll: elapsed=19768s freeGB=32.08
[03:04:26] poll: elapsed=19828s freeGB=32.04
[03:05:26] poll: elapsed=19888s freeGB=32.06
[03:06:27] poll: elapsed=19948s freeGB=31.97
[03:07:27] poll: elapsed=20008s freeGB=31.92
[03:08:27] poll: elapsed=20068s freeGB=31.94
[03:09:27] poll: elapsed=20128s freeGB=32.06
[03:10:27] poll: elapsed=20188s freeGB=32.06
[03:11:27] poll: elapsed=20248s freeGB=32.05
[03:12:27] poll: elapsed=20309s freeGB=32
[03:13:27] poll: elapsed=20369s freeGB=32.03
[03:14:27] poll: elapsed=20429s freeGB=32.03
[03:15:27] poll: elapsed=20489s freeGB=32.05
[03:16:27] poll: elapsed=20549s freeGB=31.99
[03:17:27] poll: elapsed=20609s freeGB=31.86
[03:18:28] poll: elapsed=20669s freeGB=31.96
[03:19:28] poll: elapsed=20729s freeGB=32
[03:20:28] poll: elapsed=20789s freeGB=32.04
[03:21:28] poll: elapsed=20849s freeGB=31.98
[03:22:28] poll: elapsed=20909s freeGB=31.97
[03:23:28] poll: elapsed=20969s freeGB=32.03
[03:24:28] poll: elapsed=21030s freeGB=31.89
[03:25:28] poll: elapsed=21090s freeGB=31.96
[03:26:28] poll: elapsed=21150s freeGB=31.9
[03:27:28] poll: elapsed=21210s freeGB=31.88
[03:28:28] poll: elapsed=21270s freeGB=31.96
[03:29:29] poll: elapsed=21330s freeGB=31.84
[03:30:29] poll: elapsed=21390s freeGB=31.91
[03:31:29] poll: elapsed=21450s freeGB=31.98
[03:32:29] poll: elapsed=21510s freeGB=32.05
[03:33:29] poll: elapsed=21570s freeGB=31.98
[03:34:29] poll: elapsed=21630s freeGB=31.92
[03:34:29] Attempt exceeded 21600 s wall-clock -- killing and restarting.
[03:34:32] Restored .sdb from pristine baseline before this attempt.
[03:34:32] Cleared stale analysis-result byproduct files for 'D:\ResearchLab\02_Projects\02_Projects\Tap chi XD_SFOA\KE SAU CAU\Sap\ke pd 10.*' (prevents the incompatible-results dialog on this OpenFile).
[03:34:32] Launching MATLAB (attempt 2) [-r]
[03:35:32] poll: elapsed=60s freeGB=32.19
[03:36:32] poll: elapsed=120s freeGB=31.91
[03:37:32] poll: elapsed=180s freeGB=31.89
[03:38:32] poll: elapsed=240s freeGB=31.96
[03:39:32] poll: elapsed=300s freeGB=31.91
[03:40:32] poll: elapsed=360s freeGB=31.88
[03:41:33] poll: elapsed=421s freeGB=31.91
[03:42:33] poll: elapsed=481s freeGB=31.89
[03:43:33] poll: elapsed=541s freeGB=31.96
[03:44:33] poll: elapsed=601s freeGB=31.97
[03:45:33] poll: elapsed=661s freeGB=31.95
[03:46:33] poll: elapsed=721s freeGB=31.96
[03:47:33] poll: elapsed=781s freeGB=31.81
[03:48:33] poll: elapsed=841s freeGB=31.92
[03:49:33] poll: elapsed=901s freeGB=31.85
[03:50:33] poll: elapsed=961s freeGB=31.82
[03:51:33] poll: elapsed=1021s freeGB=31.86
[03:52:34] poll: elapsed=1081s freeGB=31.79
[03:53:34] poll: elapsed=1142s freeGB=31.91
[03:54:34] poll: elapsed=1202s freeGB=31.83
[03:55:34] poll: elapsed=1262s freeGB=32.03
[03:56:34] poll: elapsed=1322s freeGB=31.9
[03:57:34] poll: elapsed=1382s freeGB=31.78
[03:58:34] poll: elapsed=1442s freeGB=31.91
[03:59:34] poll: elapsed=1502s freeGB=31.92
[04:00:34] poll: elapsed=1562s freeGB=31.86
[04:01:34] poll: elapsed=1622s freeGB=31.91
[04:02:34] poll: elapsed=1682s freeGB=31.61
[04:03:34] poll: elapsed=1742s freeGB=31.84
[04:04:35] poll: elapsed=1802s freeGB=31.86
[04:05:35] poll: elapsed=1863s freeGB=31.82
[04:06:35] poll: elapsed=1923s freeGB=31.87
[04:07:35] poll: elapsed=1983s freeGB=31.75
[04:08:35] poll: elapsed=2043s freeGB=31.86
[04:09:35] poll: elapsed=2103s freeGB=31.83
[04:10:35] poll: elapsed=2163s freeGB=31.8
[04:11:35] poll: elapsed=2223s freeGB=31.86
[04:12:35] poll: elapsed=2283s freeGB=31.77
[04:13:35] poll: elapsed=2343s freeGB=31.89
[04:14:35] poll: elapsed=2403s freeGB=31.81
[04:15:36] poll: elapsed=2463s freeGB=31.8
[04:16:36] poll: elapsed=2524s freeGB=31.85
[04:17:36] poll: elapsed=2584s freeGB=31.78
[04:18:36] poll: elapsed=2644s freeGB=31.85
[04:19:36] poll: elapsed=2704s freeGB=31.82
[04:20:36] poll: elapsed=2764s freeGB=31.85
[04:21:36] poll: elapsed=2824s freeGB=31.77
[04:22:36] poll: elapsed=2884s freeGB=31.73
[04:23:36] poll: elapsed=2944s freeGB=31.84
[04:24:36] poll: elapsed=3004s freeGB=31.85
[04:25:36] poll: elapsed=3064s freeGB=31.84
[04:26:36] poll: elapsed=3124s freeGB=31.85
[04:27:37] poll: elapsed=3184s freeGB=31.73
[04:28:37] poll: elapsed=3245s freeGB=31.84
[04:29:37] poll: elapsed=3305s freeGB=31.85
[04:30:37] poll: elapsed=3365s freeGB=31.85
[04:31:37] poll: elapsed=3425s freeGB=31.85
[04:32:37] poll: elapsed=3485s freeGB=31.6
[04:33:37] poll: elapsed=3545s freeGB=31.81
[04:34:37] poll: elapsed=3605s freeGB=31.84
[04:35:37] poll: elapsed=3665s freeGB=31.78
[04:36:37] poll: elapsed=3725s freeGB=31.78
[04:37:37] poll: elapsed=3785s freeGB=31.77
[04:38:37] poll: elapsed=3845s freeGB=31.79
[04:39:38] poll: elapsed=3905s freeGB=31.84
[04:40:38] poll: elapsed=3966s freeGB=31.83
[04:41:38] poll: elapsed=4026s freeGB=31.83
[04:43:38] poll: elapsed=4146s freeGB=31.72
[04:44:38] poll: elapsed=4206s freeGB=31.76
[04:45:38] poll: elapsed=4266s freeGB=31.8
[04:46:38] poll: elapsed=4326s freeGB=31.82
[04:47:38] poll: elapsed=4386s freeGB=31.71
[04:48:38] poll: elapsed=4446s freeGB=31.82
[04:49:39] poll: elapsed=4506s freeGB=31.83
[04:50:39] poll: elapsed=4567s freeGB=31.77
[04:51:39] poll: elapsed=4627s freeGB=31.83
[04:52:39] poll: elapsed=4687s freeGB=31.74
[04:53:39] poll: elapsed=4747s freeGB=31.82
[04:54:39] poll: elapsed=4807s freeGB=31.76
[04:55:39] poll: elapsed=4867s freeGB=31.7
[04:56:39] poll: elapsed=4927s freeGB=31.81
[04:57:39] poll: elapsed=4987s freeGB=31.76
[04:58:39] poll: elapsed=5047s freeGB=31.8
[04:59:39] poll: elapsed=5107s freeGB=31.82
[05:00:39] poll: elapsed=5167s freeGB=31.77
[05:01:40] poll: elapsed=5227s freeGB=31.82
[05:02:40] poll: elapsed=5288s freeGB=31.76
[05:03:40] poll: elapsed=5348s freeGB=31.8
[05:04:40] poll: elapsed=5408s freeGB=31.82
[05:05:40] poll: elapsed=5468s freeGB=31.67
[05:06:40] poll: elapsed=5528s freeGB=31.75
[05:07:40] poll: elapsed=5588s freeGB=31.7
[05:08:40] poll: elapsed=5648s freeGB=31.81
[05:09:40] poll: elapsed=5708s freeGB=31.75
[05:10:40] poll: elapsed=5768s freeGB=31.81
[05:11:40] poll: elapsed=5828s freeGB=31.82
[05:12:40] poll: elapsed=5888s freeGB=31.74
[05:13:41] poll: elapsed=5949s freeGB=31.81
[05:14:41] poll: elapsed=6009s freeGB=31.72
[05:15:41] poll: elapsed=6069s freeGB=31.77
[05:16:41] poll: elapsed=6129s freeGB=31.72
[05:17:41] poll: elapsed=6189s freeGB=31.64
[05:18:41] poll: elapsed=6249s freeGB=31.68
[05:19:41] poll: elapsed=6309s freeGB=31.77
[05:20:41] poll: elapsed=6369s freeGB=31.71
[05:21:41] poll: elapsed=6429s freeGB=31.72
[05:22:41] poll: elapsed=6489s freeGB=31.64
[05:23:41] poll: elapsed=6549s freeGB=31.63
[05:24:42] poll: elapsed=6609s freeGB=31.68
[05:25:42] poll: elapsed=6670s freeGB=31.71
[05:26:42] poll: elapsed=6730s freeGB=31.66
[05:27:42] poll: elapsed=6790s freeGB=31.72
[05:28:42] poll: elapsed=6850s freeGB=31.66
[05:29:42] poll: elapsed=6910s freeGB=31.72
[05:30:42] poll: elapsed=6970s freeGB=31.78
[05:31:42] poll: elapsed=7030s freeGB=31.77
[05:32:42] poll: elapsed=7090s freeGB=31.71
[05:33:42] poll: elapsed=7150s freeGB=31.77
[05:34:42] poll: elapsed=7210s freeGB=31.78
[05:35:42] poll: elapsed=7270s freeGB=31.77
[05:36:42] poll: elapsed=7330s freeGB=31.71
[05:37:43] poll: elapsed=7390s freeGB=31.63
[05:38:43] poll: elapsed=7451s freeGB=31.76
[05:39:43] poll: elapsed=7511s freeGB=31.67
[05:40:43] poll: elapsed=7571s freeGB=31.73
[05:41:43] poll: elapsed=7631s freeGB=31.77
[05:42:43] poll: elapsed=7691s freeGB=31.4
[05:43:43] poll: elapsed=7751s freeGB=31.63
[05:44:43] poll: elapsed=7811s freeGB=31.59
[05:45:43] poll: elapsed=7871s freeGB=31.66
[05:46:43] poll: elapsed=7931s freeGB=31.74
[05:47:43] poll: elapsed=7991s freeGB=31.65
[05:48:44] poll: elapsed=8051s freeGB=31.81
[05:49:44] poll: elapsed=8112s freeGB=31.75
[05:50:44] poll: elapsed=8172s freeGB=31.79
[05:51:44] poll: elapsed=8232s freeGB=31.67
[05:52:44] poll: elapsed=8292s freeGB=31.68
[05:53:44] poll: elapsed=8352s freeGB=31.8
[05:54:44] poll: elapsed=8412s freeGB=31.73
[05:55:44] poll: elapsed=8472s freeGB=31.76
[05:56:44] poll: elapsed=8532s freeGB=31.76
[05:57:44] poll: elapsed=8592s freeGB=31.77
[05:58:44] poll: elapsed=8652s freeGB=31.83
[05:59:44] poll: elapsed=8712s freeGB=31.81
[06:00:45] poll: elapsed=8772s freeGB=31.82
[06:01:45] poll: elapsed=8833s freeGB=31.74
[06:02:45] poll: elapsed=8893s freeGB=31.75
[06:03:45] poll: elapsed=8953s freeGB=31.91
[06:04:45] poll: elapsed=9013s freeGB=31.79
[06:05:45] poll: elapsed=9073s freeGB=31.69
[06:06:45] poll: elapsed=9133s freeGB=31.8
[06:07:45] poll: elapsed=9193s freeGB=31.75
[06:08:45] poll: elapsed=9253s freeGB=31.81
[06:09:45] poll: elapsed=9313s freeGB=31.82
[06:10:45] poll: elapsed=9373s freeGB=31.76
[06:11:45] poll: elapsed=9433s freeGB=31.82
[06:12:46] poll: elapsed=9493s freeGB=31.76
[06:13:46] poll: elapsed=9554s freeGB=31.81
[06:14:46] poll: elapsed=9614s freeGB=31.79
[06:15:46] poll: elapsed=9674s freeGB=31.77
[06:16:46] poll: elapsed=9734s freeGB=31.8
[06:17:46] poll: elapsed=9794s freeGB=31.62
[06:18:46] poll: elapsed=9854s freeGB=31.72
[06:19:46] poll: elapsed=9914s freeGB=31.81
[06:20:46] poll: elapsed=9974s freeGB=31.79
[06:21:46] poll: elapsed=10034s freeGB=31.81
[06:22:46] poll: elapsed=10094s freeGB=31.59
[06:23:46] poll: elapsed=10154s freeGB=31.79
[06:24:47] poll: elapsed=10215s freeGB=31.73
[06:25:47] poll: elapsed=10275s freeGB=31.78
[06:26:47] poll: elapsed=10335s freeGB=31.73
[06:27:47] poll: elapsed=10395s freeGB=31.74
[06:28:47] poll: elapsed=10455s freeGB=31.74
[06:29:47] poll: elapsed=10515s freeGB=31.72
[06:30:47] poll: elapsed=10575s freeGB=31.75
[06:31:47] poll: elapsed=10635s freeGB=31.81
[06:32:47] poll: elapsed=10695s freeGB=31.68
[06:33:47] poll: elapsed=10755s freeGB=31.79
[06:34:47] poll: elapsed=10815s freeGB=31.8
[06:35:48] poll: elapsed=10875s freeGB=31.73
[06:36:48] poll: elapsed=10936s freeGB=31.7
[06:37:48] poll: elapsed=10996s freeGB=31.86
[06:38:48] poll: elapsed=11056s freeGB=31.72
[06:39:48] poll: elapsed=11116s freeGB=31.71
[06:40:48] poll: elapsed=11176s freeGB=31.72
[06:41:48] poll: elapsed=11236s freeGB=31.74
[06:42:48] poll: elapsed=11296s freeGB=31.66
[06:43:48] poll: elapsed=11356s freeGB=31.77
[06:44:48] poll: elapsed=11416s freeGB=31.78
[06:45:49] poll: elapsed=11476s freeGB=31.74
[06:46:49] poll: elapsed=11537s freeGB=31.79
[06:47:49] poll: elapsed=11597s freeGB=31.75
[06:48:49] poll: elapsed=11657s freeGB=31.77
[06:49:49] poll: elapsed=11717s freeGB=31.79
[06:50:49] poll: elapsed=11777s freeGB=31.76
[06:51:49] poll: elapsed=11837s freeGB=31.85
[06:52:49] poll: elapsed=11897s freeGB=31.65
[06:53:49] poll: elapsed=11957s freeGB=31.74
[10:56:13] === watchdog_run start (run_paper.m) ===
[10:56:19] Restored .sdb from pristine baseline before this attempt.
[10:56:19] Cleared stale analysis-result byproduct files for 'D:\ResearchLab\02_Projects\02_Projects\Tap chi XD_SFOA\KE SAU CAU\Sap\ke pd 10.*' (prevents the incompatible-results dialog on this OpenFile).
[10:56:19] Launching MATLAB (attempt 1) [-r]
[10:57:19] poll: elapsed=60s freeGB=34.44
[10:58:19] poll: elapsed=120s freeGB=33.37
[10:59:19] poll: elapsed=180s freeGB=33.65
[11:00:19] poll: elapsed=240s freeGB=33.8
[11:01:19] poll: elapsed=300s freeGB=33.89
[11:02:20] poll: elapsed=361s freeGB=33.61
[11:03:20] poll: elapsed=421s freeGB=33.9
[11:04:20] poll: elapsed=481s freeGB=33.94
[11:05:20] poll: elapsed=541s freeGB=33.82
[11:06:20] poll: elapsed=601s freeGB=33.53
[11:07:20] poll: elapsed=661s freeGB=33.89
[11:08:20] SUCCESS: run_paper_log.txt shows 'DONE OK'.
