

 SAP2000 v24.0.0 Ultimate 64-bit (Analysis Build 9894/64)
 File: D:\ResearchLab\02_Proje...FOA\code\SOO_MPJ\MPJ_Sap\SOO_Cost_W08\MPJ_8.LOG




 B E G I N   A N A L Y S I S                                2026/08/19  07:45:41


 RUNNING ANALYSIS WITHIN THE GUI PROCESS
 USING THE ADVANCED SOLVER (PROVIDES LIMITED INSTABILITY INFORMATION)

 NUMBER OF JOINTS                          =         463
    WITH RESTRAINTS                        =          56
 NUMBER OF FRAME/CABLE/TENDON ELEMENTS     =         270
 NUMBER OF SHELL ELEMENTS                  =         360
 NUMBER OF LOAD PATTERNS                   =           2
 NUMBER OF ACCELERATION LOADS              =           9
 NUMBER OF LOAD CASES                      =           3
 NUMBER OF MASS SOURCES                    =           1

 UNITS (FORCE, LENGTH, TEMPERATURE, TIME)  = tonf, m, °C, sec
 GRAVITATIONAL ACCELERATION                =    9.806650

 ADDRESSABLE PHYSICAL MEMORY (RAM)         =      47.905 GB

 PARALLELIZATION OF ANALYSIS OPERATIONS:
  (Env. variable SAPFIRE_NUM_THREADS not set)
 NUMBER OF THREADS: STATE (AUTOMATIC)      =          14
 NUMBER OF THREADS: STIFFNESS (AUTOMATIC)  =          14
 NUMBER OF THREADS: EVENT (AUTOMATIC)      =          14
 NUMBER OF THREADS: MOVE (AUTOMATIC)       =          14
 NUMBER OF THREADS: RESPONSE (AUTOMATIC)   =          14
 NUMBER OF THREADS: SOLVE (AUTOMATIC)      =          14
 NUMBER OF THREADS: FORM (AUTOMATIC)       =          14


 E L E M E N T   F O R M A T I O N                                      07:45:41



 L I N E A R   E Q U A T I O N   S O L U T I O N                        07:45:41

 FORMING STIFFNESS AT ZERO (UNSTRESSED) INITIAL CONDITIONS

 TOTAL NUMBER OF EQUILIBRIUM EQUATIONS     =        2610
 NUMBER OF NON-ZERO STIFFNESS TERMS        =       63015

 ---------------------------------
 BASIC STABILITY CHECK FOR LINEAR LOAD CASES:
    NUMBER OF NEGATIVE STIFFNESS EIGENVALUES SHOULD BE ZERO FOR STABILITY.
    (NOTE: FURTHER CHECKS SHOULD BE CONSIDERED AS DEEMED NECESSARY,
     SUCH AS REVIEWING EIGEN MODES FOR MECHANISMS AND RIGID-BODY MOTION)

    NUMBER OF NEGATIVE EIGENVALUES         =           0,  OK.
 ---------------------------------


 L I N E A R   S T A T I C   C A S E S                                  07:45:41

 USING STIFFNESS AT ZERO (UNSTRESSED) INITIAL CONDITIONS

 TOTAL NUMBER OF CASES TO SOLVE            =           2
 NUMBER OF CASES TO SOLVE PER BLOCK        =           2

 LINEAR STATIC CASES TO BE SOLVED:

 CASE: DEAD
 CASE: LL


 E I G E N   M O D A L   A N A L Y S I S                                07:45:41

 CASE: MODAL

 USING STIFFNESS AT ZERO (UNSTRESSED) INITIAL CONDITIONS

 NUMBER OF STIFFNESS DEGREES OF FREEDOM    =        2610
 NUMBER OF MASS DEGREES OF FREEDOM         =        1305
 MAXIMUM NUMBER OF EIGEN MODES SOUGHT      =          12
 MINIMUM NUMBER OF EIGEN MODES SOUGHT      =           1
 NUMBER OF RESIDUAL-MASS MODES SOUGHT      =           0
 NUMBER OF SUBSPACE VECTORS USED           =          24
 RELATIVE CONVERGENCE TOLERANCE            =    1.00E-09

 FREQUENCY SHIFT  (CENTER) (CYC/TIME)      =     .000000
 FREQUENCY CUTOFF (RADIUS) (CYC/TIME)      =  -INFINITY-
 ALLOW AUTOMATIC FREQUENCY SHIFTING        =         YES


 Original stiffness at shift : EV= 0.0000000E+00, f=     .000000, T=  -INFINITY-
 Number of eigenvalues below shift =      0
 Found mode      1 of     12:  EV= 2.3449231E+03, f=    7.706984, T=    0.129752
 Found mode      2 of     12:  EV= 2.4039418E+03, f=    7.803368, T=    0.128150
 Found mode      3 of     12:  EV= 3.6255865E+03, f=    9.583172, T=    0.104350
 Found mode      4 of     12:  EV= 4.7120086E+04, f=   34.548020, T=    0.028945
 Found mode      5 of     12:  EV= 7.9662516E+04, f=   44.920765, T=    0.022261
 Found mode      6 of     12:  EV= 9.3382801E+04, f=   48.635522, T=    0.020561
 Found mode      7 of     12:  EV= 9.4438713E+04, f=   48.909718, T=    0.020446
 Found mode      8 of     12:  EV= 1.1195627E+05, f=   53.253031, T=    0.018778
 Found mode      9 of     12:  EV= 1.1380082E+05, f=   53.689928, T=    0.018625
 Found mode     10 of     12:  EV= 1.2879465E+05, f=   57.117481, T=    0.017508
 Found mode     11 of     12:  EV= 1.3604106E+05, f=   58.702303, T=    0.017035
 Found mode     12 of     12:  EV= 1.4277621E+05, f=   60.137872, T=    0.016628

 NUMBER OF EIGEN MODES FOUND               =          12
 NUMBER OF ITERATIONS PERFORMED            =          11
 NUMBER OF STIFFNESS SHIFTS                =           0


 A N A L Y S I S   C O M P L E T E                          2026/08/19  07:45:42
