 
To get started, type doc.
For product information, visit www.mathworks.com.
 
[MOSFOA2 A - run09 - SONG SONG] Np=8 Max_it=20 Nr=100 Num_work=8 K=33 (FE uoc tinh=168)
ERROR: The process "SAP2000.exe" not found. 
Starting parallel pool (parpool) using the 'local' profile ...
Connected to parallel pool with 8 workers.
The he #0 - Kich thuoc Repository: 3
[A-run09] Vong lap 1/20 - Repository: 5 - FE luy ke: 16 - Thoi gian: 2.3 phut
[A-run09] Vong lap 2/20 - Repository: 5 - FE luy ke: 24 - Thoi gian: 4.6 phut
[A-run09] Vong lap 3/20 - Repository: 6 - FE luy ke: 32 - Thoi gian: 7.0 phut
[A-run09] Vong lap 4/20 - Repository: 6 - FE luy ke: 40 - Thoi gian: 9.3 phut
[A-run09] Vong lap 5/20 - Repository: 6 - FE luy ke: 48 - Thoi gian: 11.6 phut
[A-run09] Vong lap 6/20 - Repository: 6 - FE luy ke: 56 - Thoi gian: 13.9 phut
[A-run09] Vong lap 7/20 - Repository: 6 - FE luy ke: 64 - Thoi gian: 16.2 phut
[A-run09] Vong lap 8/20 - Repository: 6 - FE luy ke: 72 - Thoi gian: 18.5 phut
[A-run09] Vong lap 9/20 - Repository: 6 - FE luy ke: 80 - Thoi gian: 20.8 phut
[A-run09] Vong lap 10/20 - Repository: 6 - FE luy ke: 88 - Thoi gian: 23.0 phut
[A-run09] Vong lap 11/20 - Repository: 6 - FE luy ke: 96 - Thoi gian: 25.3 phut
[A-run09] Vong lap 12/20 - Repository: 6 - FE luy ke: 104 - Thoi gian: 27.6 phut
[A-run09] Vong lap 13/20 - Repository: 6 - FE luy ke: 112 - Thoi gian: 29.9 phut
[A-run09] Vong lap 14/20 - Repository: 6 - FE luy ke: 120 - Thoi gian: 32.2 phut
[A-run09] Vong lap 15/20 - Repository: 6 - FE luy ke: 128 - Thoi gian: 34.5 phut
[A-run09] Vong lap 16/20 - Repository: 6 - FE luy ke: 136 - Thoi gian: 36.8 phut
[A-run09] Vong lap 17/20 - Repository: 6 - FE luy ke: 144 - Thoi gian: 39.1 phut
[A-run09] Vong lap 18/20 - Repository: 6 - FE luy ke: 152 - Thoi gian: 41.4 phut
[A-run09] Vong lap 19/20 - Repository: 6 - FE luy ke: 160 - Thoi gian: 43.6 phut
[A-run09] Vong lap 20/20 - Repository: 6 - FE luy ke: 168 - Thoi gian: 45.9 phut
[A-run09] HOAN THANH. Tong thoi gian: 45.94 phut. So nghiem Pareto: 6
Parallel pool using the 'Processes' profile is shutting down.
