 
To get started, type doc.
For product information, visit www.mathworks.com.
 
x= 1 D= 300mm Class=A  N_max=0.00T M_max=0.286Tm nFrames=132 Rd=82.33T (gn*N=0.00)  g1_cu=1 g1_moi=1  feasible_cu=1 feasible_moi=1 
x= 2 D= 300mm Class=B  N_max=0.00T M_max=0.286Tm nFrames=132 Rd=82.33T (gn*N=0.00)  g1_cu=1 g1_moi=1  feasible_cu=1 feasible_moi=1 
x= 3 D= 300mm Class=C  N_max=0.00T M_max=0.286Tm nFrames=132 Rd=82.33T (gn*N=0.00)  g1_cu=1 g1_moi=1  feasible_cu=1 feasible_moi=1 
x= 4 D= 350mm Class=A  N_max=0.00T M_max=0.512Tm nFrames=132 Rd=107.16T (gn*N=0.00)  g1_cu=1 g1_moi=1  feasible_cu=1 feasible_moi=1 
x= 5 D= 350mm Class=B  N_max=0.00T M_max=0.512Tm nFrames=132 Rd=107.16T (gn*N=0.00)  g1_cu=1 g1_moi=1  feasible_cu=1 feasible_moi=1 
x= 6 D= 350mm Class=C  N_max=0.00T M_max=0.512Tm nFrames=132 Rd=107.16T (gn*N=0.00)  g1_cu=1 g1_moi=1  feasible_cu=1 feasible_moi=1 
x= 7 D= 400mm Class=A  N_max=0.00T M_max=0.868Tm nFrames=132 Rd=135.17T (gn*N=0.00)  g1_cu=1 g1_moi=1  feasible_cu=1 feasible_moi=1 
x= 8 D= 400mm Class=B  N_max=0.00T M_max=0.868Tm nFrames=132 Rd=135.17T (gn*N=0.00)  g1_cu=1 g1_moi=1  feasible_cu=1 feasible_moi=1 
x= 9 D= 400mm Class=C  N_max=0.00T M_max=0.868Tm nFrames=132 Rd=135.17T (gn*N=0.00)  g1_cu=1 g1_moi=1  feasible_cu=1 feasible_moi=1 
x=10 D= 450mm Class=A  N_max=0.00T M_max=1.330Tm nFrames=132 Rd=166.35T (gn*N=0.00)  g1_cu=1 g1_moi=1  feasible_cu=1 feasible_moi=1 
x=11 D= 450mm Class=B  N_max=0.00T M_max=1.330Tm nFrames=132 Rd=166.35T (gn*N=0.00)  g1_cu=1 g1_moi=1  feasible_cu=1 feasible_moi=1 
x=12 D= 450mm Class=C  N_max=0.00T M_max=1.330Tm nFrames=132 Rd=166.35T (gn*N=0.00)  g1_cu=1 g1_moi=1  feasible_cu=1 feasible_moi=1 
x=13 D= 500mm Class=A  N_max=0.00T M_max=1.976Tm nFrames=132 Rd=200.71T (gn*N=0.00)  g1_cu=1 g1_moi=1  feasible_cu=1 feasible_moi=1 
x=14 D= 500mm Class=B  N_max=0.00T M_max=1.976Tm nFrames=132 Rd=200.71T (gn*N=0.00)  g1_cu=1 g1_moi=1  feasible_cu=1 feasible_moi=1 
x=15 D= 500mm Class=C  N_max=0.00T M_max=1.976Tm nFrames=132 Rd=200.71T (gn*N=0.00)  g1_cu=1 g1_moi=1  feasible_cu=1 feasible_moi=1 
x=16 D= 600mm Class=A  N_max=0.00T M_max=3.619Tm nFrames=132 Rd=278.95T (gn*N=0.00)  g1_cu=1 g1_moi=1  feasible_cu=1 feasible_moi=1 
x=17 D= 600mm Class=B  N_max=0.00T M_max=3.619Tm nFrames=132 Rd=278.95T (gn*N=0.00)  g1_cu=1 g1_moi=1  feasible_cu=1 feasible_moi=1 
x=18 D= 600mm Class=C  N_max=0.00T M_max=3.619Tm nFrames=132 Rd=278.95T (gn*N=0.00)  g1_cu=1 g1_moi=1  feasible_cu=1 feasible_moi=1 
x=19 D= 700mm Class=A  N_max=0.00T M_max=5.754Tm nFrames=132 Rd=369.89T (gn*N=0.00)  g1_cu=1 g1_moi=1  feasible_cu=1 feasible_moi=1 
x=20 D= 700mm Class=B  N_max=0.00T M_max=5.754Tm nFrames=132 Rd=369.89T (gn*N=0.00)  g1_cu=1 g1_moi=1  feasible_cu=1 feasible_moi=1 
x=21 D= 700mm Class=C  N_max=0.00T M_max=5.754Tm nFrames=132 Rd=369.89T (gn*N=0.00)  g1_cu=1 g1_moi=1  feasible_cu=1 feasible_moi=1 
x=22 D= 800mm Class=A  N_max=0.00T M_max=8.192Tm nFrames=132 Rd=473.53T (gn*N=0.00)  g1_cu=1 g1_moi=1  feasible_cu=1 feasible_moi=1 
x=23 D= 800mm Class=B  N_max=0.00T M_max=8.192Tm nFrames=132 Rd=473.53T (gn*N=0.00)  g1_cu=1 g1_moi=1  feasible_cu=1 feasible_moi=1 
x=24 D= 800mm Class=C  N_max=0.00T M_max=8.192Tm nFrames=132 Rd=473.53T (gn*N=0.00)  g1_cu=1 g1_moi=1  feasible_cu=1 feasible_moi=1 
x=25 D= 900mm Class=A  N_max=0.00T M_max=10.693Tm nFrames=132 Rd=589.87T (gn*N=0.00)  g1_cu=1 g1_moi=1  feasible_cu=1 feasible_moi=1 
x=26 D= 900mm Class=B  N_max=0.00T M_max=10.693Tm nFrames=132 Rd=589.87T (gn*N=0.00)  g1_cu=1 g1_moi=1  feasible_cu=1 feasible_moi=1 
x=27 D= 900mm Class=C  N_max=0.00T M_max=10.693Tm nFrames=132 Rd=589.87T (gn*N=0.00)  g1_cu=1 g1_moi=1  feasible_cu=1 feasible_moi=1 
x=28 D=1000mm Class=A  N_max=0.00T M_max=12.787Tm nFrames=132 Rd=718.91T (gn*N=0.00)  g1_cu=1 g1_moi=1  feasible_cu=1 feasible_moi=1 
x=29 D=1000mm Class=B  N_max=0.00T M_max=12.787Tm nFrames=132 Rd=718.91T (gn*N=0.00)  g1_cu=1 g1_moi=1  feasible_cu=1 feasible_moi=1 
x=30 D=1000mm Class=C  N_max=0.00T M_max=12.787Tm nFrames=132 Rd=718.91T (gn*N=0.00)  g1_cu=1 g1_moi=1  feasible_cu=1 feasible_moi=1 
x=31 D=1200mm Class=A  N_max=0.00T M_max=16.653Tm nFrames=132 Rd=1015.09T (gn*N=0.00)  g1_cu=1 g1_moi=1  feasible_cu=1 feasible_moi=1 
x=32 D=1200mm Class=B  N_max=0.00T M_max=16.653Tm nFrames=132 Rd=1015.09T (gn*N=0.00)  g1_cu=1 g1_moi=1  feasible_cu=1 feasible_moi=1 
x=33 D=1200mm Class=C  N_max=0.00T M_max=16.653Tm nFrames=132 Rd=1015.09T (gn*N=0.00)  g1_cu=1 g1_moi=1  feasible_cu=1 feasible_moi=1 

=== TONG KET ===
So phuong an kha thi (gamma_n=1.0, CU)  : 33/33
So phuong an kha thi (gamma_n=1.15, MOI): 33/33

Mat Pareto tham chieu MOI (gamma_n=1.15), 11 nghiem:
  x= 3 D= 300mm Class=C  f1=   507.593T  f2= 0.0195m
  x= 6 D= 350mm Class=C  f1=   653.004T  f2= 0.0189m
  x= 9 D= 400mm Class=C  f1=   859.228T  f2= 0.0181m
  x=12 D= 450mm Class=C  f1=  1043.348T  f2= 0.0175m
  x=13 D= 500mm Class=A  f1=  1300.622T  f2= 0.0167m
  x=18 D= 600mm Class=C  f1=  1762.438T  f2= 0.0153m
  x=21 D= 700mm Class=C  f1=  2287.646T  f2= 0.0138m
  x=22 D= 800mm Class=A  f1=  2876.247T  f2= 0.0123m
  x=25 D= 900mm Class=A  f1=  3528.353T  f2= 0.0110m
  x=30 D=1000mm Class=C  f1=  3986.578T  f2= 0.0099m
  x=32 D=1200mm Class=B  f1=  5551.656T  f2= 0.0080m
