[2026-09-11 17:56:52] === run_full_campaign BAT DAU (PID 22756) - se chay B roi A, tu resume neu bi ngat quang ===
[2026-09-11 17:56:52] --- Cong trinh B: goi watchdog_campaign.ps1 -Proj B ---
[2026-09-12 16:04:27] --- Cong trinh B: HOAN THANH ---
[2026-09-12 16:04:27] --- Cong trinh A: goi watchdog_campaign.ps1 -Proj A ---
[2026-09-14 07:51:46] === run_full_campaign BAT DAU (PID 20484) - se chay B roi A, tu resume neu bi ngat quang ===
[2026-09-14 07:51:46] --- Cong trinh B: goi watchdog_campaign.ps1 -Proj B ---
[2026-09-14 07:51:53] --- Cong trinh B: HOAN THANH ---
[2026-09-14 07:51:53] --- Cong trinh A: goi watchdog_campaign.ps1 -Proj A ---
[2026-09-14 22:15:20] --- Cong trinh A: HOAN THANH ---
[2026-09-14 22:15:20] === TOAN BO CAMPAIGN (B + A, 20 lan/cong trinh) DA HOAN THANH ===
[2026-09-15 07:57:04] === run_full_campaign BAT DAU (PID 21432) - se chay B roi A, tu resume neu bi ngat quang ===
[2026-09-15 07:57:04] --- Cong trinh B: goi watchdog_campaign.ps1 -Proj B ---
[2026-09-15 07:57:10] --- Cong trinh B: HOAN THANH ---
[2026-09-15 07:57:10] --- Cong trinh A: goi watchdog_campaign.ps1 -Proj A ---
[2026-09-15 07:57:17] --- Cong trinh A: HOAN THANH ---
[2026-09-15 07:57:17] === TOAN BO CAMPAIGN (B + A, 20 lan/cong trinh) DA HOAN THANH ===
[2026-09-15 08:08:56] === run_full_campaign BAT DAU (PID 21412) - se chay B roi A, tu resume neu bi ngat quang ===
[2026-09-15 08:08:56] --- Cong trinh B: goi watchdog_campaign.ps1 -Proj B ---
[2026-09-15 08:09:02] --- Cong trinh B: HOAN THANH ---
[2026-09-15 08:09:02] --- Cong trinh A: goi watchdog_campaign.ps1 -Proj A ---
[2026-09-15 08:09:09] --- Cong trinh A: HOAN THANH ---
[2026-09-15 08:09:09] === TOAN BO CAMPAIGN (B + A, 20 lan/cong trinh) DA HOAN THANH ===
[2026-09-15 09:03:33] === run_full_campaign BAT DAU (PID 20492) - se chay B roi A, tu resume neu bi ngat quang ===
[2026-09-15 09:03:33] --- Cong trinh B: goi watchdog_campaign.ps1 -Proj B ---
[2026-09-15 09:03:39] --- Cong trinh B: HOAN THANH ---
[2026-09-15 09:03:39] --- Cong trinh A: goi watchdog_campaign.ps1 -Proj A ---
[2026-09-15 09:03:46] --- Cong trinh A: HOAN THANH ---
[2026-09-15 09:03:46] === TOAN BO CAMPAIGN (B + A, 20 lan/cong trinh) DA HOAN THANH ===
[2026-09-15 11:00:08] === run_full_campaign BAT DAU (PID 20432) - se chay B roi A, tu resume neu bi ngat quang ===
[2026-09-15 11:00:08] --- Cong trinh B: goi watchdog_campaign.ps1 -Proj B ---
[2026-09-15 11:00:15] --- Cong trinh B: HOAN THANH ---
[2026-09-15 11:00:15] --- Cong trinh A: goi watchdog_campaign.ps1 -Proj A ---
[2026-09-15 11:00:21] --- Cong trinh A: HOAN THANH ---
[2026-09-15 11:00:21] === TOAN BO CAMPAIGN (B + A, 20 lan/cong trinh) DA HOAN THANH ===
[2026-09-23 07:52:50] === run_full_campaign BAT DAU (PID 21620) - se chay B roi A, tu resume neu bi ngat quang ===
[2026-09-23 07:52:50] --- Cong trinh B: goi watchdog_campaign.ps1 -Proj B ---
[2026-09-23 07:52:56] --- Cong trinh B: HOAN THANH ---
[2026-09-23 07:52:56] --- Cong trinh A: goi watchdog_campaign.ps1 -Proj A ---
[2026-09-23 07:53:03] --- Cong trinh A: HOAN THANH ---
[2026-09-23 07:53:03] === TOAN BO CAMPAIGN (B + A, 20 lan/cong trinh) DA HOAN THANH ===
