

 SAP2000 v24.0.0 Ultimate 64-bit (Analysis Build 9894/64)
 File: D:\ResearchLab\02_Proje...OA\code\SOO_MPJ\MPJ_Sap\SOO_Cost_W10\MPJ_10.LOG




 B E G I N   A N A L Y S I S                                2026/08/15  00:08:02


 RUNNING ANALYSIS WITHIN THE GUI PROCESS
 USING THE ADVANCED SOLVER (PROVIDES LIMITED INSTABILITY INFORMATION)

 NUMBER OF JOINTS                          =         282
    WITH RESTRAINTS                        =          30
 NUMBER OF FRAME/CABLE/TENDON ELEMENTS     =         153
 NUMBER OF SHELL ELEMENTS                  =         216
 NUMBER OF LOAD PATTERNS                   =           2
 NUMBER OF ACCELERATION LOADS              =           9
 NUMBER OF LOAD CASES                      =           3
 NUMBER OF MASS SOURCES                    =           1

 UNITS (FORCE, LENGTH, TEMPERATURE, TIME)  = tonf, m, °C, sec
 GRAVITATIONAL ACCELERATION                =    9.806650

 ADDRESSABLE PHYSICAL MEMORY (RAM)         =      47.905 GB

 PARALLELIZATION OF ANALYSIS OPERATIONS:
  (Env. variable SAPFIRE_NUM_THREADS not set)
 NUMBER OF THREADS: STATE (AUTOMATIC)      =          14
 NUMBER OF THREADS: STIFFNESS (AUTOMATIC)  =          14
 NUMBER OF THREADS: EVENT (AUTOMATIC)      =          14
 NUMBER OF THREADS: MOVE (AUTOMATIC)       =          14
 NUMBER OF THREADS: RESPONSE (AUTOMATIC)   =          14
 NUMBER OF THREADS: SOLVE (AUTOMATIC)      =          14
 NUMBER OF THREADS: FORM (AUTOMATIC)       =          14


 E L E M E N T   F O R M A T I O N                                      00:08:02



 L I N E A R   E Q U A T I O N   S O L U T I O N                        00:08:02

 FORMING STIFFNESS AT ZERO (UNSTRESSED) INITIAL CONDITIONS

 TOTAL NUMBER OF EQUILIBRIUM EQUATIONS     =        1602
 NUMBER OF NON-ZERO STIFFNESS TERMS        =       38205

 ---------------------------------
 BASIC STABILITY CHECK FOR LINEAR LOAD CASES:
    NUMBER OF NEGATIVE STIFFNESS EIGENVALUES SHOULD BE ZERO FOR STABILITY.
    (NOTE: FURTHER CHECKS SHOULD BE CONSIDERED AS DEEMED NECESSARY,
     SUCH AS REVIEWING EIGEN MODES FOR MECHANISMS AND RIGID-BODY MOTION)

    NUMBER OF NEGATIVE EIGENVALUES         =           0,  OK.
 ---------------------------------


 L I N E A R   S T A T I C   C A S E S                                  00:08:02

 USING STIFFNESS AT ZERO (UNSTRESSED) INITIAL CONDITIONS

 TOTAL NUMBER OF CASES TO SOLVE            =           2
 NUMBER OF CASES TO SOLVE PER BLOCK        =           2

 LINEAR STATIC CASES TO BE SOLVED:

 CASE: DEAD
 CASE: LL


 E I G E N   M O D A L   A N A L Y S I S                                00:08:02

 CASE: MODAL

 USING STIFFNESS AT ZERO (UNSTRESSED) INITIAL CONDITIONS

 NUMBER OF STIFFNESS DEGREES OF FREEDOM    =        1602
 NUMBER OF MASS DEGREES OF FREEDOM         =         801
 MAXIMUM NUMBER OF EIGEN MODES SOUGHT      =          12
 MINIMUM NUMBER OF EIGEN MODES SOUGHT      =           1
 NUMBER OF RESIDUAL-MASS MODES SOUGHT      =           0
 NUMBER OF SUBSPACE VECTORS USED           =          24
 RELATIVE CONVERGENCE TOLERANCE            =    1.00E-09

 FREQUENCY SHIFT  (CENTER) (CYC/TIME)      =     .000000
 FREQUENCY CUTOFF (RADIUS) (CYC/TIME)      =  -INFINITY-
 ALLOW AUTOMATIC FREQUENCY SHIFTING        =         YES


 Original stiffness at shift : EV= 0.0000000E+00, f=     .000000, T=  -INFINITY-
 Number of eigenvalues below shift =      0
 Found mode      1 of     12:  EV= 4.8120807E+03, f=   11.040445, T=    0.090576
 Found mode      2 of     12:  EV= 4.8460080E+03, f=   11.079297, T=    0.090258
 Found mode      3 of     12:  EV= 7.1810644E+03, f=   13.486975, T=    0.074146
 Found mode      4 of     12:  EV= 6.0775665E+04, f=   39.236024, T=    0.025487
 Found mode      5 of     12:  EV= 7.6310125E+04, f=   43.965419, T=    0.022745
 Found mode      6 of     12:  EV= 8.5462778E+04, f=   46.527384, T=    0.021493
 Found mode      7 of     12:  EV= 8.7022777E+04, f=   46.950109, T=    0.021299
 Found mode      8 of     12:  EV= 9.6863564E+04, f=   49.533653, T=    0.020188
 Found mode      9 of     12:  EV= 9.7672353E+04, f=   49.740020, T=    0.020105
 Found mode     10 of     12:  EV= 1.0230688E+05, f=   50.906419, T=    0.019644
 Found mode     11 of     12:  EV= 1.0437564E+05, f=   51.418537, T=    0.019448
 Found mode     12 of     12:  EV= 1.1184027E+05, f=   53.225436, T=    0.018788

 NUMBER OF EIGEN MODES FOUND               =          12
 NUMBER OF ITERATIONS PERFORMED            =          18
 NUMBER OF STIFFNESS SHIFTS                =           0


 A N A L Y S I S   C O M P L E T E                          2026/08/15  00:08:02
