

 SAP2000 v24.0.0 Ultimate 64-bit (Analysis Build 9894/64)
 File: D:\ResearchLab\02_Projects\MOSFOA paper 2\SapV14\Cau tau dau vao.LOG




 B E G I N   A N A L Y S I S                                2026/09/09  21:44:58


 RUNNING ANALYSIS AS A SEPARATE PROCESS
 USING THE ADVANCED SOLVER (PROVIDES LIMITED INSTABILITY INFORMATION)

 NUMBER OF JOINTS                          =        2532
    WITH RESTRAINTS                        =         132
 NUMBER OF FRAME/CABLE/TENDON ELEMENTS     =         960
 NUMBER OF SHELL ELEMENTS                  =        2289
 NUMBER OF LOAD PATTERNS                   =          14
 NUMBER OF ACCELERATION LOADS              =           9
 NUMBER OF LOAD CASES                      =          15
 NUMBER OF MASS SOURCES                    =           1

 UNITS (FORCE, LENGTH, TEMPERATURE, TIME)  = tonf, m, °C, sec
 GRAVITATIONAL ACCELERATION                =    9.806650

 ADDRESSABLE PHYSICAL MEMORY (RAM)         =      15.733 GB

 PARALLELIZATION OF ANALYSIS OPERATIONS:
  (Env. variable SAPFIRE_NUM_THREADS not set)
 NUMBER OF THREADS: STATE (AUTOMATIC)      =           4
 NUMBER OF THREADS: STIFFNESS (AUTOMATIC)  =           4
 NUMBER OF THREADS: EVENT (AUTOMATIC)      =           4
 NUMBER OF THREADS: MOVE (AUTOMATIC)       =           4
 NUMBER OF THREADS: RESPONSE (AUTOMATIC)   =           4
 NUMBER OF THREADS: SOLVE (AUTOMATIC)      =           4
 NUMBER OF THREADS: FORM (AUTOMATIC)       =           4


 E L E M E N T   F O R M A T I O N                                      21:44:58



 L I N E A R   E Q U A T I O N   S O L U T I O N                        21:44:58

 FORMING STIFFNESS AT ZERO (UNSTRESSED) INITIAL CONDITIONS

 TOTAL NUMBER OF EQUILIBRIUM EQUATIONS     =       14400
 NUMBER OF NON-ZERO STIFFNESS TERMS        =      384012

 ---------------------------------
 BASIC STABILITY CHECK FOR LINEAR LOAD CASES:
    NUMBER OF NEGATIVE STIFFNESS EIGENVALUES SHOULD BE ZERO FOR STABILITY.
    (NOTE: FURTHER CHECKS SHOULD BE CONSIDERED AS DEEMED NECESSARY,
     SUCH AS REVIEWING EIGEN MODES FOR MECHANISMS AND RIGID-BODY MOTION)

    NUMBER OF NEGATIVE EIGENVALUES         =           0,  OK.
 ---------------------------------


 L I N E A R   S T A T I C   C A S E S                                  21:44:58

 USING STIFFNESS AT ZERO (UNSTRESSED) INITIAL CONDITIONS

 TOTAL NUMBER OF CASES TO SOLVE            =          11
 NUMBER OF CASES TO SOLVE PER BLOCK        =          11

 LINEAR STATIC CASES TO BE SOLVED:

 CASE: DEAD
 CASE: BT
 CASE: VA
 CASE: NEO
 CASE: HH1
 CASE: HH2
 CASE: HH3
 CASE: HH4
 CASE: QC-(BAO)
 CASE: HH5
 CASE: HH6


 I N F L U E N C E   L O A D   C A S E                                  21:44:59

 CASE: <Influence>

 USING STIFFNESS AT ZERO (UNSTRESSED) INITIAL CONDITIONS

 NUMBER OF BRIDGE INFLUENCE LOADS          =         403
 NUMBER OF LOADS TO SOLVE PER BLOCK        =         403

 SIZE OF THE INFLUENCE RESULTS FILE        =      46.710 MB



 V E H I C L E   I N F L U E N C E   A N A L Y S I S                    21:44:59

 CASE: <Vehicle 1 0 0>

 USING INFLUENCE RESPONSE FROM CASE: <Influence>

 VERTICAL DIRECTION FACTOR                 =    1.000000
 BRAKING/ACCELERATION DIRECTION FACTOR     =     .000000
 CENTRIFUGAL DIRECTION FACTOR              =     .000000

 NUMBER OF LOAD-DIRECTION PERMUTATIONS     =           1

 NUMBER OF FIXED/FLOATING LANE SURFACES    =           5
 NUMBER OF FIXED LANES                     =           5
 NUMBER OF FLOATING LANES                  =           0
 TOTAL NUMBER OF LOADED LANES              =           5

 NUMBER OF VEHICLES                        =           5
 NUMBER OF VEHICLES ON LANES RUN BEFORE    =           0
 NUMBER OF VEHICLES ON LANES TO BE RUN NOW =           6

 NUMBER OF INFLUENCE LOAD POINTS           =         403
 CALCULATION METHOD (QUICK OR "EXACT")     =      "EXACT"
 NUMBER OF THREADS: MOVE (AUTOMATIC)       =           4

 ALLOW LOADS TO REDUCE RESPONSE SEVERITY   =          NO

 NUMBER OF DISPLACEMENT RESPONSE POINTS    =        2532     NO CORRESPONDENCE
 NUMBER OF SPRING RESPONSE POINTS          =        2532     NO      ---
 NUMBER OF REACTION RESPONSE POINTS        =         132     NO      ---
 NUMBER OF FRAME RESPONSE POINTS           =        3664     NO      ---
 NUMBER OF SHELL RESPONSE POINTS           =        9156     NO      ---
                                               ----------
 TOTAL NUMBER OF RESPONSE POINTS           =       18016   NONE

 TIME FOR COMPUTING JOINT RESPONSE         =        1.53

 TIME FOR COMPUTING SPRING RESPONSE        =        1.45
 TIME FOR COMPUTING REACTION RESPONSE      =        0.62
 TIME FOR COMPUTING FRAME RESPONSE         =        1.70
 TIME FOR COMPUTING SHELL RESPONSE         =       14.30
 TIME FOR CONTROLLING ANALYSIS             =        0.02
                                               ----------
 TOTAL TIME FOR THIS ANALYSIS              =       19.72


 E I G E N   M O D A L   A N A L Y S I S                                21:45:19

 CASE: MODAL

 USING STIFFNESS AT ZERO (UNSTRESSED) INITIAL CONDITIONS

 NUMBER OF STIFFNESS DEGREES OF FREEDOM    =       14400
 NUMBER OF MASS DEGREES OF FREEDOM         =        7200
 MAXIMUM NUMBER OF EIGEN MODES SOUGHT      =          12
 MINIMUM NUMBER OF EIGEN MODES SOUGHT      =           1
 NUMBER OF RESIDUAL-MASS MODES SOUGHT      =           0
 NUMBER OF SUBSPACE VECTORS USED           =          24
 RELATIVE CONVERGENCE TOLERANCE            =    1.00E-09

 FREQUENCY SHIFT  (CENTER) (CYC/TIME)      =     .000000
 FREQUENCY CUTOFF (RADIUS) (CYC/TIME)      =  -INFINITY-
 ALLOW AUTOMATIC FREQUENCY SHIFTING        =         YES


 Original stiffness at shift : EV= 0.0000000E+00, f=     .000000, T=  -INFINITY-
 Number of eigenvalues below shift =      0
 Found mode      1 of     12:  EV= 3.4709613E+01, f=    0.937659, T=    1.066486
 Found mode      2 of     12:  EV= 1.1099198E+02, f=    1.676741, T=    0.596395
 Found mode      3 of     12:  EV= 1.3081581E+02, f=    1.820331, T=    0.549351

 Forming stiffness, new shift: EV= 3.6110645E+03, f=    9.563960, T=    0.104559
 Number of eigenvalues below shift =      3
 Found mode      4 of     12:  EV= 3.8011205E+03, f=    9.812416, T=    0.101912
 Found mode      5 of     12:  EV= 6.5455226E+03, f=   12.876336, T=    0.077662
 Found mode      6 of     12:  EV= 6.7457021E+03, f=   13.071749, T=    0.076501
 Found mode      7 of     12:  EV= 7.2350898E+03, f=   13.537613, T=    0.073868
 Found mode      8 of     12:  EV= 7.9338802E+03, f=   14.176302, T=    0.070540
 Found mode      9 of     12:  EV= 8.9522853E+03, f=   15.058686, T=    0.066407
 Found mode     10 of     12:  EV= 9.2977513E+03, f=   15.346491, T=    0.065161
 Found mode     11 of     12:  EV= 9.6803891E+03, f=   15.659091, T=    0.063861
 Found mode     12 of     12:  EV= 1.0443959E+04, f=   16.264949, T=    0.061482

 NUMBER OF EIGEN MODES FOUND               =          12
 NUMBER OF ITERATIONS PERFORMED            =          15
 NUMBER OF STIFFNESS SHIFTS                =           1


 M O V I N G   L O A D   A N A L Y S I S                                21:45:21

 CASE: OTO

 USING VEHICLE RESPONSE FROM CASE: <Vehicle 1 0 0>

 VERTICAL DIRECTION FACTOR                 =    1.000000
 BRAKING/ACCELERATION DIRECTION FACTOR     =     .000000
 CENTRIFUGAL DIRECTION FACTOR              =     .000000


 M O V I N G   L O A D   A N A L Y S I S                                21:45:32

 CASE: CT-QC

 USING VEHICLE RESPONSE FROM CASE: <Vehicle 1 0 0>

 VERTICAL DIRECTION FACTOR                 =    1.000000
 BRAKING/ACCELERATION DIRECTION FACTOR     =     .000000
 CENTRIFUGAL DIRECTION FACTOR              =     .000000


 M O V I N G   L O A D   A N A L Y S I S                                21:45:43

 CASE: CT-KE

 USING VEHICLE RESPONSE FROM CASE: <Vehicle 1 0 0>

 VERTICAL DIRECTION FACTOR                 =    1.000000
 BRAKING/ACCELERATION DIRECTION FACTOR     =     .000000
 CENTRIFUGAL DIRECTION FACTOR              =     .000000


 A N A L Y S I S   C O M P L E T E                          2026/09/09  21:45:57
