

 SAP2000 v24.0.0 Ultimate 64-bit (Analysis Build 9894/64)
 File: D:\Run\MOSFOA_MD\MD_Sap\MD_v3.LOG




 B E G I N   A N A L Y S I S                                2025/08/29  17:45:17


 RUNNING ANALYSIS WITHIN THE GUI PROCESS
 USING THE ADVANCED SOLVER (PROVIDES LIMITED INSTABILITY INFORMATION)

 NUMBER OF JOINTS                          =          93
    WITH RESTRAINTS                        =          18
 NUMBER OF FRAME/CABLE/TENDON ELEMENTS     =          18
 NUMBER OF SOLID ELEMENTS                  =          32
 NUMBER OF CONSTRAINTS/WELDS               =           1
 NUMBER OF LOAD PATTERNS                   =           3
 NUMBER OF ACCELERATION LOADS              =           9
 NUMBER OF LOAD CASES                      =           3
 NUMBER OF MASS SOURCES                    =           1

 UNITS (FORCE, LENGTH, TEMPERATURE, TIME)  = tonf, m, °C, sec
 GRAVITATIONAL ACCELERATION                =    9.806650

 ADDRESSABLE PHYSICAL MEMORY (RAM)         =      63.927 GB

 PARALLELIZATION OF ANALYSIS OPERATIONS:
  (Env. variable SAPFIRE_NUM_THREADS not set)
 NUMBER OF THREADS: STATE (AUTOMATIC)      =          16
 NUMBER OF THREADS: STIFFNESS (AUTOMATIC)  =          16
 NUMBER OF THREADS: EVENT (AUTOMATIC)      =          16
 NUMBER OF THREADS: MOVE (AUTOMATIC)       =          16
 NUMBER OF THREADS: RESPONSE (AUTOMATIC)   =          16
 NUMBER OF THREADS: SOLVE (AUTOMATIC)      =          16
 NUMBER OF THREADS: FORM (AUTOMATIC)       =          16


 E L E M E N T   F O R M A T I O N                                      17:45:17


 NUMBER OF COUPLED CONSTRAINT EQUATIONS    =           0


 L I N E A R   E Q U A T I O N   S O L U T I O N                        17:45:17

 FORMING STIFFNESS AT ZERO (UNSTRESSED) INITIAL CONDITIONS

 TOTAL NUMBER OF EQUILIBRIUM EQUATIONS     =          60
 NUMBER OF NON-ZERO STIFFNESS TERMS        =         264

 ---------------------------------
 BASIC STABILITY CHECK FOR LINEAR LOAD CASES:
    NUMBER OF NEGATIVE STIFFNESS EIGENVALUES SHOULD BE ZERO FOR STABILITY.
    (NOTE: FURTHER CHECKS SHOULD BE CONSIDERED AS DEEMED NECESSARY,
     SUCH AS REVIEWING EIGEN MODES FOR MECHANISMS AND RIGID-BODY MOTION)

    NUMBER OF NEGATIVE EIGENVALUES         =           0,  OK.
 ---------------------------------


 L I N E A R   S T A T I C   C A S E S                                  17:45:17

 USING STIFFNESS AT ZERO (UNSTRESSED) INITIAL CONDITIONS

 TOTAL NUMBER OF CASES TO SOLVE            =           3
 NUMBER OF CASES TO SOLVE PER BLOCK        =           3

 LINEAR STATIC CASES TO BE SOLVED:

 CASE: DEAD
 CASE: NEO
 CASE: HT


 A N A L Y S I S   C O M P L E T E                          2025/08/29  17:45:17
