

 SAP2000 v24.0.0 Ultimate 64-bit (Analysis Build 9894/64)
 File: D:\ResearchLab\02_Proje...FOA\code\SOO_MPJ\MPJ_Sap\SOO_Cost_W02\MPJ_2.LOG




 B E G I N   A N A L Y S I S                                2026/08/19  07:45:48


 RUNNING ANALYSIS WITHIN THE GUI PROCESS
 USING THE ADVANCED SOLVER (PROVIDES LIMITED INSTABILITY INFORMATION)

 NUMBER OF JOINTS                          =         285
    WITH RESTRAINTS                        =          28
 NUMBER OF FRAME/CABLE/TENDON ELEMENTS     =         152
 NUMBER OF SHELL ELEMENTS                  =         216
 NUMBER OF LOAD PATTERNS                   =           2
 NUMBER OF ACCELERATION LOADS              =           9
 NUMBER OF LOAD CASES                      =           3
 NUMBER OF MASS SOURCES                    =           1

 UNITS (FORCE, LENGTH, TEMPERATURE, TIME)  = tonf, m, °C, sec
 GRAVITATIONAL ACCELERATION                =    9.806650

 ADDRESSABLE PHYSICAL MEMORY (RAM)         =      47.905 GB

 PARALLELIZATION OF ANALYSIS OPERATIONS:
  (Env. variable SAPFIRE_NUM_THREADS not set)
 NUMBER OF THREADS: STATE (AUTOMATIC)      =          14
 NUMBER OF THREADS: STIFFNESS (AUTOMATIC)  =          14
 NUMBER OF THREADS: EVENT (AUTOMATIC)      =          14
 NUMBER OF THREADS: MOVE (AUTOMATIC)       =          14
 NUMBER OF THREADS: RESPONSE (AUTOMATIC)   =          14
 NUMBER OF THREADS: SOLVE (AUTOMATIC)      =          14
 NUMBER OF THREADS: FORM (AUTOMATIC)       =          14


 E L E M E N T   F O R M A T I O N                                      07:45:48



 L I N E A R   E Q U A T I O N   S O L U T I O N                        07:45:48

 FORMING STIFFNESS AT ZERO (UNSTRESSED) INITIAL CONDITIONS

 TOTAL NUMBER OF EQUILIBRIUM EQUATIONS     =        1626
 NUMBER OF NON-ZERO STIFFNESS TERMS        =       38535

 ---------------------------------
 BASIC STABILITY CHECK FOR LINEAR LOAD CASES:
    NUMBER OF NEGATIVE STIFFNESS EIGENVALUES SHOULD BE ZERO FOR STABILITY.
    (NOTE: FURTHER CHECKS SHOULD BE CONSIDERED AS DEEMED NECESSARY,
     SUCH AS REVIEWING EIGEN MODES FOR MECHANISMS AND RIGID-BODY MOTION)

    NUMBER OF NEGATIVE EIGENVALUES         =           0,  OK.
 ---------------------------------


 L I N E A R   S T A T I C   C A S E S                                  07:45:48

 USING STIFFNESS AT ZERO (UNSTRESSED) INITIAL CONDITIONS

 TOTAL NUMBER OF CASES TO SOLVE            =           2
 NUMBER OF CASES TO SOLVE PER BLOCK        =           2

 LINEAR STATIC CASES TO BE SOLVED:

 CASE: DEAD
 CASE: LL


 E I G E N   M O D A L   A N A L Y S I S                                07:45:48

 CASE: MODAL

 USING STIFFNESS AT ZERO (UNSTRESSED) INITIAL CONDITIONS

 NUMBER OF STIFFNESS DEGREES OF FREEDOM    =        1626
 NUMBER OF MASS DEGREES OF FREEDOM         =         813
 MAXIMUM NUMBER OF EIGEN MODES SOUGHT      =          12
 MINIMUM NUMBER OF EIGEN MODES SOUGHT      =           1
 NUMBER OF RESIDUAL-MASS MODES SOUGHT      =           0
 NUMBER OF SUBSPACE VECTORS USED           =          24
 RELATIVE CONVERGENCE TOLERANCE            =    1.00E-09

 FREQUENCY SHIFT  (CENTER) (CYC/TIME)      =     .000000
 FREQUENCY CUTOFF (RADIUS) (CYC/TIME)      =  -INFINITY-
 ALLOW AUTOMATIC FREQUENCY SHIFTING        =         YES


 Original stiffness at shift : EV= 0.0000000E+00, f=     .000000, T=  -INFINITY-
 Number of eigenvalues below shift =      0

 Forming stiffness, new shift: EV= 1.0536195E+03, f=    5.166091, T=    0.193570
 Number of eigenvalues below shift =      0
 Found mode      1 of     12:  EV= 1.1081601E+03, f=    5.298115, T=    0.188746
 Found mode      2 of     12:  EV= 1.3737459E+03, f=    5.898931, T=    0.169522

 Forming stiffness, new shift: EV= 1.7190878E+03, f=    6.598864, T=    0.151541
 Number of eigenvalues below shift =      2
 Found mode      3 of     12:  EV= 1.7541029E+03, f=    6.665729, T=    0.150021
 Found mode      4 of     12:  EV= 2.0473435E+03, f=    7.201376, T=    0.138862
 Found mode      5 of     12:  EV= 2.0473435E+03, f=    7.201376, T=    0.138862
 Found mode      6 of     12:  EV= 2.0473435E+03, f=    7.201376, T=    0.138862
 Found mode      7 of     12:  EV= 2.0473435E+03, f=    7.201376, T=    0.138862
 Found mode      8 of     12:  EV= 2.0473435E+03, f=    7.201376, T=    0.138862
 Found mode      9 of     12:  EV= 2.0473435E+03, f=    7.201376, T=    0.138862
 Found mode     10 of     12:  EV= 2.0473435E+03, f=    7.201376, T=    0.138862
 Found mode     11 of     12:  EV= 2.0473435E+03, f=    7.201376, T=    0.138862
 Found mode     12 of     12:  EV= 2.0473435E+03, f=    7.201376, T=    0.138862

 NUMBER OF EIGEN MODES FOUND               =          12
 NUMBER OF ITERATIONS PERFORMED            =          19
 NUMBER OF STIFFNESS SHIFTS                =           2


 A N A L Y S I S   C O M P L E T E                          2026/08/19  07:45:48
