

 SAP2000 v24.0.0 Ultimate 64-bit (Analysis Build 9894/64)
 File: D:\ResearchLab\02_Proje...e\SOO_KeSauCau\Ke_Sap\..\..\..\Sap\ke pd 10.LOG




 B E G I N   A N A L Y S I S                                2026/09/05  11:12:38


 RUNNING ANALYSIS AS A SEPARATE PROCESS
 USING THE ADVANCED SOLVER (PROVIDES LIMITED INSTABILITY INFORMATION)

 NUMBER OF JOINTS                          =        1814
    WITH RESTRAINTS                        =         142
 NUMBER OF FRAME/CABLE/TENDON ELEMENTS     =         142
 NUMBER OF SHELL ELEMENTS                  =        1552
 NUMBER OF LOAD PATTERNS                   =           5
 NUMBER OF ACCELERATION LOADS              =           9
 NUMBER OF LOAD CASES                      =           5
 NUMBER OF MASS SOURCES                    =           1

 UNITS (FORCE, LENGTH, TEMPERATURE, TIME)  = tonf, m, °C, sec
 GRAVITATIONAL ACCELERATION                =    9.806650

 ADDRESSABLE PHYSICAL MEMORY (RAM)         =      47.905 GB

 PARALLELIZATION OF ANALYSIS OPERATIONS:
  (Env. variable SAPFIRE_NUM_THREADS not set)
 NUMBER OF THREADS: STATE (AUTOMATIC)      =          14
 NUMBER OF THREADS: STIFFNESS (AUTOMATIC)  =          14
 NUMBER OF THREADS: EVENT (AUTOMATIC)      =          14
 NUMBER OF THREADS: MOVE (AUTOMATIC)       =          14
 NUMBER OF THREADS: RESPONSE (AUTOMATIC)   =          14
 NUMBER OF THREADS: SOLVE (AUTOMATIC)      =          14
 NUMBER OF THREADS: FORM (AUTOMATIC)       =          14


 E L E M E N T   F O R M A T I O N                                      11:12:38



 L I N E A R   E Q U A T I O N   S O L U T I O N                        11:12:38

 FORMING STIFFNESS AT ZERO (UNSTRESSED) INITIAL CONDITIONS

 TOTAL NUMBER OF EQUILIBRIUM EQUATIONS     =       10032
 NUMBER OF NON-ZERO STIFFNESS TERMS        =      262884

 ---------------------------------
 BASIC STABILITY CHECK FOR LINEAR LOAD CASES:
    NUMBER OF NEGATIVE STIFFNESS EIGENVALUES SHOULD BE ZERO FOR STABILITY.
    (NOTE: FURTHER CHECKS SHOULD BE CONSIDERED AS DEEMED NECESSARY,
     SUCH AS REVIEWING EIGEN MODES FOR MECHANISMS AND RIGID-BODY MOTION)

    NUMBER OF NEGATIVE EIGENVALUES         =           0,  OK.
 ---------------------------------


 L I N E A R   S T A T I C   C A S E S                                  11:12:38

 USING STIFFNESS AT ZERO (UNSTRESSED) INITIAL CONDITIONS

 TOTAL NUMBER OF CASES TO SOLVE            =           5
 NUMBER OF CASES TO SOLVE PER BLOCK        =           5

 LINEAR STATIC CASES TO BE SOLVED:

 CASE: DEAD
 CASE: GDAT
 CASE: PDAT
 CASE: ALD
 CASE: HH


 A N A L Y S I S   C O M P L E T E                          2026/09/05  11:12:39
