
=== Session start 15-Aug-2026 22:37:08 (mode=smoke, Nrun=1) ===
[15-Aug-2026 22:38:24] run01 it=1/1 best(penalized)=0.0002 raw=0.0002 FEs=16 elapsed=21.7s
[15-Aug-2026 22:38:24] run01 DONE best(penalized)=0.0002 raw=0.0002 elapsed=21.7s -> saved D:\ResearchLab\02_Projects\02_Projects\Tap chi XD_SFOA\code\SOO_MPJ\results\MPJ_SOO_Displacement_run01_SMOKE.mat

=== Session start 17-Aug-2026 17:35:28 (mode=pilot30, Nrun=1) ===
[17-Aug-2026 17:41:44] run01 it=10/250 best(penalized)=0.0000 raw=0.0000 FEs=330 elapsed=294.2s
[17-Aug-2026 17:47:26] run01 it=20/250 best(penalized)=0.0000 raw=0.0000 FEs=630 elapsed=636.3s
[17-Aug-2026 17:50:49] run01 it=30/250 best(penalized)=0.0000 raw=0.0000 FEs=930 elapsed=838.8s
[17-Aug-2026 17:53:48] run01 it=40/250 best(penalized)=0.0000 raw=0.0000 FEs=1230 elapsed=1018.3s
[17-Aug-2026 17:57:54] run01 it=50/250 best(penalized)=0.0000 raw=0.0000 FEs=1530 elapsed=1264.5s
[17-Aug-2026 18:02:15] run01 it=60/250 best(penalized)=0.0000 raw=0.0000 FEs=1830 elapsed=1525.0s
[17-Aug-2026 18:07:07] run01 it=70/250 best(penalized)=0.0000 raw=0.0000 FEs=2130 elapsed=1817.4s
[17-Aug-2026 18:11:47] run01 it=80/250 best(penalized)=0.0000 raw=0.0000 FEs=2430 elapsed=2097.3s

=== Session start 17-Aug-2026 20:02:46 (mode=pilot30, Nrun=1) ===
[17-Aug-2026 20:08:24] run01 it=90/250 best(penalized)=0.0000 raw=0.0000 FEs=2730 elapsed=2354.0s
[17-Aug-2026 20:13:19] run01 it=100/250 best(penalized)=0.0000 raw=0.0000 FEs=3030 elapsed=2649.7s
[17-Aug-2026 20:18:50] run01 it=110/250 best(penalized)=0.0000 raw=0.0000 FEs=3330 elapsed=2980.0s
[17-Aug-2026 20:23:36] run01 it=120/250 best(penalized)=0.0000 raw=0.0000 FEs=3630 elapsed=3266.2s
[17-Aug-2026 20:29:06] run01 it=130/250 best(penalized)=0.0000 raw=0.0000 FEs=3930 elapsed=3596.4s
[17-Aug-2026 20:34:19] run01 it=140/250 best(penalized)=0.0000 raw=0.0000 FEs=4230 elapsed=3909.4s
[17-Aug-2026 20:39:40] run01 it=150/250 best(penalized)=0.0000 raw=0.0000 FEs=4530 elapsed=4230.8s
[17-Aug-2026 20:45:12] run01 it=160/250 best(penalized)=0.0000 raw=0.0000 FEs=4830 elapsed=4562.8s
[17-Aug-2026 20:51:16] run01 it=170/250 best(penalized)=0.0000 raw=0.0000 FEs=5130 elapsed=4926.3s
[17-Aug-2026 20:57:18] run01 it=180/250 best(penalized)=0.0000 raw=0.0000 FEs=5430 elapsed=5288.7s
[17-Aug-2026 21:02:46] run01 it=190/250 best(penalized)=0.0000 raw=0.0000 FEs=5730 elapsed=5616.5s
[17-Aug-2026 21:07:43] run01 it=200/250 best(penalized)=0.0000 raw=0.0000 FEs=6030 elapsed=5913.5s
[17-Aug-2026 21:13:34] run01 it=210/250 best(penalized)=0.0000 raw=0.0000 FEs=6330 elapsed=6264.2s
[17-Aug-2026 21:19:20] run01 it=220/250 best(penalized)=0.0000 raw=0.0000 FEs=6630 elapsed=6610.5s
[17-Aug-2026 21:25:17] run01 it=230/250 best(penalized)=0.0000 raw=0.0000 FEs=6930 elapsed=6968.0s
[17-Aug-2026 21:31:10] run01 it=240/250 best(penalized)=0.0000 raw=0.0000 FEs=7230 elapsed=7321.0s
[17-Aug-2026 21:36:37] run01 it=250/250 best(penalized)=0.0000 raw=0.0000 FEs=7530 elapsed=7647.3s
[17-Aug-2026 21:36:37] run01 DONE best(penalized)=0.0000 raw=0.0000 elapsed=7647.3s -> saved D:\ResearchLab\02_Projects\02_Projects\Tap chi XD_SFOA\code\SOO_MPJ\results\MPJ_SOO_Displacement_run01_PILOT30.mat

=== Session start 19-Aug-2026 07:46:48 (mode=campaign, Nrun=30) ===
[19-Aug-2026 07:53:04] run01 it=10/150 best(penalized)=0.0000 raw=0.0000 FEs=330 elapsed=285.4s
[19-Aug-2026 07:58:35] run01 it=20/150 best(penalized)=0.0000 raw=0.0000 FEs=630 elapsed=616.2s
[19-Aug-2026 08:03:18] run01 it=30/150 best(penalized)=0.0000 raw=0.0000 FEs=930 elapsed=900.0s
[19-Aug-2026 08:06:12] run01 it=40/150 best(penalized)=0.0000 raw=0.0000 FEs=1230 elapsed=1074.1s
[19-Aug-2026 08:09:46] run01 it=50/150 best(penalized)=0.0000 raw=0.0000 FEs=1530 elapsed=1287.9s
[19-Aug-2026 08:13:44] run01 it=60/150 best(penalized)=0.0000 raw=0.0000 FEs=1830 elapsed=1525.4s
[19-Aug-2026 08:17:23] run01 it=70/150 best(penalized)=0.0000 raw=0.0000 FEs=2130 elapsed=1745.0s
[19-Aug-2026 08:21:52] run01 it=80/150 best(penalized)=0.0000 raw=0.0000 FEs=2430 elapsed=2013.6s
[19-Aug-2026 08:26:13] run01 it=90/150 best(penalized)=0.0000 raw=0.0000 FEs=2730 elapsed=2274.8s
[19-Aug-2026 08:30:56] run01 it=100/150 best(penalized)=0.0000 raw=0.0000 FEs=3030 elapsed=2558.0s
[19-Aug-2026 08:36:09] run01 it=110/150 best(penalized)=0.0000 raw=0.0000 FEs=3330 elapsed=2870.5s
[19-Aug-2026 08:40:52] run01 it=120/150 best(penalized)=0.0000 raw=0.0000 FEs=3630 elapsed=3153.9s
[19-Aug-2026 08:45:58] run01 it=130/150 best(penalized)=0.0000 raw=0.0000 FEs=3930 elapsed=3460.1s
[19-Aug-2026 08:51:30] run01 it=140/150 best(penalized)=0.0000 raw=0.0000 FEs=4230 elapsed=3791.8s
[19-Aug-2026 08:56:12] run01 it=150/150 best(penalized)=0.0000 raw=0.0000 FEs=4530 elapsed=4073.3s
[19-Aug-2026 08:56:12] run01 DONE best(penalized)=0.0000 raw=0.0000 elapsed=4073.3s -> saved D:\ResearchLab\02_Projects\02_Projects\Tap chi XD_SFOA\code\SOO_MPJ\results\MPJ_SOO_Displacement_run01_CAMPAIGN.mat
[19-Aug-2026 08:59:23] run02 it=10/150 best(penalized)=0.0000 raw=0.0000 FEs=330 elapsed=191.3s
[19-Aug-2026 09:03:01] run02 it=20/150 best(penalized)=0.0000 raw=0.0000 FEs=630 elapsed=409.6s
[19-Aug-2026 09:06:22] run02 it=30/150 best(penalized)=0.0000 raw=0.0000 FEs=930 elapsed=610.1s
[19-Aug-2026 09:10:30] run02 it=40/150 best(penalized)=0.0000 raw=0.0000 FEs=1230 elapsed=858.5s
[19-Aug-2026 09:14:45] run02 it=50/150 best(penalized)=0.0000 raw=0.0000 FEs=1530 elapsed=1113.4s
[19-Aug-2026 09:18:57] run02 it=60/150 best(penalized)=0.0000 raw=0.0000 FEs=1830 elapsed=1365.2s
[19-Aug-2026 09:23:14] run02 it=70/150 best(penalized)=0.0000 raw=0.0000 FEs=2130 elapsed=1622.5s
[19-Aug-2026 09:27:27] run02 it=80/150 best(penalized)=0.0000 raw=0.0000 FEs=2430 elapsed=1874.9s
[19-Aug-2026 09:31:22] run02 it=90/150 best(penalized)=0.0000 raw=0.0000 FEs=2730 elapsed=2110.4s
[19-Aug-2026 09:35:28] run02 it=100/150 best(penalized)=0.0000 raw=0.0000 FEs=3030 elapsed=2356.1s
[19-Aug-2026 09:40:11] run02 it=110/150 best(penalized)=0.0000 raw=0.0000 FEs=3330 elapsed=2639.5s
[19-Aug-2026 09:45:39] run02 it=120/150 best(penalized)=0.0000 raw=0.0000 FEs=3630 elapsed=2966.9s
[19-Aug-2026 09:51:48] run02 it=130/150 best(penalized)=0.0000 raw=0.0000 FEs=3930 elapsed=3336.6s
[19-Aug-2026 09:57:41] run02 it=140/150 best(penalized)=0.0000 raw=0.0000 FEs=4230 elapsed=3689.3s
[19-Aug-2026 10:03:11] run02 it=150/150 best(penalized)=0.0000 raw=0.0000 FEs=4530 elapsed=4019.5s
[19-Aug-2026 10:03:11] run02 DONE best(penalized)=0.0000 raw=0.0000 elapsed=4019.5s -> saved D:\ResearchLab\02_Projects\02_Projects\Tap chi XD_SFOA\code\SOO_MPJ\results\MPJ_SOO_Displacement_run02_CAMPAIGN.mat
[19-Aug-2026 10:06:48] run03 it=10/150 best(penalized)=0.0000 raw=0.0000 FEs=330 elapsed=216.8s
[19-Aug-2026 10:11:27] run03 it=20/150 best(penalized)=0.0000 raw=0.0000 FEs=630 elapsed=495.2s
[19-Aug-2026 10:16:14] run03 it=30/150 best(penalized)=0.0000 raw=0.0000 FEs=930 elapsed=783.1s
[19-Aug-2026 10:20:22] run03 it=40/150 best(penalized)=0.0000 raw=0.0000 FEs=1230 elapsed=1030.8s
[19-Aug-2026 10:25:00] run03 it=50/150 best(penalized)=0.0000 raw=0.0000 FEs=1530 elapsed=1308.7s
[19-Aug-2026 10:30:22] run03 it=60/150 best(penalized)=0.0000 raw=0.0000 FEs=1830 elapsed=1630.7s
[19-Aug-2026 10:35:38] run03 it=70/150 best(penalized)=0.0000 raw=0.0000 FEs=2130 elapsed=1946.6s
[19-Aug-2026 10:41:05] run03 it=80/150 best(penalized)=0.0000 raw=0.0000 FEs=2430 elapsed=2274.2s
[19-Aug-2026 10:45:55] run03 it=90/150 best(penalized)=0.0000 raw=0.0000 FEs=2730 elapsed=2563.3s
[19-Aug-2026 10:51:01] run03 it=100/150 best(penalized)=0.0000 raw=0.0000 FEs=3030 elapsed=2869.5s
[19-Aug-2026 10:56:07] run03 it=110/150 best(penalized)=0.0000 raw=0.0000 FEs=3330 elapsed=3176.0s
[19-Aug-2026 11:01:32] run03 it=120/150 best(penalized)=0.0000 raw=0.0000 FEs=3630 elapsed=3500.6s
[19-Aug-2026 11:07:21] run03 it=130/150 best(penalized)=0.0000 raw=0.0000 FEs=3930 elapsed=3849.9s
[19-Aug-2026 11:12:31] run03 it=140/150 best(penalized)=0.0000 raw=0.0000 FEs=4230 elapsed=4159.5s
[19-Aug-2026 11:17:50] run03 it=150/150 best(penalized)=0.0000 raw=0.0000 FEs=4530 elapsed=4479.1s
[19-Aug-2026 11:17:50] run03 DONE best(penalized)=0.0000 raw=0.0000 elapsed=4479.1s -> saved D:\ResearchLab\02_Projects\02_Projects\Tap chi XD_SFOA\code\SOO_MPJ\results\MPJ_SOO_Displacement_run03_CAMPAIGN.mat
[19-Aug-2026 11:22:57] run04 it=10/150 best(penalized)=0.0000 raw=0.0000 FEs=330 elapsed=306.9s
[19-Aug-2026 11:28:46] run04 it=20/150 best(penalized)=0.0000 raw=0.0000 FEs=630 elapsed=655.7s
[19-Aug-2026 11:34:59] run04 it=30/150 best(penalized)=0.0000 raw=0.0000 FEs=930 elapsed=1029.0s
[19-Aug-2026 11:41:12] run04 it=40/150 best(penalized)=0.0000 raw=0.0000 FEs=1230 elapsed=1401.7s
[19-Aug-2026 11:46:54] run04 it=50/150 best(penalized)=0.0000 raw=0.0000 FEs=1530 elapsed=1743.7s
[19-Aug-2026 11:51:48] run04 it=60/150 best(penalized)=0.0000 raw=0.0000 FEs=1830 elapsed=2037.8s
[19-Aug-2026 11:55:17] run04 it=70/150 best(penalized)=0.0000 raw=0.0000 FEs=2130 elapsed=2246.2s
[19-Aug-2026 11:59:26] run04 it=80/150 best(penalized)=0.0000 raw=0.0000 FEs=2430 elapsed=2495.6s
[19-Aug-2026 12:03:57] run04 it=90/150 best(penalized)=0.0000 raw=0.0000 FEs=2730 elapsed=2766.7s
[19-Aug-2026 12:07:58] run04 it=100/150 best(penalized)=0.0000 raw=0.0000 FEs=3030 elapsed=3007.7s
[19-Aug-2026 12:12:29] run04 it=110/150 best(penalized)=0.0000 raw=0.0000 FEs=3330 elapsed=3278.9s
[19-Aug-2026 12:17:41] run04 it=120/150 best(penalized)=0.0000 raw=0.0000 FEs=3630 elapsed=3590.2s
[19-Aug-2026 12:23:06] run04 it=130/150 best(penalized)=0.0000 raw=0.0000 FEs=3930 elapsed=3915.4s
[19-Aug-2026 12:28:52] run04 it=140/150 best(penalized)=0.0000 raw=0.0000 FEs=4230 elapsed=4261.8s
[19-Aug-2026 12:34:05] run04 it=150/150 best(penalized)=0.0000 raw=0.0000 FEs=4530 elapsed=4574.2s
[19-Aug-2026 12:34:05] run04 DONE best(penalized)=0.0000 raw=0.0000 elapsed=4574.2s -> saved D:\ResearchLab\02_Projects\02_Projects\Tap chi XD_SFOA\code\SOO_MPJ\results\MPJ_SOO_Displacement_run04_CAMPAIGN.mat
[19-Aug-2026 12:37:54] run05 it=10/150 best(penalized)=0.0000 raw=0.0000 FEs=330 elapsed=229.4s
[19-Aug-2026 12:40:51] run05 it=20/150 best(penalized)=0.0000 raw=0.0000 FEs=630 elapsed=406.1s
[19-Aug-2026 12:46:05] run05 it=30/150 best(penalized)=0.0000 raw=0.0000 FEs=930 elapsed=720.4s
[19-Aug-2026 12:51:03] run05 it=40/150 best(penalized)=0.0000 raw=0.0000 FEs=1230 elapsed=1018.8s
[19-Aug-2026 12:55:45] run05 it=50/150 best(penalized)=0.0000 raw=0.0000 FEs=1530 elapsed=1300.0s
[19-Aug-2026 13:00:25] run05 it=60/150 best(penalized)=0.0000 raw=0.0000 FEs=1830 elapsed=1580.6s
[19-Aug-2026 13:04:52] run05 it=70/150 best(penalized)=0.0000 raw=0.0000 FEs=2130 elapsed=1847.0s
[19-Aug-2026 13:09:50] run05 it=80/150 best(penalized)=0.0000 raw=0.0000 FEs=2430 elapsed=2144.9s
[19-Aug-2026 13:14:57] run05 it=90/150 best(penalized)=0.0000 raw=0.0000 FEs=2730 elapsed=2452.6s
[19-Aug-2026 13:20:23] run05 it=100/150 best(penalized)=0.0000 raw=0.0000 FEs=3030 elapsed=2778.8s
[19-Aug-2026 13:25:43] run05 it=110/150 best(penalized)=0.0000 raw=0.0000 FEs=3330 elapsed=3098.6s
[19-Aug-2026 13:31:30] run05 it=120/150 best(penalized)=0.0000 raw=0.0000 FEs=3630 elapsed=3445.3s
[19-Aug-2026 13:37:10] run05 it=130/150 best(penalized)=0.0000 raw=0.0000 FEs=3930 elapsed=3785.8s
[19-Aug-2026 13:43:10] run05 it=140/150 best(penalized)=0.0000 raw=0.0000 FEs=4230 elapsed=4144.9s
[19-Aug-2026 13:49:16] run05 it=150/150 best(penalized)=0.0000 raw=0.0000 FEs=4530 elapsed=4511.5s
[19-Aug-2026 13:49:16] run05 DONE best(penalized)=0.0000 raw=0.0000 elapsed=4511.5s -> saved D:\ResearchLab\02_Projects\02_Projects\Tap chi XD_SFOA\code\SOO_MPJ\results\MPJ_SOO_Displacement_run05_CAMPAIGN.mat
[19-Aug-2026 13:52:34] run06 it=10/150 best(penalized)=0.0000 raw=0.0000 FEs=330 elapsed=197.7s
[19-Aug-2026 13:56:51] run06 it=20/150 best(penalized)=0.0000 raw=0.0000 FEs=630 elapsed=454.5s
[19-Aug-2026 14:00:44] run06 it=30/150 best(penalized)=0.0000 raw=0.0000 FEs=930 elapsed=687.9s
[19-Aug-2026 14:05:09] run06 it=40/150 best(penalized)=0.0000 raw=0.0000 FEs=1230 elapsed=953.3s
[19-Aug-2026 14:09:18] run06 it=50/150 best(penalized)=0.0000 raw=0.0000 FEs=1530 elapsed=1201.6s
[19-Aug-2026 14:13:30] run06 it=60/150 best(penalized)=0.0000 raw=0.0000 FEs=1830 elapsed=1454.0s
[19-Aug-2026 14:18:04] run06 it=70/150 best(penalized)=0.0000 raw=0.0000 FEs=2130 elapsed=1727.9s
[19-Aug-2026 14:22:28] run06 it=80/150 best(penalized)=0.0000 raw=0.0000 FEs=2430 elapsed=1992.0s
[19-Aug-2026 14:27:11] run06 it=90/150 best(penalized)=0.0000 raw=0.0000 FEs=2730 elapsed=2274.4s
[19-Aug-2026 14:32:42] run06 it=100/150 best(penalized)=0.0000 raw=0.0000 FEs=3030 elapsed=2606.4s
[19-Aug-2026 14:37:28] run06 it=110/150 best(penalized)=0.0000 raw=0.0000 FEs=3330 elapsed=2892.0s
[19-Aug-2026 14:42:27] run06 it=120/150 best(penalized)=0.0000 raw=0.0000 FEs=3630 elapsed=3191.2s
[19-Aug-2026 14:47:50] run06 it=130/150 best(penalized)=0.0000 raw=0.0000 FEs=3930 elapsed=3514.0s
[19-Aug-2026 14:52:39] run06 it=140/150 best(penalized)=0.0000 raw=0.0000 FEs=4230 elapsed=3802.4s
[19-Aug-2026 14:57:39] run06 it=150/150 best(penalized)=0.0000 raw=0.0000 FEs=4530 elapsed=4103.1s
[19-Aug-2026 14:57:39] run06 DONE best(penalized)=0.0000 raw=0.0000 elapsed=4103.1s -> saved D:\ResearchLab\02_Projects\02_Projects\Tap chi XD_SFOA\code\SOO_MPJ\results\MPJ_SOO_Displacement_run06_CAMPAIGN.mat
[19-Aug-2026 15:01:01] run07 it=10/150 best(penalized)=0.0000 raw=0.0000 FEs=330 elapsed=201.9s
[19-Aug-2026 15:05:31] run07 it=20/150 best(penalized)=0.0000 raw=0.0000 FEs=630 elapsed=472.1s
[19-Aug-2026 15:09:24] run07 it=30/150 best(penalized)=0.0000 raw=0.0000 FEs=930 elapsed=704.6s
[19-Aug-2026 15:13:30] run07 it=40/150 best(penalized)=0.0000 raw=0.0000 FEs=1230 elapsed=950.7s
[19-Aug-2026 15:17:51] run07 it=50/150 best(penalized)=0.0000 raw=0.0000 FEs=1530 elapsed=1211.8s
[19-Aug-2026 15:21:19] run07 it=60/150 best(penalized)=0.0000 raw=0.0000 FEs=1830 elapsed=1419.5s
[19-Aug-2026 15:26:06] run07 it=70/150 best(penalized)=0.0000 raw=0.0000 FEs=2130 elapsed=1706.8s
[19-Aug-2026 15:30:24] run07 it=80/150 best(penalized)=0.0000 raw=0.0000 FEs=2430 elapsed=1964.9s
[19-Aug-2026 15:35:20] run07 it=90/150 best(penalized)=0.0000 raw=0.0000 FEs=2730 elapsed=2260.4s
[19-Aug-2026 15:40:15] run07 it=100/150 best(penalized)=0.0000 raw=0.0000 FEs=3030 elapsed=2556.0s
[19-Aug-2026 15:44:56] run07 it=110/150 best(penalized)=0.0000 raw=0.0000 FEs=3330 elapsed=2836.4s
[19-Aug-2026 15:49:23] run07 it=120/150 best(penalized)=0.0000 raw=0.0000 FEs=3630 elapsed=3104.2s
[19-Aug-2026 15:54:52] run07 it=130/150 best(penalized)=0.0000 raw=0.0000 FEs=3930 elapsed=3432.7s
[19-Aug-2026 15:59:48] run07 it=140/150 best(penalized)=0.0000 raw=0.0000 FEs=4230 elapsed=3728.5s
[19-Aug-2026 16:05:11] run07 it=150/150 best(penalized)=0.0000 raw=0.0000 FEs=4530 elapsed=4051.5s
[19-Aug-2026 16:05:11] run07 DONE best(penalized)=0.0000 raw=0.0000 elapsed=4051.5s -> saved D:\ResearchLab\02_Projects\02_Projects\Tap chi XD_SFOA\code\SOO_MPJ\results\MPJ_SOO_Displacement_run07_CAMPAIGN.mat
[19-Aug-2026 16:08:40] run08 it=10/150 best(penalized)=0.0000 raw=0.0000 FEs=330 elapsed=209.5s
[19-Aug-2026 16:13:13] run08 it=20/150 best(penalized)=0.0000 raw=0.0000 FEs=630 elapsed=482.6s
[19-Aug-2026 16:16:43] run08 it=30/150 best(penalized)=0.0000 raw=0.0000 FEs=930 elapsed=692.3s
[19-Aug-2026 16:20:01] run08 it=40/150 best(penalized)=0.0000 raw=0.0000 FEs=1230 elapsed=890.0s
[19-Aug-2026 16:24:05] run08 it=50/150 best(penalized)=0.0000 raw=0.0000 FEs=1530 elapsed=1134.5s
[19-Aug-2026 16:28:03] run08 it=60/150 best(penalized)=0.0000 raw=0.0000 FEs=1830 elapsed=1372.0s
[19-Aug-2026 16:31:47] run08 it=70/150 best(penalized)=0.0000 raw=0.0000 FEs=2130 elapsed=1595.8s
[19-Aug-2026 16:36:07] run08 it=80/150 best(penalized)=0.0000 raw=0.0000 FEs=2430 elapsed=1856.5s
[19-Aug-2026 16:40:01] run08 it=90/150 best(penalized)=0.0000 raw=0.0000 FEs=2730 elapsed=2090.3s
[19-Aug-2026 16:44:27] run08 it=100/150 best(penalized)=0.0000 raw=0.0000 FEs=3030 elapsed=2356.7s
[19-Aug-2026 16:49:05] run08 it=110/150 best(penalized)=0.0000 raw=0.0000 FEs=3330 elapsed=2634.1s
[19-Aug-2026 16:53:46] run08 it=120/150 best(penalized)=0.0000 raw=0.0000 FEs=3630 elapsed=2915.7s
[19-Aug-2026 16:58:38] run08 it=130/150 best(penalized)=0.0000 raw=0.0000 FEs=3930 elapsed=3207.1s
[19-Aug-2026 17:04:11] run08 it=140/150 best(penalized)=0.0000 raw=0.0000 FEs=4230 elapsed=3540.5s
[19-Aug-2026 17:09:34] run08 it=150/150 best(penalized)=0.0000 raw=0.0000 FEs=4530 elapsed=3862.9s
[19-Aug-2026 17:09:34] run08 DONE best(penalized)=0.0000 raw=0.0000 elapsed=3862.9s -> saved D:\ResearchLab\02_Projects\02_Projects\Tap chi XD_SFOA\code\SOO_MPJ\results\MPJ_SOO_Displacement_run08_CAMPAIGN.mat
[19-Aug-2026 17:13:33] run09 it=10/150 best(penalized)=0.0000 raw=0.0000 FEs=330 elapsed=239.5s
[19-Aug-2026 17:16:33] run09 it=20/150 best(penalized)=0.0000 raw=0.0000 FEs=630 elapsed=419.8s
[19-Aug-2026 17:20:13] run09 it=30/150 best(penalized)=0.0000 raw=0.0000 FEs=930 elapsed=639.8s
[19-Aug-2026 17:24:23] run09 it=40/150 best(penalized)=0.0000 raw=0.0000 FEs=1230 elapsed=889.5s
[19-Aug-2026 17:27:52] run09 it=50/150 best(penalized)=0.0000 raw=0.0000 FEs=1530 elapsed=1098.6s
[19-Aug-2026 17:32:06] run09 it=60/150 best(penalized)=0.0000 raw=0.0000 FEs=1830 elapsed=1351.9s
[19-Aug-2026 17:36:33] run09 it=70/150 best(penalized)=0.0000 raw=0.0000 FEs=2130 elapsed=1619.2s
[19-Aug-2026 17:41:20] run09 it=80/150 best(penalized)=0.0000 raw=0.0000 FEs=2430 elapsed=1906.2s
[19-Aug-2026 17:46:00] run09 it=90/150 best(penalized)=0.0000 raw=0.0000 FEs=2730 elapsed=2186.8s
[19-Aug-2026 17:51:21] run09 it=100/150 best(penalized)=0.0000 raw=0.0000 FEs=3030 elapsed=2507.0s
[19-Aug-2026 17:56:37] run09 it=110/150 best(penalized)=0.0000 raw=0.0000 FEs=3330 elapsed=2823.6s
[19-Aug-2026 18:02:10] run09 it=120/150 best(penalized)=0.0000 raw=0.0000 FEs=3630 elapsed=3156.3s
[19-Aug-2026 18:08:07] run09 it=130/150 best(penalized)=0.0000 raw=0.0000 FEs=3930 elapsed=3513.3s
[19-Aug-2026 18:13:50] run09 it=140/150 best(penalized)=0.0000 raw=0.0000 FEs=4230 elapsed=3855.9s
[19-Aug-2026 18:19:15] run09 it=150/150 best(penalized)=0.0000 raw=0.0000 FEs=4530 elapsed=4181.1s
[19-Aug-2026 18:19:15] run09 DONE best(penalized)=0.0000 raw=0.0000 elapsed=4181.1s -> saved D:\ResearchLab\02_Projects\02_Projects\Tap chi XD_SFOA\code\SOO_MPJ\results\MPJ_SOO_Displacement_run09_CAMPAIGN.mat
[19-Aug-2026 18:23:02] run10 it=10/150 best(penalized)=0.0000 raw=0.0000 FEs=330 elapsed=227.4s
[19-Aug-2026 18:25:57] run10 it=20/150 best(penalized)=0.0000 raw=0.0000 FEs=630 elapsed=402.7s
[19-Aug-2026 18:29:55] run10 it=30/150 best(penalized)=0.0000 raw=0.0000 FEs=930 elapsed=640.7s
[19-Aug-2026 18:34:38] run10 it=40/150 best(penalized)=0.0000 raw=0.0000 FEs=1230 elapsed=923.7s
[19-Aug-2026 18:38:08] run10 it=50/150 best(penalized)=0.0000 raw=0.0000 FEs=1530 elapsed=1133.8s
[19-Aug-2026 18:41:48] run10 it=60/150 best(penalized)=0.0000 raw=0.0000 FEs=1830 elapsed=1353.7s
[19-Aug-2026 18:45:35] run10 it=70/150 best(penalized)=0.0000 raw=0.0000 FEs=2130 elapsed=1580.4s
[19-Aug-2026 18:49:52] run10 it=80/150 best(penalized)=0.0000 raw=0.0000 FEs=2430 elapsed=1836.9s
[19-Aug-2026 18:54:12] run10 it=90/150 best(penalized)=0.0000 raw=0.0000 FEs=2730 elapsed=2097.2s
[19-Aug-2026 18:58:51] run10 it=100/150 best(penalized)=0.0000 raw=0.0000 FEs=3030 elapsed=2376.1s
[19-Aug-2026 19:03:57] run10 it=110/150 best(penalized)=0.0000 raw=0.0000 FEs=3330 elapsed=2682.6s
[19-Aug-2026 19:08:42] run10 it=120/150 best(penalized)=0.0000 raw=0.0000 FEs=3630 elapsed=2967.1s
[19-Aug-2026 19:13:29] run10 it=130/150 best(penalized)=0.0000 raw=0.0000 FEs=3930 elapsed=3253.9s
[19-Aug-2026 19:18:40] run10 it=140/150 best(penalized)=0.0000 raw=0.0000 FEs=4230 elapsed=3565.0s
[19-Aug-2026 19:23:42] run10 it=150/150 best(penalized)=0.0000 raw=0.0000 FEs=4530 elapsed=3866.9s
[19-Aug-2026 19:23:42] run10 DONE best(penalized)=0.0000 raw=0.0000 elapsed=3866.9s -> saved D:\ResearchLab\02_Projects\02_Projects\Tap chi XD_SFOA\code\SOO_MPJ\results\MPJ_SOO_Displacement_run10_CAMPAIGN.mat
[19-Aug-2026 19:27:18] run11 it=10/150 best(penalized)=0.0000 raw=0.0000 FEs=330 elapsed=216.3s
[19-Aug-2026 19:31:23] run11 it=20/150 best(penalized)=0.0000 raw=0.0000 FEs=630 elapsed=461.6s
[19-Aug-2026 19:35:09] run11 it=30/150 best(penalized)=0.0000 raw=0.0000 FEs=930 elapsed=687.8s
[19-Aug-2026 19:39:12] run11 it=40/150 best(penalized)=0.0000 raw=0.0000 FEs=1230 elapsed=930.3s
[19-Aug-2026 19:43:41] run11 it=50/150 best(penalized)=0.0000 raw=0.0000 FEs=1530 elapsed=1199.3s
[19-Aug-2026 19:47:14] run11 it=60/150 best(penalized)=0.0000 raw=0.0000 FEs=1830 elapsed=1412.6s
[19-Aug-2026 19:51:46] run11 it=70/150 best(penalized)=0.0000 raw=0.0000 FEs=2130 elapsed=1684.8s
[19-Aug-2026 19:56:25] run11 it=80/150 best(penalized)=0.0000 raw=0.0000 FEs=2430 elapsed=1963.2s
[19-Aug-2026 20:01:32] run11 it=90/150 best(penalized)=0.0000 raw=0.0000 FEs=2730 elapsed=2270.0s
[19-Aug-2026 20:06:34] run11 it=100/150 best(penalized)=0.0000 raw=0.0000 FEs=3030 elapsed=2572.4s
[19-Aug-2026 20:11:19] run11 it=110/150 best(penalized)=0.0000 raw=0.0000 FEs=3330 elapsed=2857.4s
[19-Aug-2026 20:16:51] run11 it=120/150 best(penalized)=0.0000 raw=0.0000 FEs=3630 elapsed=3189.6s
[19-Aug-2026 20:21:36] run11 it=130/150 best(penalized)=0.0000 raw=0.0000 FEs=3930 elapsed=3473.9s
[19-Aug-2026 20:27:20] run11 it=140/150 best(penalized)=0.0000 raw=0.0000 FEs=4230 elapsed=3818.6s
[19-Aug-2026 20:32:33] run11 it=150/150 best(penalized)=0.0000 raw=0.0000 FEs=4530 elapsed=4130.9s
[19-Aug-2026 20:32:33] run11 DONE best(penalized)=0.0000 raw=0.0000 elapsed=4130.9s -> saved D:\ResearchLab\02_Projects\02_Projects\Tap chi XD_SFOA\code\SOO_MPJ\results\MPJ_SOO_Displacement_run11_CAMPAIGN.mat
[19-Aug-2026 20:37:43] run12 it=10/150 best(penalized)=0.0000 raw=0.0000 FEs=330 elapsed=310.9s
[19-Aug-2026 20:43:25] run12 it=20/150 best(penalized)=0.0000 raw=0.0000 FEs=630 elapsed=652.4s
[19-Aug-2026 20:48:46] run12 it=30/150 best(penalized)=0.0000 raw=0.0000 FEs=930 elapsed=973.8s
[19-Aug-2026 20:54:13] run12 it=40/150 best(penalized)=0.0000 raw=0.0000 FEs=1230 elapsed=1300.6s
[19-Aug-2026 20:57:16] run12 it=50/150 best(penalized)=0.0000 raw=0.0000 FEs=1530 elapsed=1483.1s
[19-Aug-2026 21:00:33] run12 it=60/150 best(penalized)=0.0000 raw=0.0000 FEs=1830 elapsed=1680.6s
[19-Aug-2026 21:05:21] run12 it=70/150 best(penalized)=0.0000 raw=0.0000 FEs=2130 elapsed=1968.0s
[19-Aug-2026 21:09:44] run12 it=80/150 best(penalized)=0.0000 raw=0.0000 FEs=2430 elapsed=2231.8s
[19-Aug-2026 21:14:32] run12 it=90/150 best(penalized)=0.0000 raw=0.0000 FEs=2730 elapsed=2519.8s
[19-Aug-2026 21:18:36] run12 it=100/150 best(penalized)=0.0000 raw=0.0000 FEs=3030 elapsed=2763.3s
[19-Aug-2026 21:23:40] run12 it=110/150 best(penalized)=0.0000 raw=0.0000 FEs=3330 elapsed=3067.1s
[19-Aug-2026 21:28:31] run12 it=120/150 best(penalized)=0.0000 raw=0.0000 FEs=3630 elapsed=3358.8s
[19-Aug-2026 21:32:51] run12 it=130/150 best(penalized)=0.0000 raw=0.0000 FEs=3930 elapsed=3618.7s
[19-Aug-2026 21:38:22] run12 it=140/150 best(penalized)=0.0000 raw=0.0000 FEs=4230 elapsed=3949.5s
[19-Aug-2026 21:43:12] run12 it=150/150 best(penalized)=0.0000 raw=0.0000 FEs=4530 elapsed=4239.0s
[19-Aug-2026 21:43:12] run12 DONE best(penalized)=0.0000 raw=0.0000 elapsed=4239.0s -> saved D:\ResearchLab\02_Projects\02_Projects\Tap chi XD_SFOA\code\SOO_MPJ\results\MPJ_SOO_Displacement_run12_CAMPAIGN.mat
[19-Aug-2026 21:48:00] run13 it=10/150 best(penalized)=0.0000 raw=0.0000 FEs=330 elapsed=288.5s
[19-Aug-2026 21:52:34] run13 it=20/150 best(penalized)=0.0000 raw=0.0000 FEs=630 elapsed=562.9s
[19-Aug-2026 21:55:59] run13 it=30/150 best(penalized)=0.0000 raw=0.0000 FEs=930 elapsed=767.4s
[19-Aug-2026 21:59:57] run13 it=40/150 best(penalized)=0.0000 raw=0.0000 FEs=1230 elapsed=1005.4s
[19-Aug-2026 22:04:38] run13 it=50/150 best(penalized)=0.0000 raw=0.0000 FEs=1530 elapsed=1286.6s
[19-Aug-2026 22:08:59] run13 it=60/150 best(penalized)=0.0000 raw=0.0000 FEs=1830 elapsed=1547.8s
[19-Aug-2026 22:13:28] run13 it=70/150 best(penalized)=0.0000 raw=0.0000 FEs=2130 elapsed=1816.1s
[19-Aug-2026 22:18:05] run13 it=80/150 best(penalized)=0.0000 raw=0.0000 FEs=2430 elapsed=2093.2s
[19-Aug-2026 22:23:01] run13 it=90/150 best(penalized)=0.0000 raw=0.0000 FEs=2730 elapsed=2389.1s
[19-Aug-2026 22:28:17] run13 it=100/150 best(penalized)=0.0000 raw=0.0000 FEs=3030 elapsed=2705.4s
[19-Aug-2026 22:33:11] run13 it=110/150 best(penalized)=0.0000 raw=0.0000 FEs=3330 elapsed=2999.8s
[19-Aug-2026 22:38:01] run13 it=120/150 best(penalized)=0.0000 raw=0.0000 FEs=3630 elapsed=3289.6s
[19-Aug-2026 22:43:10] run13 it=130/150 best(penalized)=0.0000 raw=0.0000 FEs=3930 elapsed=3598.8s
[19-Aug-2026 22:48:23] run13 it=140/150 best(penalized)=0.0000 raw=0.0000 FEs=4230 elapsed=3911.9s
[19-Aug-2026 22:54:21] run13 it=150/150 best(penalized)=0.0000 raw=0.0000 FEs=4530 elapsed=4269.7s
[19-Aug-2026 22:54:21] run13 DONE best(penalized)=0.0000 raw=0.0000 elapsed=4269.7s -> saved D:\ResearchLab\02_Projects\02_Projects\Tap chi XD_SFOA\code\SOO_MPJ\results\MPJ_SOO_Displacement_run13_CAMPAIGN.mat
[19-Aug-2026 22:57:56] run14 it=10/150 best(penalized)=0.0000 raw=0.0000 FEs=330 elapsed=215.1s
[19-Aug-2026 23:01:53] run14 it=20/150 best(penalized)=0.0000 raw=0.0000 FEs=630 elapsed=451.6s
[19-Aug-2026 23:05:32] run14 it=30/150 best(penalized)=0.0000 raw=0.0000 FEs=930 elapsed=671.1s
[19-Aug-2026 23:09:02] run14 it=40/150 best(penalized)=0.0000 raw=0.0000 FEs=1230 elapsed=880.4s
[19-Aug-2026 23:13:26] run14 it=50/150 best(penalized)=0.0000 raw=0.0000 FEs=1530 elapsed=1144.8s
[19-Aug-2026 23:18:07] run14 it=60/150 best(penalized)=0.0000 raw=0.0000 FEs=1830 elapsed=1425.6s
[19-Aug-2026 23:22:05] run14 it=70/150 best(penalized)=0.0000 raw=0.0000 FEs=2130 elapsed=1663.6s
[19-Aug-2026 23:26:11] run14 it=80/150 best(penalized)=0.0000 raw=0.0000 FEs=2430 elapsed=1909.8s
[19-Aug-2026 23:30:30] run14 it=90/150 best(penalized)=0.0000 raw=0.0000 FEs=2730 elapsed=2168.3s
[19-Aug-2026 23:35:40] run14 it=100/150 best(penalized)=0.0000 raw=0.0000 FEs=3030 elapsed=2478.9s
[19-Aug-2026 23:40:54] run14 it=110/150 best(penalized)=0.0000 raw=0.0000 FEs=3330 elapsed=2792.9s
[19-Aug-2026 23:46:24] run14 it=120/150 best(penalized)=0.0000 raw=0.0000 FEs=3630 elapsed=3122.2s
[19-Aug-2026 23:52:03] run14 it=130/150 best(penalized)=0.0000 raw=0.0000 FEs=3930 elapsed=3462.1s
[19-Aug-2026 23:58:01] run14 it=140/150 best(penalized)=0.0000 raw=0.0000 FEs=4230 elapsed=3819.3s
[20-Aug-2026 00:02:51] run14 it=150/150 best(penalized)=0.0000 raw=0.0000 FEs=4530 elapsed=4109.4s
[20-Aug-2026 00:02:51] run14 DONE best(penalized)=0.0000 raw=0.0000 elapsed=4109.4s -> saved D:\ResearchLab\02_Projects\02_Projects\Tap chi XD_SFOA\code\SOO_MPJ\results\MPJ_SOO_Displacement_run14_CAMPAIGN.mat
[20-Aug-2026 00:06:32] run15 it=10/150 best(penalized)=0.0000 raw=0.0000 FEs=330 elapsed=221.3s
[20-Aug-2026 00:10:43] run15 it=20/150 best(penalized)=0.0000 raw=0.0000 FEs=630 elapsed=471.8s
[20-Aug-2026 00:13:58] run15 it=30/150 best(penalized)=0.0000 raw=0.0000 FEs=930 elapsed=667.3s
[20-Aug-2026 00:18:11] run15 it=40/150 best(penalized)=0.0000 raw=0.0000 FEs=1230 elapsed=920.6s
[20-Aug-2026 00:22:18] run15 it=50/150 best(penalized)=0.0000 raw=0.0000 FEs=1530 elapsed=1167.6s
[20-Aug-2026 00:26:20] run15 it=60/150 best(penalized)=0.0000 raw=0.0000 FEs=1830 elapsed=1409.1s
[20-Aug-2026 00:31:13] run15 it=70/150 best(penalized)=0.0000 raw=0.0000 FEs=2130 elapsed=1702.2s
[20-Aug-2026 00:36:05] run15 it=80/150 best(penalized)=0.0000 raw=0.0000 FEs=2430 elapsed=1994.4s
[20-Aug-2026 00:40:55] run15 it=90/150 best(penalized)=0.0000 raw=0.0000 FEs=2730 elapsed=2284.1s
[20-Aug-2026 00:46:26] run15 it=100/150 best(penalized)=0.0000 raw=0.0000 FEs=3030 elapsed=2615.6s
[20-Aug-2026 00:51:43] run15 it=110/150 best(penalized)=0.0000 raw=0.0000 FEs=3330 elapsed=2932.7s
[20-Aug-2026 00:57:23] run15 it=120/150 best(penalized)=0.0000 raw=0.0000 FEs=3630 elapsed=3271.9s
[20-Aug-2026 01:02:25] run15 it=130/150 best(penalized)=0.0000 raw=0.0000 FEs=3930 elapsed=3574.2s
[20-Aug-2026 01:07:55] run15 it=140/150 best(penalized)=0.0000 raw=0.0000 FEs=4230 elapsed=3904.4s
[20-Aug-2026 01:13:03] run15 it=150/150 best(penalized)=0.0000 raw=0.0000 FEs=4530 elapsed=4212.1s
[20-Aug-2026 01:13:03] run15 DONE best(penalized)=0.0000 raw=0.0000 elapsed=4212.1s -> saved D:\ResearchLab\02_Projects\02_Projects\Tap chi XD_SFOA\code\SOO_MPJ\results\MPJ_SOO_Displacement_run15_CAMPAIGN.mat
[20-Aug-2026 01:16:41] run16 it=10/150 best(penalized)=0.0000 raw=0.0000 FEs=330 elapsed=217.8s
[20-Aug-2026 01:20:36] run16 it=20/150 best(penalized)=0.0000 raw=0.0000 FEs=630 elapsed=453.3s
[20-Aug-2026 01:24:09] run16 it=30/150 best(penalized)=0.0000 raw=0.0000 FEs=930 elapsed=666.2s
[20-Aug-2026 01:28:58] run16 it=40/150 best(penalized)=0.0000 raw=0.0000 FEs=1230 elapsed=955.3s
[20-Aug-2026 01:32:52] run16 it=50/150 best(penalized)=0.0000 raw=0.0000 FEs=1530 elapsed=1189.5s
[20-Aug-2026 01:37:45] run16 it=60/150 best(penalized)=0.0000 raw=0.0000 FEs=1830 elapsed=1482.5s
[20-Aug-2026 01:41:48] run16 it=70/150 best(penalized)=0.0000 raw=0.0000 FEs=2130 elapsed=1725.3s
[20-Aug-2026 01:46:30] run16 it=80/150 best(penalized)=0.0000 raw=0.0000 FEs=2430 elapsed=2007.2s
[20-Aug-2026 01:50:32] run16 it=90/150 best(penalized)=0.0000 raw=0.0000 FEs=2730 elapsed=2249.4s
[20-Aug-2026 01:55:52] run16 it=100/150 best(penalized)=0.0000 raw=0.0000 FEs=3030 elapsed=2568.9s
[20-Aug-2026 02:01:06] run16 it=110/150 best(penalized)=0.0000 raw=0.0000 FEs=3330 elapsed=2883.1s
[20-Aug-2026 02:05:53] run16 it=120/150 best(penalized)=0.0000 raw=0.0000 FEs=3630 elapsed=3170.6s
[20-Aug-2026 02:10:48] run16 it=130/150 best(penalized)=0.0000 raw=0.0000 FEs=3930 elapsed=3465.1s
[20-Aug-2026 02:16:39] run16 it=140/150 best(penalized)=0.0000 raw=0.0000 FEs=4230 elapsed=3816.5s
[20-Aug-2026 02:22:08] run16 it=150/150 best(penalized)=0.0000 raw=0.0000 FEs=4530 elapsed=4145.0s
[20-Aug-2026 02:22:08] run16 DONE best(penalized)=0.0000 raw=0.0000 elapsed=4145.0s -> saved D:\ResearchLab\02_Projects\02_Projects\Tap chi XD_SFOA\code\SOO_MPJ\results\MPJ_SOO_Displacement_run16_CAMPAIGN.mat
[20-Aug-2026 02:25:22] run17 it=10/150 best(penalized)=0.0000 raw=0.0000 FEs=330 elapsed=194.6s
[20-Aug-2026 02:29:34] run17 it=20/150 best(penalized)=0.0000 raw=0.0000 FEs=630 elapsed=446.6s
[20-Aug-2026 02:33:42] run17 it=30/150 best(penalized)=0.0000 raw=0.0000 FEs=930 elapsed=693.8s
[20-Aug-2026 02:38:02] run17 it=40/150 best(penalized)=0.0000 raw=0.0000 FEs=1230 elapsed=954.3s
[20-Aug-2026 02:42:14] run17 it=50/150 best(penalized)=0.0000 raw=0.0000 FEs=1530 elapsed=1206.4s
[20-Aug-2026 02:45:46] run17 it=60/150 best(penalized)=0.0000 raw=0.0000 FEs=1830 elapsed=1417.8s
[20-Aug-2026 02:49:08] run17 it=70/150 best(penalized)=0.0000 raw=0.0000 FEs=2130 elapsed=1620.6s
[20-Aug-2026 02:53:43] run17 it=80/150 best(penalized)=0.0000 raw=0.0000 FEs=2430 elapsed=1895.0s
[20-Aug-2026 02:57:48] run17 it=90/150 best(penalized)=0.0000 raw=0.0000 FEs=2730 elapsed=2140.6s
[20-Aug-2026 03:01:58] run17 it=100/150 best(penalized)=0.0000 raw=0.0000 FEs=3030 elapsed=2390.4s
[20-Aug-2026 03:06:24] run17 it=110/150 best(penalized)=0.0000 raw=0.0000 FEs=3330 elapsed=2655.9s
[20-Aug-2026 03:11:31] run17 it=120/150 best(penalized)=0.0000 raw=0.0000 FEs=3630 elapsed=2963.0s
[20-Aug-2026 03:16:44] run17 it=130/150 best(penalized)=0.0000 raw=0.0000 FEs=3930 elapsed=3276.5s
[20-Aug-2026 03:22:20] run17 it=140/150 best(penalized)=0.0000 raw=0.0000 FEs=4230 elapsed=3611.7s
[20-Aug-2026 03:27:13] run17 it=150/150 best(penalized)=0.0000 raw=0.0000 FEs=4530 elapsed=3905.3s
[20-Aug-2026 03:27:13] run17 DONE best(penalized)=0.0000 raw=0.0000 elapsed=3905.3s -> saved D:\ResearchLab\02_Projects\02_Projects\Tap chi XD_SFOA\code\SOO_MPJ\results\MPJ_SOO_Displacement_run17_CAMPAIGN.mat
[20-Aug-2026 03:30:08] run18 it=10/150 best(penalized)=0.0000 raw=0.0000 FEs=330 elapsed=175.2s
[20-Aug-2026 03:33:07] run18 it=20/150 best(penalized)=0.0000 raw=0.0000 FEs=630 elapsed=354.3s
[20-Aug-2026 03:37:48] run18 it=30/150 best(penalized)=0.0000 raw=0.0000 FEs=930 elapsed=634.5s
[20-Aug-2026 03:41:55] run18 it=40/150 best(penalized)=0.0000 raw=0.0000 FEs=1230 elapsed=882.4s
[20-Aug-2026 03:46:22] run18 it=50/150 best(penalized)=0.0000 raw=0.0000 FEs=1530 elapsed=1149.0s
[20-Aug-2026 03:51:02] run18 it=60/150 best(penalized)=0.0000 raw=0.0000 FEs=1830 elapsed=1428.7s
[20-Aug-2026 03:55:27] run18 it=70/150 best(penalized)=0.0000 raw=0.0000 FEs=2130 elapsed=1694.3s
[20-Aug-2026 04:00:17] run18 it=80/150 best(penalized)=0.0000 raw=0.0000 FEs=2430 elapsed=1984.1s
[20-Aug-2026 04:05:03] run18 it=90/150 best(penalized)=0.0000 raw=0.0000 FEs=2730 elapsed=2270.2s
[20-Aug-2026 04:10:37] run18 it=100/150 best(penalized)=0.0000 raw=0.0000 FEs=3030 elapsed=2604.0s
[20-Aug-2026 04:15:50] run18 it=110/150 best(penalized)=0.0000 raw=0.0000 FEs=3330 elapsed=2917.2s
[20-Aug-2026 04:21:07] run18 it=120/150 best(penalized)=0.0000 raw=0.0000 FEs=3630 elapsed=3233.9s
[20-Aug-2026 04:26:16] run18 it=130/150 best(penalized)=0.0000 raw=0.0000 FEs=3930 elapsed=3543.0s
[20-Aug-2026 04:31:53] run18 it=140/150 best(penalized)=0.0000 raw=0.0000 FEs=4230 elapsed=3880.3s
[20-Aug-2026 04:37:29] run18 it=150/150 best(penalized)=0.0000 raw=0.0000 FEs=4530 elapsed=4215.5s
[20-Aug-2026 04:37:29] run18 DONE best(penalized)=0.0000 raw=0.0000 elapsed=4215.5s -> saved D:\ResearchLab\02_Projects\02_Projects\Tap chi XD_SFOA\code\SOO_MPJ\results\MPJ_SOO_Displacement_run18_CAMPAIGN.mat
[20-Aug-2026 04:40:31] run19 it=10/150 best(penalized)=0.0000 raw=0.0000 FEs=330 elapsed=182.2s
[20-Aug-2026 04:44:22] run19 it=20/150 best(penalized)=0.0000 raw=0.0000 FEs=630 elapsed=413.4s
[20-Aug-2026 04:48:24] run19 it=30/150 best(penalized)=0.0000 raw=0.0000 FEs=930 elapsed=655.1s
[20-Aug-2026 04:52:31] run19 it=40/150 best(penalized)=0.0000 raw=0.0000 FEs=1230 elapsed=902.0s
[20-Aug-2026 04:56:59] run19 it=50/150 best(penalized)=0.0000 raw=0.0000 FEs=1530 elapsed=1170.3s
[20-Aug-2026 05:01:19] run19 it=60/150 best(penalized)=0.0000 raw=0.0000 FEs=1830 elapsed=1430.3s
[20-Aug-2026 05:05:46] run19 it=70/150 best(penalized)=0.0000 raw=0.0000 FEs=2130 elapsed=1696.9s
[20-Aug-2026 05:10:33] run19 it=80/150 best(penalized)=0.0000 raw=0.0000 FEs=2430 elapsed=1983.9s
[20-Aug-2026 05:15:12] run19 it=90/150 best(penalized)=0.0000 raw=0.0000 FEs=2730 elapsed=2263.3s
[20-Aug-2026 05:20:15] run19 it=100/150 best(penalized)=0.0000 raw=0.0000 FEs=3030 elapsed=2566.7s
[20-Aug-2026 05:25:30] run19 it=110/150 best(penalized)=0.0000 raw=0.0000 FEs=3330 elapsed=2881.8s
[20-Aug-2026 05:30:39] run19 it=120/150 best(penalized)=0.0000 raw=0.0000 FEs=3630 elapsed=3190.7s
[20-Aug-2026 05:36:09] run19 it=130/150 best(penalized)=0.0000 raw=0.0000 FEs=3930 elapsed=3520.6s
[20-Aug-2026 05:41:08] run19 it=140/150 best(penalized)=0.0000 raw=0.0000 FEs=4230 elapsed=3819.0s
[20-Aug-2026 05:46:18] run19 it=150/150 best(penalized)=0.0000 raw=0.0000 FEs=4530 elapsed=4129.7s
[20-Aug-2026 05:46:18] run19 DONE best(penalized)=0.0000 raw=0.0000 elapsed=4129.7s -> saved D:\ResearchLab\02_Projects\02_Projects\Tap chi XD_SFOA\code\SOO_MPJ\results\MPJ_SOO_Displacement_run19_CAMPAIGN.mat
[20-Aug-2026 05:50:24] run20 it=10/150 best(penalized)=0.0000 raw=0.0000 FEs=330 elapsed=245.2s
[20-Aug-2026 05:54:33] run20 it=20/150 best(penalized)=0.0000 raw=0.0000 FEs=630 elapsed=494.7s
[20-Aug-2026 05:58:08] run20 it=30/150 best(penalized)=0.0000 raw=0.0000 FEs=930 elapsed=709.3s
[20-Aug-2026 06:02:44] run20 it=40/150 best(penalized)=0.0000 raw=0.0000 FEs=1230 elapsed=985.7s
[20-Aug-2026 06:07:22] run20 it=50/150 best(penalized)=0.0000 raw=0.0000 FEs=1530 elapsed=1263.6s
[20-Aug-2026 06:11:33] run20 it=60/150 best(penalized)=0.0000 raw=0.0000 FEs=1830 elapsed=1515.0s
[20-Aug-2026 06:16:05] run20 it=70/150 best(penalized)=0.0000 raw=0.0000 FEs=2130 elapsed=1786.4s
[20-Aug-2026 06:20:44] run20 it=80/150 best(penalized)=0.0000 raw=0.0000 FEs=2430 elapsed=2065.4s
[20-Aug-2026 06:25:03] run20 it=90/150 best(penalized)=0.0000 raw=0.0000 FEs=2730 elapsed=2324.2s
[20-Aug-2026 06:29:39] run20 it=100/150 best(penalized)=0.0000 raw=0.0000 FEs=3030 elapsed=2600.8s
[20-Aug-2026 06:33:47] run20 it=110/150 best(penalized)=0.0000 raw=0.0000 FEs=3330 elapsed=2848.9s
[20-Aug-2026 06:39:17] run20 it=120/150 best(penalized)=0.0000 raw=0.0000 FEs=3630 elapsed=3178.9s
[20-Aug-2026 06:44:46] run20 it=130/150 best(penalized)=0.0000 raw=0.0000 FEs=3930 elapsed=3507.5s
[20-Aug-2026 06:50:20] run20 it=140/150 best(penalized)=0.0000 raw=0.0000 FEs=4230 elapsed=3841.9s
[20-Aug-2026 06:55:54] run20 it=150/150 best(penalized)=0.0000 raw=0.0000 FEs=4530 elapsed=4175.7s
[20-Aug-2026 06:55:54] run20 DONE best(penalized)=0.0000 raw=0.0000 elapsed=4175.7s -> saved D:\ResearchLab\02_Projects\02_Projects\Tap chi XD_SFOA\code\SOO_MPJ\results\MPJ_SOO_Displacement_run20_CAMPAIGN.mat
[20-Aug-2026 07:00:02] run21 it=10/150 best(penalized)=0.0000 raw=0.0000 FEs=330 elapsed=248.4s
[20-Aug-2026 07:04:20] run21 it=20/150 best(penalized)=0.0000 raw=0.0000 FEs=630 elapsed=505.9s
[20-Aug-2026 07:08:44] run21 it=30/150 best(penalized)=0.0000 raw=0.0000 FEs=930 elapsed=769.5s
[20-Aug-2026 07:12:50] run21 it=40/150 best(penalized)=0.0000 raw=0.0000 FEs=1230 elapsed=1016.1s
[20-Aug-2026 07:17:12] run21 it=50/150 best(penalized)=0.0000 raw=0.0000 FEs=1530 elapsed=1278.1s
[20-Aug-2026 07:21:20] run21 it=60/150 best(penalized)=0.0000 raw=0.0000 FEs=1830 elapsed=1525.9s
[20-Aug-2026 07:25:55] run21 it=70/150 best(penalized)=0.0000 raw=0.0000 FEs=2130 elapsed=1801.2s
[20-Aug-2026 07:30:37] run21 it=80/150 best(penalized)=0.0000 raw=0.0000 FEs=2430 elapsed=2083.2s
[20-Aug-2026 07:35:32] run21 it=90/150 best(penalized)=0.0000 raw=0.0000 FEs=2730 elapsed=2378.0s
[20-Aug-2026 07:40:22] run21 it=100/150 best(penalized)=0.0000 raw=0.0000 FEs=3030 elapsed=2667.8s
[20-Aug-2026 07:45:33] run21 it=110/150 best(penalized)=0.0000 raw=0.0000 FEs=3330 elapsed=2979.1s
[20-Aug-2026 07:50:26] run21 it=120/150 best(penalized)=0.0000 raw=0.0000 FEs=3630 elapsed=3271.8s
[20-Aug-2026 07:55:18] run21 it=130/150 best(penalized)=0.0000 raw=0.0000 FEs=3930 elapsed=3563.9s
[20-Aug-2026 08:00:26] run21 it=140/150 best(penalized)=0.0000 raw=0.0000 FEs=4230 elapsed=3872.1s
[20-Aug-2026 08:05:32] run21 it=150/150 best(penalized)=0.0000 raw=0.0000 FEs=4530 elapsed=4178.0s
[20-Aug-2026 08:05:32] run21 DONE best(penalized)=0.0000 raw=0.0000 elapsed=4178.0s -> saved D:\ResearchLab\02_Projects\02_Projects\Tap chi XD_SFOA\code\SOO_MPJ\results\MPJ_SOO_Displacement_run21_CAMPAIGN.mat
[20-Aug-2026 08:10:45] run22 it=10/150 best(penalized)=0.0000 raw=0.0000 FEs=330 elapsed=312.7s
[20-Aug-2026 08:14:41] run22 it=20/150 best(penalized)=0.0000 raw=0.0000 FEs=630 elapsed=548.6s
[20-Aug-2026 08:18:03] run22 it=30/150 best(penalized)=0.0000 raw=0.0000 FEs=930 elapsed=750.9s
[20-Aug-2026 08:22:11] run22 it=40/150 best(penalized)=0.0000 raw=0.0000 FEs=1230 elapsed=998.5s
[20-Aug-2026 08:26:04] run22 it=50/150 best(penalized)=0.0000 raw=0.0000 FEs=1530 elapsed=1231.6s
[20-Aug-2026 08:31:06] run22 it=60/150 best(penalized)=0.0000 raw=0.0000 FEs=1830 elapsed=1533.7s
[20-Aug-2026 08:35:25] run22 it=70/150 best(penalized)=0.0000 raw=0.0000 FEs=2130 elapsed=1792.9s
[20-Aug-2026 08:40:02] run22 it=80/150 best(penalized)=0.0000 raw=0.0000 FEs=2430 elapsed=2069.5s
[20-Aug-2026 08:44:44] run22 it=90/150 best(penalized)=0.0000 raw=0.0000 FEs=2730 elapsed=2351.7s
[20-Aug-2026 08:49:41] run22 it=100/150 best(penalized)=0.0000 raw=0.0000 FEs=3030 elapsed=2648.6s
[20-Aug-2026 08:54:38] run22 it=110/150 best(penalized)=0.0000 raw=0.0000 FEs=3330 elapsed=2945.5s
[20-Aug-2026 09:00:09] run22 it=120/150 best(penalized)=0.0000 raw=0.0000 FEs=3630 elapsed=3276.7s
[20-Aug-2026 09:05:15] run22 it=130/150 best(penalized)=0.0000 raw=0.0000 FEs=3930 elapsed=3582.7s
[20-Aug-2026 09:10:56] run22 it=140/150 best(penalized)=0.0000 raw=0.0000 FEs=4230 elapsed=3924.2s
[20-Aug-2026 09:16:25] run22 it=150/150 best(penalized)=0.0000 raw=0.0000 FEs=4530 elapsed=4252.5s
[20-Aug-2026 09:16:25] run22 DONE best(penalized)=0.0000 raw=0.0000 elapsed=4252.5s -> saved D:\ResearchLab\02_Projects\02_Projects\Tap chi XD_SFOA\code\SOO_MPJ\results\MPJ_SOO_Displacement_run22_CAMPAIGN.mat
[20-Aug-2026 09:21:06] run23 it=10/150 best(penalized)=0.0000 raw=0.0000 FEs=330 elapsed=281.3s
[20-Aug-2026 09:26:17] run23 it=20/150 best(penalized)=0.0000 raw=0.0000 FEs=630 elapsed=592.3s
[20-Aug-2026 09:31:06] run23 it=30/150 best(penalized)=0.0000 raw=0.0000 FEs=930 elapsed=881.5s
[20-Aug-2026 09:33:57] run23 it=40/150 best(penalized)=0.0000 raw=0.0000 FEs=1230 elapsed=1052.2s
[20-Aug-2026 09:38:19] run23 it=50/150 best(penalized)=0.0000 raw=0.0000 FEs=1530 elapsed=1314.9s
[20-Aug-2026 09:42:05] run23 it=60/150 best(penalized)=0.0000 raw=0.0000 FEs=1830 elapsed=1540.9s
[20-Aug-2026 09:46:15] run23 it=70/150 best(penalized)=0.0000 raw=0.0000 FEs=2130 elapsed=1790.6s
[20-Aug-2026 09:50:37] run23 it=80/150 best(penalized)=0.0000 raw=0.0000 FEs=2430 elapsed=2052.8s
[20-Aug-2026 09:55:14] run23 it=90/150 best(penalized)=0.0000 raw=0.0000 FEs=2730 elapsed=2329.6s
[20-Aug-2026 10:00:26] run23 it=100/150 best(penalized)=0.0000 raw=0.0000 FEs=3030 elapsed=2641.0s
[20-Aug-2026 10:05:11] run23 it=110/150 best(penalized)=0.0000 raw=0.0000 FEs=3330 elapsed=2926.4s
[20-Aug-2026 10:10:09] run23 it=120/150 best(penalized)=0.0000 raw=0.0000 FEs=3630 elapsed=3224.5s
[20-Aug-2026 10:15:33] run23 it=130/150 best(penalized)=0.0000 raw=0.0000 FEs=3930 elapsed=3548.2s
[20-Aug-2026 10:21:00] run23 it=140/150 best(penalized)=0.0000 raw=0.0000 FEs=4230 elapsed=3875.5s
[20-Aug-2026 10:26:13] run23 it=150/150 best(penalized)=0.0000 raw=0.0000 FEs=4530 elapsed=4188.5s
[20-Aug-2026 10:26:13] run23 DONE best(penalized)=0.0000 raw=0.0000 elapsed=4188.5s -> saved D:\ResearchLab\02_Projects\02_Projects\Tap chi XD_SFOA\code\SOO_MPJ\results\MPJ_SOO_Displacement_run23_CAMPAIGN.mat
[20-Aug-2026 10:30:21] run24 it=10/150 best(penalized)=0.0000 raw=0.0000 FEs=330 elapsed=248.3s
[20-Aug-2026 10:33:49] run24 it=20/150 best(penalized)=0.0000 raw=0.0000 FEs=630 elapsed=456.4s
[20-Aug-2026 10:37:14] run24 it=30/150 best(penalized)=0.0000 raw=0.0000 FEs=930 elapsed=660.5s
[20-Aug-2026 10:41:52] run24 it=40/150 best(penalized)=0.0000 raw=0.0000 FEs=1230 elapsed=939.2s
[20-Aug-2026 10:46:02] run24 it=50/150 best(penalized)=0.0000 raw=0.0000 FEs=1530 elapsed=1188.8s
[20-Aug-2026 10:50:43] run24 it=60/150 best(penalized)=0.0000 raw=0.0000 FEs=1830 elapsed=1470.2s
[20-Aug-2026 10:54:29] run24 it=70/150 best(penalized)=0.0000 raw=0.0000 FEs=2130 elapsed=1696.2s
[20-Aug-2026 10:59:07] run24 it=80/150 best(penalized)=0.0000 raw=0.0000 FEs=2430 elapsed=1974.3s
[20-Aug-2026 11:03:36] run24 it=90/150 best(penalized)=0.0000 raw=0.0000 FEs=2730 elapsed=2242.9s
[20-Aug-2026 11:08:21] run24 it=100/150 best(penalized)=0.0000 raw=0.0000 FEs=3030 elapsed=2528.3s
[20-Aug-2026 11:13:14] run24 it=110/150 best(penalized)=0.0000 raw=0.0000 FEs=3330 elapsed=2821.0s
[20-Aug-2026 11:18:24] run24 it=120/150 best(penalized)=0.0000 raw=0.0000 FEs=3630 elapsed=3131.3s
[20-Aug-2026 11:23:50] run24 it=130/150 best(penalized)=0.0000 raw=0.0000 FEs=3930 elapsed=3456.5s
[20-Aug-2026 11:29:16] run24 it=140/150 best(penalized)=0.0000 raw=0.0000 FEs=4230 elapsed=3783.1s
[20-Aug-2026 11:34:23] run24 it=150/150 best(penalized)=0.0000 raw=0.0000 FEs=4530 elapsed=4089.6s
[20-Aug-2026 11:34:23] run24 DONE best(penalized)=0.0000 raw=0.0000 elapsed=4089.6s -> saved D:\ResearchLab\02_Projects\02_Projects\Tap chi XD_SFOA\code\SOO_MPJ\results\MPJ_SOO_Displacement_run24_CAMPAIGN.mat
[20-Aug-2026 11:38:15] run25 it=10/150 best(penalized)=0.0000 raw=0.0000 FEs=330 elapsed=232.2s
[20-Aug-2026 11:41:48] run25 it=20/150 best(penalized)=0.0000 raw=0.0000 FEs=630 elapsed=444.9s
[20-Aug-2026 11:45:01] run25 it=30/150 best(penalized)=0.0000 raw=0.0000 FEs=930 elapsed=638.1s
[20-Aug-2026 11:48:23] run25 it=40/150 best(penalized)=0.0000 raw=0.0000 FEs=1230 elapsed=839.9s
[20-Aug-2026 11:52:39] run25 it=50/150 best(penalized)=0.0000 raw=0.0000 FEs=1530 elapsed=1096.1s
[20-Aug-2026 11:56:06] run25 it=60/150 best(penalized)=0.0000 raw=0.0000 FEs=1830 elapsed=1302.9s
[20-Aug-2026 12:00:19] run25 it=70/150 best(penalized)=0.0000 raw=0.0000 FEs=2130 elapsed=1556.3s
[20-Aug-2026 12:04:30] run25 it=80/150 best(penalized)=0.0000 raw=0.0000 FEs=2430 elapsed=1807.3s
[20-Aug-2026 12:08:16] run25 it=90/150 best(penalized)=0.0000 raw=0.0000 FEs=2730 elapsed=2033.4s
[20-Aug-2026 12:13:29] run25 it=100/150 best(penalized)=0.0000 raw=0.0000 FEs=3030 elapsed=2346.6s
[20-Aug-2026 12:18:48] run25 it=110/150 best(penalized)=0.0000 raw=0.0000 FEs=3330 elapsed=2665.0s
[20-Aug-2026 12:23:15] run25 it=120/150 best(penalized)=0.0000 raw=0.0000 FEs=3630 elapsed=2931.9s
[20-Aug-2026 12:28:05] run25 it=130/150 best(penalized)=0.0000 raw=0.0000 FEs=3930 elapsed=3222.1s
[20-Aug-2026 12:33:21] run25 it=140/150 best(penalized)=0.0000 raw=0.0000 FEs=4230 elapsed=3537.9s
[20-Aug-2026 12:37:52] run25 it=150/150 best(penalized)=0.0000 raw=0.0000 FEs=4530 elapsed=3809.6s
[20-Aug-2026 12:37:52] run25 DONE best(penalized)=0.0000 raw=0.0000 elapsed=3809.6s -> saved D:\ResearchLab\02_Projects\02_Projects\Tap chi XD_SFOA\code\SOO_MPJ\results\MPJ_SOO_Displacement_run25_CAMPAIGN.mat
[20-Aug-2026 12:41:16] run26 it=10/150 best(penalized)=0.0000 raw=0.0000 FEs=330 elapsed=203.9s
[20-Aug-2026 12:45:05] run26 it=20/150 best(penalized)=0.0000 raw=0.0000 FEs=630 elapsed=432.9s
[20-Aug-2026 12:49:18] run26 it=30/150 best(penalized)=0.0000 raw=0.0000 FEs=930 elapsed=686.1s
[20-Aug-2026 12:54:04] run26 it=40/150 best(penalized)=0.0000 raw=0.0000 FEs=1230 elapsed=972.2s
[20-Aug-2026 12:58:14] run26 it=50/150 best(penalized)=0.0000 raw=0.0000 FEs=1530 elapsed=1221.7s
[20-Aug-2026 13:01:50] run26 it=60/150 best(penalized)=0.0000 raw=0.0000 FEs=1830 elapsed=1437.6s
[20-Aug-2026 13:06:30] run26 it=70/150 best(penalized)=0.0000 raw=0.0000 FEs=2130 elapsed=1717.4s
[20-Aug-2026 13:11:06] run26 it=80/150 best(penalized)=0.0000 raw=0.0000 FEs=2430 elapsed=1993.6s
[20-Aug-2026 13:16:09] run26 it=90/150 best(penalized)=0.0000 raw=0.0000 FEs=2730 elapsed=2296.3s
[20-Aug-2026 13:20:53] run26 it=100/150 best(penalized)=0.0000 raw=0.0000 FEs=3030 elapsed=2581.0s
[20-Aug-2026 13:25:27] run26 it=110/150 best(penalized)=0.0000 raw=0.0000 FEs=3330 elapsed=2854.7s
[20-Aug-2026 13:31:04] run26 it=120/150 best(penalized)=0.0000 raw=0.0000 FEs=3630 elapsed=3191.3s
[20-Aug-2026 13:36:28] run26 it=130/150 best(penalized)=0.0000 raw=0.0000 FEs=3930 elapsed=3515.6s
[20-Aug-2026 13:41:50] run26 it=140/150 best(penalized)=0.0000 raw=0.0000 FEs=4230 elapsed=3837.7s
[20-Aug-2026 13:47:17] run26 it=150/150 best(penalized)=0.0000 raw=0.0000 FEs=4530 elapsed=4165.1s
[20-Aug-2026 13:47:17] run26 DONE best(penalized)=0.0000 raw=0.0000 elapsed=4165.2s -> saved D:\ResearchLab\02_Projects\02_Projects\Tap chi XD_SFOA\code\SOO_MPJ\results\MPJ_SOO_Displacement_run26_CAMPAIGN.mat
[20-Aug-2026 13:51:04] run27 it=10/150 best(penalized)=0.0001 raw=0.0001 FEs=330 elapsed=226.4s
[20-Aug-2026 13:54:04] run27 it=20/150 best(penalized)=0.0000 raw=0.0000 FEs=630 elapsed=406.7s
[20-Aug-2026 13:57:56] run27 it=30/150 best(penalized)=0.0000 raw=0.0000 FEs=930 elapsed=638.9s
[20-Aug-2026 14:00:44] run27 it=40/150 best(penalized)=0.0000 raw=0.0000 FEs=1230 elapsed=806.7s
[20-Aug-2026 14:05:12] run27 it=50/150 best(penalized)=0.0000 raw=0.0000 FEs=1530 elapsed=1074.9s
[20-Aug-2026 14:09:19] run27 it=60/150 best(penalized)=0.0000 raw=0.0000 FEs=1830 elapsed=1321.8s
[20-Aug-2026 14:13:42] run27 it=70/150 best(penalized)=0.0000 raw=0.0000 FEs=2130 elapsed=1584.4s
[20-Aug-2026 14:18:14] run27 it=80/150 best(penalized)=0.0000 raw=0.0000 FEs=2430 elapsed=1857.0s
[20-Aug-2026 14:22:26] run27 it=90/150 best(penalized)=0.0000 raw=0.0000 FEs=2730 elapsed=2108.9s
[20-Aug-2026 14:27:21] run27 it=100/150 best(penalized)=0.0000 raw=0.0000 FEs=3030 elapsed=2403.4s
[20-Aug-2026 14:32:18] run27 it=110/150 best(penalized)=0.0000 raw=0.0000 FEs=3330 elapsed=2700.7s
[20-Aug-2026 14:37:04] run27 it=120/150 best(penalized)=0.0000 raw=0.0000 FEs=3630 elapsed=2986.2s
[20-Aug-2026 14:42:00] run27 it=130/150 best(penalized)=0.0000 raw=0.0000 FEs=3930 elapsed=3282.3s
[20-Aug-2026 14:47:30] run27 it=140/150 best(penalized)=0.0000 raw=0.0000 FEs=4230 elapsed=3612.7s
[20-Aug-2026 14:52:21] run27 it=150/150 best(penalized)=0.0000 raw=0.0000 FEs=4530 elapsed=3903.8s
[20-Aug-2026 14:52:21] run27 DONE best(penalized)=0.0000 raw=0.0000 elapsed=3903.8s -> saved D:\ResearchLab\02_Projects\02_Projects\Tap chi XD_SFOA\code\SOO_MPJ\results\MPJ_SOO_Displacement_run27_CAMPAIGN.mat
[20-Aug-2026 14:56:50] run28 it=10/150 best(penalized)=0.0000 raw=0.0000 FEs=330 elapsed=268.7s
[20-Aug-2026 15:01:12] run28 it=20/150 best(penalized)=0.0000 raw=0.0000 FEs=630 elapsed=530.9s
[20-Aug-2026 15:05:26] run28 it=30/150 best(penalized)=0.0000 raw=0.0000 FEs=930 elapsed=784.8s
[20-Aug-2026 15:09:26] run28 it=40/150 best(penalized)=0.0000 raw=0.0000 FEs=1230 elapsed=1024.8s
[20-Aug-2026 15:13:03] run28 it=50/150 best(penalized)=0.0000 raw=0.0000 FEs=1530 elapsed=1241.3s
[20-Aug-2026 15:17:18] run28 it=60/150 best(penalized)=0.0000 raw=0.0000 FEs=1830 elapsed=1496.3s
[20-Aug-2026 15:21:46] run28 it=70/150 best(penalized)=0.0000 raw=0.0000 FEs=2130 elapsed=1764.6s
[20-Aug-2026 15:26:08] run28 it=80/150 best(penalized)=0.0000 raw=0.0000 FEs=2430 elapsed=2026.4s
[20-Aug-2026 15:31:07] run28 it=90/150 best(penalized)=0.0000 raw=0.0000 FEs=2730 elapsed=2326.0s
[20-Aug-2026 15:36:47] run28 it=100/150 best(penalized)=0.0000 raw=0.0000 FEs=3030 elapsed=2666.2s
[20-Aug-2026 15:41:38] run28 it=110/150 best(penalized)=0.0000 raw=0.0000 FEs=3330 elapsed=2957.1s
[20-Aug-2026 15:46:16] run28 it=120/150 best(penalized)=0.0000 raw=0.0000 FEs=3630 elapsed=3235.2s
[20-Aug-2026 15:51:00] run28 it=130/150 best(penalized)=0.0000 raw=0.0000 FEs=3930 elapsed=3518.3s
[20-Aug-2026 15:56:16] run28 it=140/150 best(penalized)=0.0000 raw=0.0000 FEs=4230 elapsed=3835.0s
[20-Aug-2026 16:01:31] run28 it=150/150 best(penalized)=0.0000 raw=0.0000 FEs=4530 elapsed=4149.6s
[20-Aug-2026 16:01:31] run28 DONE best(penalized)=0.0000 raw=0.0000 elapsed=4149.6s -> saved D:\ResearchLab\02_Projects\02_Projects\Tap chi XD_SFOA\code\SOO_MPJ\results\MPJ_SOO_Displacement_run28_CAMPAIGN.mat
[20-Aug-2026 16:04:56] run29 it=10/150 best(penalized)=0.0001 raw=0.0001 FEs=330 elapsed=204.9s
[20-Aug-2026 16:08:29] run29 it=20/150 best(penalized)=0.0000 raw=0.0000 FEs=630 elapsed=418.1s
[20-Aug-2026 16:11:50] run29 it=30/150 best(penalized)=0.0000 raw=0.0000 FEs=930 elapsed=618.7s
[20-Aug-2026 16:15:55] run29 it=40/150 best(penalized)=0.0000 raw=0.0000 FEs=1230 elapsed=864.1s
[20-Aug-2026 16:20:01] run29 it=50/150 best(penalized)=0.0000 raw=0.0000 FEs=1530 elapsed=1109.8s
[20-Aug-2026 16:24:36] run29 it=60/150 best(penalized)=0.0000 raw=0.0000 FEs=1830 elapsed=1385.1s
[20-Aug-2026 16:28:41] run29 it=70/150 best(penalized)=0.0000 raw=0.0000 FEs=2130 elapsed=1630.3s
[20-Aug-2026 16:33:29] run29 it=80/150 best(penalized)=0.0000 raw=0.0000 FEs=2430 elapsed=1918.4s
[20-Aug-2026 16:38:30] run29 it=90/150 best(penalized)=0.0000 raw=0.0000 FEs=2730 elapsed=2219.5s
[20-Aug-2026 16:43:04] run29 it=100/150 best(penalized)=0.0000 raw=0.0000 FEs=3030 elapsed=2493.2s
[20-Aug-2026 16:47:30] run29 it=110/150 best(penalized)=0.0000 raw=0.0000 FEs=3330 elapsed=2759.6s
[20-Aug-2026 16:52:07] run29 it=120/150 best(penalized)=0.0000 raw=0.0000 FEs=3630 elapsed=3035.9s
[20-Aug-2026 16:56:49] run29 it=130/150 best(penalized)=0.0000 raw=0.0000 FEs=3930 elapsed=3318.1s
[20-Aug-2026 17:02:03] run29 it=140/150 best(penalized)=0.0000 raw=0.0000 FEs=4230 elapsed=3632.1s
[20-Aug-2026 17:07:26] run29 it=150/150 best(penalized)=0.0000 raw=0.0000 FEs=4530 elapsed=3954.6s
[20-Aug-2026 17:07:26] run29 DONE best(penalized)=0.0000 raw=0.0000 elapsed=3954.6s -> saved D:\ResearchLab\02_Projects\02_Projects\Tap chi XD_SFOA\code\SOO_MPJ\results\MPJ_SOO_Displacement_run29_CAMPAIGN.mat
[20-Aug-2026 17:11:26] run30 it=10/150 best(penalized)=0.0000 raw=0.0000 FEs=330 elapsed=240.5s
[20-Aug-2026 17:14:52] run30 it=20/150 best(penalized)=0.0000 raw=0.0000 FEs=630 elapsed=446.1s
[20-Aug-2026 17:19:06] run30 it=30/150 best(penalized)=0.0000 raw=0.0000 FEs=930 elapsed=700.1s
[20-Aug-2026 17:22:51] run30 it=40/150 best(penalized)=0.0000 raw=0.0000 FEs=1230 elapsed=925.9s
[20-Aug-2026 17:27:01] run30 it=50/150 best(penalized)=0.0000 raw=0.0000 FEs=1530 elapsed=1175.1s
[20-Aug-2026 17:30:22] run30 it=60/150 best(penalized)=0.0000 raw=0.0000 FEs=1830 elapsed=1376.0s
[20-Aug-2026 17:34:17] run30 it=70/150 best(penalized)=0.0000 raw=0.0000 FEs=2130 elapsed=1611.1s
[20-Aug-2026 17:38:10] run30 it=80/150 best(penalized)=0.0000 raw=0.0000 FEs=2430 elapsed=1844.5s
[20-Aug-2026 17:42:44] run30 it=90/150 best(penalized)=0.0000 raw=0.0000 FEs=2730 elapsed=2118.7s
[20-Aug-2026 17:47:47] run30 it=100/150 best(penalized)=0.0000 raw=0.0000 FEs=3030 elapsed=2421.6s
[20-Aug-2026 17:52:57] run30 it=110/150 best(penalized)=0.0000 raw=0.0000 FEs=3330 elapsed=2731.4s
[20-Aug-2026 17:57:14] run30 it=120/150 best(penalized)=0.0000 raw=0.0000 FEs=3630 elapsed=2988.1s
[20-Aug-2026 18:02:22] run30 it=130/150 best(penalized)=0.0000 raw=0.0000 FEs=3930 elapsed=3296.0s
[20-Aug-2026 18:07:04] run30 it=140/150 best(penalized)=0.0000 raw=0.0000 FEs=4230 elapsed=3578.6s
[20-Aug-2026 18:11:07] run30 it=150/150 best(penalized)=0.0000 raw=0.0000 FEs=4530 elapsed=3821.6s
[20-Aug-2026 18:11:07] run30 DONE best(penalized)=0.0000 raw=0.0000 elapsed=3821.6s -> saved D:\ResearchLab\02_Projects\02_Projects\Tap chi XD_SFOA\code\SOO_MPJ\results\MPJ_SOO_Displacement_run30_CAMPAIGN.mat
