
=== Session start 14-Aug-2026 21:27:25 (mode=pilot, Nrun=1) ===
[14-Aug-2026 21:36:19] run901 it=10/150 best(penalized)=11119.5517 raw=11119.5517 FEs=1100 elapsed=445.2s
[14-Aug-2026 21:43:47] run901 it=20/150 best(penalized)=9920.0418 raw=9920.0418 FEs=2100 elapsed=893.2s
[14-Aug-2026 21:52:45] run901 it=30/150 best(penalized)=9835.7147 raw=9835.7147 FEs=3100 elapsed=1431.6s
[14-Aug-2026 22:02:05] run901 it=40/150 best(penalized)=9577.4070 raw=9577.4070 FEs=4100 elapsed=1991.0s
[14-Aug-2026 22:12:19] run901 it=50/150 best(penalized)=6414.8315 raw=6414.8315 FEs=5100 elapsed=2605.5s
[14-Aug-2026 22:22:29] run901 it=60/150 best(penalized)=6414.8315 raw=6414.8315 FEs=6100 elapsed=3215.5s
[14-Aug-2026 22:34:16] run901 it=70/150 best(penalized)=5369.8022 raw=5369.8022 FEs=7100 elapsed=3922.6s
[14-Aug-2026 22:45:42] run901 it=80/150 best(penalized)=5304.8481 raw=5304.8481 FEs=8100 elapsed=4607.9s
[14-Aug-2026 22:57:14] run901 it=90/150 best(penalized)=5304.8481 raw=5304.8481 FEs=9100 elapsed=5300.5s
[14-Aug-2026 23:09:26] run901 it=100/150 best(penalized)=5304.8481 raw=5304.8481 FEs=10100 elapsed=6032.0s
[14-Aug-2026 23:21:16] run901 it=110/150 best(penalized)=5304.8481 raw=5304.8481 FEs=11100 elapsed=6742.7s
[14-Aug-2026 23:33:17] run901 it=120/150 best(penalized)=5298.3527 raw=5298.3527 FEs=12100 elapsed=7462.9s
[14-Aug-2026 23:45:10] run901 it=130/150 best(penalized)=5298.3527 raw=5298.3527 FEs=13100 elapsed=8175.8s
[14-Aug-2026 23:57:06] run901 it=140/150 best(penalized)=5291.8573 raw=5291.8573 FEs=14100 elapsed=8891.8s
[15-Aug-2026 00:08:06] run901 it=150/150 best(penalized)=5291.8573 raw=5291.8573 FEs=15100 elapsed=9552.6s
[15-Aug-2026 00:08:06] run901 DONE best(penalized)=5291.8573 raw=5291.8573 elapsed=9552.6s -> saved D:\ResearchLab\02_Projects\02_Projects\Tap chi XD_SFOA\code\SOO_MPJ\results\MPJ_SOO_Cost_run901_PILOT.mat

=== Session start 17-Aug-2026 15:38:48 (mode=pilot30, Nrun=1) ===
[17-Aug-2026 15:44:09] run01 it=10/250 best(penalized)=16765.8554 raw=16765.8554 FEs=330 elapsed=225.6s
[17-Aug-2026 15:49:00] run01 it=20/250 best(penalized)=8453.0347 raw=8453.0347 FEs=630 elapsed=516.2s
[17-Aug-2026 15:53:22] run01 it=30/250 best(penalized)=8443.9358 raw=8443.9358 FEs=930 elapsed=778.3s
[17-Aug-2026 15:58:17] run01 it=40/250 best(penalized)=7091.3541 raw=7091.3541 FEs=1230 elapsed=1073.6s
[17-Aug-2026 16:03:06] run01 it=50/250 best(penalized)=7091.3541 raw=7091.3541 FEs=1530 elapsed=1362.2s
[17-Aug-2026 16:08:02] run01 it=60/250 best(penalized)=7084.5299 raw=7084.5299 FEs=1830 elapsed=1658.2s
[17-Aug-2026 16:13:00] run01 it=70/250 best(penalized)=6945.2073 raw=6945.2073 FEs=2130 elapsed=1956.6s
[17-Aug-2026 16:17:12] run01 it=80/250 best(penalized)=6945.2073 raw=6945.2073 FEs=2430 elapsed=2208.7s
[17-Aug-2026 16:21:50] run01 it=90/250 best(penalized)=6945.2073 raw=6945.2073 FEs=2730 elapsed=2486.8s
[17-Aug-2026 16:26:23] run01 it=100/250 best(penalized)=6945.2073 raw=6945.2073 FEs=3030 elapsed=2759.7s
[17-Aug-2026 16:30:59] run01 it=110/250 best(penalized)=6935.4642 raw=6935.4642 FEs=3330 elapsed=3035.2s
[17-Aug-2026 16:35:13] run01 it=120/250 best(penalized)=6935.4642 raw=6935.4642 FEs=3630 elapsed=3289.5s
[17-Aug-2026 16:39:58] run01 it=130/250 best(penalized)=6928.6400 raw=6928.6400 FEs=3930 elapsed=3574.2s
[17-Aug-2026 16:44:25] run01 it=140/250 best(penalized)=6928.6400 raw=6928.6400 FEs=4230 elapsed=3840.8s
[17-Aug-2026 16:48:55] run01 it=150/250 best(penalized)=6928.6400 raw=6928.6400 FEs=4530 elapsed=4111.4s
[17-Aug-2026 16:53:31] run01 it=160/250 best(penalized)=6928.6400 raw=6928.6400 FEs=4830 elapsed=4386.9s
[17-Aug-2026 16:58:20] run01 it=170/250 best(penalized)=6928.6400 raw=6928.6400 FEs=5130 elapsed=4676.2s
[17-Aug-2026 17:02:46] run01 it=180/250 best(penalized)=6928.6400 raw=6928.6400 FEs=5430 elapsed=4942.1s
[17-Aug-2026 17:07:03] run01 it=190/250 best(penalized)=6928.6400 raw=6928.6400 FEs=5730 elapsed=5199.8s
[17-Aug-2026 17:11:36] run01 it=200/250 best(penalized)=6928.6400 raw=6928.6400 FEs=6030 elapsed=5472.7s
[17-Aug-2026 17:16:27] run01 it=210/250 best(penalized)=6928.6400 raw=6928.6400 FEs=6330 elapsed=5762.9s
[17-Aug-2026 17:21:03] run01 it=220/250 best(penalized)=6928.6400 raw=6928.6400 FEs=6630 elapsed=6038.9s
[17-Aug-2026 17:25:16] run01 it=230/250 best(penalized)=6928.6400 raw=6928.6400 FEs=6930 elapsed=6292.3s
[17-Aug-2026 17:30:12] run01 it=240/250 best(penalized)=6928.6400 raw=6928.6400 FEs=7230 elapsed=6588.0s
[17-Aug-2026 17:35:03] run01 it=250/250 best(penalized)=6928.6400 raw=6928.6400 FEs=7530 elapsed=6879.2s
[17-Aug-2026 17:35:03] run01 DONE best(penalized)=6928.6400 raw=6928.6400 elapsed=6879.2s -> saved D:\ResearchLab\02_Projects\02_Projects\Tap chi XD_SFOA\code\SOO_MPJ\results\MPJ_SOO_Cost_run01_PILOT30.mat

=== Session start 17-Aug-2026 20:00:55 (mode=pilot30, Nrun=1) ===

=== Session start 17-Aug-2026 22:49:40 (mode=smoke, Nrun=1) ===
[17-Aug-2026 22:50:53] run1000 it=1/1 best(penalized)=29731.7060 raw=29731.7060 FEs=16 elapsed=16.5s
[17-Aug-2026 22:50:53] run1000 DONE best(penalized)=29731.7060 raw=29731.7060 elapsed=16.5s -> saved D:\ResearchLab\02_Projects\02_Projects\Tap chi XD_SFOA\code\SOO_MPJ\results\MPJ_SOO_Cost_run1000_SMOKE.mat

=== Session start 17-Aug-2026 22:51:57 (mode=campaign, Nrun=30) ===
[17-Aug-2026 22:56:25] run01 it=10/150 best(penalized)=16629.0201 raw=16629.0201 FEs=330 elapsed=186.7s
[17-Aug-2026 23:00:53] run01 it=20/150 best(penalized)=13028.8185 raw=13028.8185 FEs=630 elapsed=453.8s
[17-Aug-2026 23:04:22] run01 it=30/150 best(penalized)=13028.8185 raw=13028.8185 FEs=930 elapsed=663.0s
[17-Aug-2026 23:08:17] run01 it=40/150 best(penalized)=12976.4087 raw=12976.4087 FEs=1230 elapsed=898.3s
[17-Aug-2026 23:12:12] run01 it=50/150 best(penalized)=11406.0988 raw=11406.0988 FEs=1530 elapsed=1132.8s
[17-Aug-2026 23:16:22] run01 it=60/150 best(penalized)=10251.7852 raw=10251.7852 FEs=1830 elapsed=1383.1s
[17-Aug-2026 23:20:50] run01 it=70/150 best(penalized)=10251.7852 raw=10251.7852 FEs=2130 elapsed=1651.5s
[17-Aug-2026 23:25:34] run01 it=80/150 best(penalized)=9521.3514 raw=9521.3514 FEs=2430 elapsed=1934.9s
[17-Aug-2026 23:30:13] run01 it=90/150 best(penalized)=9521.3514 raw=9521.3514 FEs=2730 elapsed=2213.8s
[17-Aug-2026 23:35:00] run01 it=100/150 best(penalized)=9521.3514 raw=9521.3514 FEs=3030 elapsed=2501.7s
[17-Aug-2026 23:39:47] run01 it=110/150 best(penalized)=9486.9084 raw=9486.9084 FEs=3330 elapsed=2788.4s
[17-Aug-2026 23:44:35] run01 it=120/150 best(penalized)=9465.8409 raw=9465.8409 FEs=3630 elapsed=3076.3s
[17-Aug-2026 23:49:53] run01 it=130/150 best(penalized)=9465.8409 raw=9465.8409 FEs=3930 elapsed=3394.7s
[17-Aug-2026 23:55:04] run01 it=140/150 best(penalized)=9423.7058 raw=9423.7058 FEs=4230 elapsed=3705.3s
[18-Aug-2026 00:00:20] run01 it=150/150 best(penalized)=9423.7058 raw=9423.7058 FEs=4530 elapsed=4021.3s
[18-Aug-2026 00:00:20] run01 DONE best(penalized)=9423.7058 raw=9423.7058 elapsed=4021.3s -> saved D:\ResearchLab\02_Projects\02_Projects\Tap chi XD_SFOA\code\SOO_MPJ\results\MPJ_SOO_Cost_run01_CAMPAIGN.mat
[18-Aug-2026 00:03:44] run02 it=10/150 best(penalized)=8491.2416 raw=8491.2416 FEs=330 elapsed=203.9s
[18-Aug-2026 00:07:31] run02 it=20/150 best(penalized)=8377.5719 raw=8377.5719 FEs=630 elapsed=430.9s
[18-Aug-2026 00:11:47] run02 it=30/150 best(penalized)=8354.8380 raw=8354.8380 FEs=930 elapsed=686.7s
[18-Aug-2026 00:16:00] run02 it=40/150 best(penalized)=8320.7371 raw=8320.7371 FEs=1230 elapsed=940.0s
[18-Aug-2026 00:19:45] run02 it=50/150 best(penalized)=8309.3701 raw=8309.3701 FEs=1530 elapsed=1164.9s
[18-Aug-2026 00:23:20] run02 it=60/150 best(penalized)=8309.3701 raw=8309.3701 FEs=1830 elapsed=1379.8s
[18-Aug-2026 00:27:39] run02 it=70/150 best(penalized)=8309.3701 raw=8309.3701 FEs=2130 elapsed=1639.3s
[18-Aug-2026 00:32:03] run02 it=80/150 best(penalized)=8309.3701 raw=8309.3701 FEs=2430 elapsed=1903.1s
[18-Aug-2026 00:36:19] run02 it=90/150 best(penalized)=8309.3701 raw=8309.3701 FEs=2730 elapsed=2158.5s
[18-Aug-2026 00:40:31] run02 it=100/150 best(penalized)=8309.3701 raw=8309.3701 FEs=3030 elapsed=2411.2s
[18-Aug-2026 00:44:34] run02 it=110/150 best(penalized)=8309.3701 raw=8309.3701 FEs=3330 elapsed=2654.2s
[18-Aug-2026 00:48:49] run02 it=120/150 best(penalized)=8309.3701 raw=8309.3701 FEs=3630 elapsed=2909.2s
[18-Aug-2026 00:53:06] run02 it=130/150 best(penalized)=8309.3701 raw=8309.3701 FEs=3930 elapsed=3166.0s
[18-Aug-2026 00:57:34] run02 it=140/150 best(penalized)=7395.2220 raw=7395.2220 FEs=4230 elapsed=3434.2s
[18-Aug-2026 01:02:15] run02 it=150/150 best(penalized)=6414.8315 raw=6414.8315 FEs=4530 elapsed=3714.6s
[18-Aug-2026 01:02:15] run02 DONE best(penalized)=6414.8315 raw=6414.8315 elapsed=3714.6s -> saved D:\ResearchLab\02_Projects\02_Projects\Tap chi XD_SFOA\code\SOO_MPJ\results\MPJ_SOO_Cost_run02_CAMPAIGN.mat
[18-Aug-2026 01:05:24] run03 it=10/150 best(penalized)=12547.5103 raw=12547.5103 FEs=330 elapsed=189.5s
[18-Aug-2026 01:09:49] run03 it=20/150 best(penalized)=7098.1783 raw=7098.1783 FEs=630 elapsed=454.4s
[18-Aug-2026 01:14:15] run03 it=30/150 best(penalized)=7098.1783 raw=7098.1783 FEs=930 elapsed=720.3s
[18-Aug-2026 01:17:57] run03 it=40/150 best(penalized)=7098.1783 raw=7098.1783 FEs=1230 elapsed=942.3s
[18-Aug-2026 01:22:28] run03 it=50/150 best(penalized)=7084.5299 raw=7084.5299 FEs=1530 elapsed=1213.2s
[18-Aug-2026 01:27:08] run03 it=60/150 best(penalized)=6825.6310 raw=6825.6310 FEs=1830 elapsed=1493.2s
[18-Aug-2026 01:31:46] run03 it=70/150 best(penalized)=5369.8022 raw=5369.8022 FEs=2130 elapsed=1771.7s
[18-Aug-2026 01:36:28] run03 it=80/150 best(penalized)=5369.8022 raw=5369.8022 FEs=2430 elapsed=2053.6s
[18-Aug-2026 01:41:11] run03 it=90/150 best(penalized)=5369.8022 raw=5369.8022 FEs=2730 elapsed=2336.2s
[18-Aug-2026 01:45:51] run03 it=100/150 best(penalized)=5369.8022 raw=5369.8022 FEs=3030 elapsed=2616.4s
[18-Aug-2026 01:50:41] run03 it=110/150 best(penalized)=5369.8022 raw=5369.8022 FEs=3330 elapsed=2905.9s
[18-Aug-2026 01:55:24] run03 it=120/150 best(penalized)=5369.8022 raw=5369.8022 FEs=3630 elapsed=3189.1s
[18-Aug-2026 02:00:02] run03 it=130/150 best(penalized)=5369.8022 raw=5369.8022 FEs=3930 elapsed=3467.0s
[18-Aug-2026 02:04:41] run03 it=140/150 best(penalized)=5304.8481 raw=5304.8481 FEs=4230 elapsed=3746.5s
[18-Aug-2026 02:09:17] run03 it=150/150 best(penalized)=5304.8481 raw=5304.8481 FEs=4530 elapsed=4021.9s
[18-Aug-2026 02:09:17] run03 DONE best(penalized)=5304.8481 raw=5304.8481 elapsed=4021.9s -> saved D:\ResearchLab\02_Projects\02_Projects\Tap chi XD_SFOA\code\SOO_MPJ\results\MPJ_SOO_Cost_run03_CAMPAIGN.mat
[18-Aug-2026 02:13:22] run04 it=10/150 best(penalized)=20396.4881 raw=20396.4881 FEs=330 elapsed=245.3s
[18-Aug-2026 02:16:29] run04 it=20/150 best(penalized)=17443.7727 raw=17443.7727 FEs=630 elapsed=432.4s
[18-Aug-2026 02:19:45] run04 it=30/150 best(penalized)=14133.7122 raw=14133.7122 FEs=930 elapsed=628.2s
[18-Aug-2026 02:23:33] run04 it=40/150 best(penalized)=12723.9938 raw=12723.9938 FEs=1230 elapsed=856.6s
[18-Aug-2026 02:27:06] run04 it=50/150 best(penalized)=11116.7028 raw=11116.7028 FEs=1530 elapsed=1069.6s
[18-Aug-2026 02:31:04] run04 it=60/150 best(penalized)=10526.3529 raw=10526.3529 FEs=1830 elapsed=1307.9s
[18-Aug-2026 02:34:28] run04 it=70/150 best(penalized)=10455.7046 raw=10455.7046 FEs=2130 elapsed=1511.3s
[18-Aug-2026 02:38:02] run04 it=80/150 best(penalized)=9166.2185 raw=9166.2185 FEs=2430 elapsed=1725.3s
[18-Aug-2026 02:40:44] run04 it=90/150 best(penalized)=9007.5309 raw=9007.5309 FEs=2730 elapsed=1887.0s
[18-Aug-2026 02:44:22] run04 it=100/150 best(penalized)=8925.0324 raw=8925.0324 FEs=3030 elapsed=2105.9s
[18-Aug-2026 02:48:40] run04 it=110/150 best(penalized)=8804.4393 raw=8804.4393 FEs=3330 elapsed=2363.8s
[18-Aug-2026 02:52:24] run04 it=120/150 best(penalized)=8804.4393 raw=8804.4393 FEs=3630 elapsed=2587.9s
[18-Aug-2026 02:56:12] run04 it=130/150 best(penalized)=8804.4393 raw=8804.4393 FEs=3930 elapsed=2815.8s
[18-Aug-2026 02:59:59] run04 it=140/150 best(penalized)=8804.4393 raw=8804.4393 FEs=4230 elapsed=3042.0s
[18-Aug-2026 03:03:56] run04 it=150/150 best(penalized)=8804.4393 raw=8804.4393 FEs=4530 elapsed=3279.8s
[18-Aug-2026 03:03:56] run04 DONE best(penalized)=8804.4393 raw=8804.4393 elapsed=3279.8s -> saved D:\ResearchLab\02_Projects\02_Projects\Tap chi XD_SFOA\code\SOO_MPJ\results\MPJ_SOO_Cost_run04_CAMPAIGN.mat
[18-Aug-2026 03:07:37] run05 it=10/150 best(penalized)=10808.7847 raw=10808.7847 FEs=330 elapsed=221.0s
[18-Aug-2026 03:11:26] run05 it=20/150 best(penalized)=9318.3673 raw=9318.3673 FEs=630 elapsed=449.7s
[18-Aug-2026 03:15:52] run05 it=30/150 best(penalized)=9318.3673 raw=9318.3673 FEs=930 elapsed=715.3s
[18-Aug-2026 03:20:06] run05 it=40/150 best(penalized)=9236.4049 raw=9236.4049 FEs=1230 elapsed=970.0s
[18-Aug-2026 03:24:55] run05 it=50/150 best(penalized)=9236.4049 raw=9236.4049 FEs=1530 elapsed=1258.3s
[18-Aug-2026 03:29:29] run05 it=60/150 best(penalized)=8995.8465 raw=8995.8465 FEs=1830 elapsed=1532.3s
[18-Aug-2026 03:33:22] run05 it=70/150 best(penalized)=8962.0417 raw=8962.0417 FEs=2130 elapsed=1766.0s
[18-Aug-2026 03:36:32] run05 it=80/150 best(penalized)=8962.0417 raw=8962.0417 FEs=2430 elapsed=1956.0s
[18-Aug-2026 03:40:36] run05 it=90/150 best(penalized)=8962.0417 raw=8962.0417 FEs=2730 elapsed=2200.0s
[18-Aug-2026 03:44:37] run05 it=100/150 best(penalized)=8962.0417 raw=8962.0417 FEs=3030 elapsed=2440.6s
[18-Aug-2026 03:48:49] run05 it=110/150 best(penalized)=8962.0417 raw=8962.0417 FEs=3330 elapsed=2693.0s
[18-Aug-2026 03:52:59] run05 it=120/150 best(penalized)=8915.1056 raw=8915.1056 FEs=3630 elapsed=2943.0s
[18-Aug-2026 03:57:13] run05 it=130/150 best(penalized)=8834.3648 raw=8834.3648 FEs=3930 elapsed=3196.3s
[18-Aug-2026 04:01:46] run05 it=140/150 best(penalized)=8800.8041 raw=8800.8041 FEs=4230 elapsed=3469.7s
[18-Aug-2026 04:06:19] run05 it=150/150 best(penalized)=8800.8041 raw=8800.8041 FEs=4530 elapsed=3742.7s
[18-Aug-2026 04:06:19] run05 DONE best(penalized)=8800.8041 raw=8800.8041 elapsed=3742.7s -> saved D:\ResearchLab\02_Projects\02_Projects\Tap chi XD_SFOA\code\SOO_MPJ\results\MPJ_SOO_Cost_run05_CAMPAIGN.mat
[18-Aug-2026 04:09:54] run06 it=10/150 best(penalized)=14053.0652 raw=14053.0652 FEs=330 elapsed=215.3s
[18-Aug-2026 04:13:57] run06 it=20/150 best(penalized)=13120.2999 raw=13120.2999 FEs=630 elapsed=457.7s
[18-Aug-2026 04:18:07] run06 it=30/150 best(penalized)=13089.2083 raw=13089.2083 FEs=930 elapsed=708.3s
[18-Aug-2026 04:21:25] run06 it=40/150 best(penalized)=12265.4689 raw=12265.4689 FEs=1230 elapsed=906.1s
[18-Aug-2026 04:24:47] run06 it=50/150 best(penalized)=11543.5543 raw=11543.5543 FEs=1530 elapsed=1107.8s
[18-Aug-2026 04:28:39] run06 it=60/150 best(penalized)=11543.5543 raw=11543.5543 FEs=1830 elapsed=1340.2s
[18-Aug-2026 04:31:49] run06 it=70/150 best(penalized)=8845.6886 raw=8845.6886 FEs=2130 elapsed=1530.2s
[18-Aug-2026 04:35:07] run06 it=80/150 best(penalized)=8845.6886 raw=8845.6886 FEs=2430 elapsed=1727.6s
[18-Aug-2026 04:38:45] run06 it=90/150 best(penalized)=8845.6886 raw=8845.6886 FEs=2730 elapsed=1945.6s
[18-Aug-2026 04:42:32] run06 it=100/150 best(penalized)=8845.6886 raw=8845.6886 FEs=3030 elapsed=2172.9s
[18-Aug-2026 04:46:27] run06 it=110/150 best(penalized)=8845.6886 raw=8845.6886 FEs=3330 elapsed=2407.5s
[18-Aug-2026 04:50:08] run06 it=120/150 best(penalized)=8845.6886 raw=8845.6886 FEs=3630 elapsed=2629.4s
[18-Aug-2026 04:54:14] run06 it=130/150 best(penalized)=8734.9841 raw=8734.9841 FEs=3930 elapsed=2875.4s
[18-Aug-2026 04:57:49] run06 it=140/150 best(penalized)=8734.9841 raw=8734.9841 FEs=4230 elapsed=3089.6s
[18-Aug-2026 05:01:25] run06 it=150/150 best(penalized)=8734.9841 raw=8734.9841 FEs=4530 elapsed=3305.8s
[18-Aug-2026 05:01:25] run06 DONE best(penalized)=8734.9841 raw=8734.9841 elapsed=3305.8s -> saved D:\ResearchLab\02_Projects\02_Projects\Tap chi XD_SFOA\code\SOO_MPJ\results\MPJ_SOO_Cost_run06_CAMPAIGN.mat
[18-Aug-2026 05:03:56] run07 it=10/150 best(penalized)=12922.7397 raw=12922.7397 FEs=330 elapsed=151.2s
[18-Aug-2026 05:07:33] run07 it=20/150 best(penalized)=11590.1126 raw=11590.1126 FEs=630 elapsed=368.6s
[18-Aug-2026 05:10:50] run07 it=30/150 best(penalized)=6452.2528 raw=6452.2528 FEs=930 elapsed=565.3s
[18-Aug-2026 05:14:41] run07 it=40/150 best(penalized)=6452.2528 raw=6452.2528 FEs=1230 elapsed=796.1s
[18-Aug-2026 05:18:12] run07 it=50/150 best(penalized)=6452.2528 raw=6452.2528 FEs=1530 elapsed=1006.7s
[18-Aug-2026 05:21:56] run07 it=60/150 best(penalized)=6023.9243 raw=6023.9243 FEs=1830 elapsed=1231.0s
[18-Aug-2026 05:26:08] run07 it=70/150 best(penalized)=5888.6152 raw=5888.6152 FEs=2130 elapsed=1483.3s
[18-Aug-2026 05:30:29] run07 it=80/150 best(penalized)=5291.8573 raw=5291.8573 FEs=2430 elapsed=1743.9s
[18-Aug-2026 05:34:24] run07 it=90/150 best(penalized)=5291.8573 raw=5291.8573 FEs=2730 elapsed=1978.9s
[18-Aug-2026 05:38:37] run07 it=100/150 best(penalized)=5291.8573 raw=5291.8573 FEs=3030 elapsed=2231.7s
[18-Aug-2026 05:42:45] run07 it=110/150 best(penalized)=5291.8573 raw=5291.8573 FEs=3330 elapsed=2480.4s
[18-Aug-2026 05:46:49] run07 it=120/150 best(penalized)=5291.8573 raw=5291.8573 FEs=3630 elapsed=2724.6s
[18-Aug-2026 05:51:15] run07 it=130/150 best(penalized)=5291.8573 raw=5291.8573 FEs=3930 elapsed=2990.3s
[18-Aug-2026 05:55:38] run07 it=140/150 best(penalized)=5291.8573 raw=5291.8573 FEs=4230 elapsed=3252.8s
[18-Aug-2026 06:00:01] run07 it=150/150 best(penalized)=5291.8573 raw=5291.8573 FEs=4530 elapsed=3516.4s
[18-Aug-2026 06:00:01] run07 DONE best(penalized)=5291.8573 raw=5291.8573 elapsed=3516.4s -> saved D:\ResearchLab\02_Projects\02_Projects\Tap chi XD_SFOA\code\SOO_MPJ\results\MPJ_SOO_Cost_run07_CAMPAIGN.mat
[18-Aug-2026 06:03:44] run08 it=10/150 best(penalized)=8491.2416 raw=8491.2416 FEs=330 elapsed=222.7s
[18-Aug-2026 06:07:42] run08 it=20/150 best(penalized)=8491.2416 raw=8491.2416 FEs=630 elapsed=460.9s
[18-Aug-2026 06:11:25] run08 it=30/150 best(penalized)=8457.1407 raw=8457.1407 FEs=930 elapsed=683.8s
[18-Aug-2026 06:15:50] run08 it=40/150 best(penalized)=8423.0398 raw=8423.0398 FEs=1230 elapsed=948.2s
[18-Aug-2026 06:19:56] run08 it=50/150 best(penalized)=8354.8380 raw=8354.8380 FEs=1530 elapsed=1194.9s
[18-Aug-2026 06:23:44] run08 it=60/150 best(penalized)=8309.3701 raw=8309.3701 FEs=1830 elapsed=1422.6s
[18-Aug-2026 06:27:30] run08 it=70/150 best(penalized)=8309.3701 raw=8309.3701 FEs=2130 elapsed=1649.0s
[18-Aug-2026 06:31:46] run08 it=80/150 best(penalized)=8309.3701 raw=8309.3701 FEs=2430 elapsed=1905.1s
[18-Aug-2026 06:35:32] run08 it=90/150 best(penalized)=8309.3701 raw=8309.3701 FEs=2730 elapsed=2130.4s
[18-Aug-2026 06:40:11] run08 it=100/150 best(penalized)=8309.3701 raw=8309.3701 FEs=3030 elapsed=2410.1s
[18-Aug-2026 06:44:16] run08 it=110/150 best(penalized)=8309.3701 raw=8309.3701 FEs=3330 elapsed=2654.8s
[18-Aug-2026 06:48:30] run08 it=120/150 best(penalized)=8309.3701 raw=8309.3701 FEs=3630 elapsed=2908.6s
[18-Aug-2026 06:52:52] run08 it=130/150 best(penalized)=8309.3701 raw=8309.3701 FEs=3930 elapsed=3171.2s
[18-Aug-2026 06:57:37] run08 it=140/150 best(penalized)=8309.3701 raw=8309.3701 FEs=4230 elapsed=3455.5s
[18-Aug-2026 07:02:33] run08 it=150/150 best(penalized)=8309.3701 raw=8309.3701 FEs=4530 elapsed=3751.7s
[18-Aug-2026 07:02:33] run08 DONE best(penalized)=8309.3701 raw=8309.3701 elapsed=3751.7s -> saved D:\ResearchLab\02_Projects\02_Projects\Tap chi XD_SFOA\code\SOO_MPJ\results\MPJ_SOO_Cost_run08_CAMPAIGN.mat
[18-Aug-2026 07:05:46] run09 it=10/150 best(penalized)=15717.0266 raw=15717.0266 FEs=330 elapsed=193.2s
[18-Aug-2026 07:09:26] run09 it=20/150 best(penalized)=14112.8947 raw=14112.8947 FEs=630 elapsed=412.5s
[18-Aug-2026 07:13:15] run09 it=30/150 best(penalized)=14112.8947 raw=14112.8947 FEs=930 elapsed=642.3s
[18-Aug-2026 07:17:00] run09 it=40/150 best(penalized)=10654.1705 raw=10654.1705 FEs=1230 elapsed=867.1s
[18-Aug-2026 07:20:33] run09 it=50/150 best(penalized)=8894.9204 raw=8894.9204 FEs=1530 elapsed=1079.8s
[18-Aug-2026 07:24:11] run09 it=60/150 best(penalized)=8894.9204 raw=8894.9204 FEs=1830 elapsed=1297.6s
[18-Aug-2026 07:27:48] run09 it=70/150 best(penalized)=8894.9204 raw=8894.9204 FEs=2130 elapsed=1515.3s
[18-Aug-2026 07:31:37] run09 it=80/150 best(penalized)=8894.9204 raw=8894.9204 FEs=2430 elapsed=1744.1s
[18-Aug-2026 07:35:39] run09 it=90/150 best(penalized)=8894.9204 raw=8894.9204 FEs=2730 elapsed=1986.0s
[18-Aug-2026 07:39:52] run09 it=100/150 best(penalized)=8894.9204 raw=8894.9204 FEs=3030 elapsed=2239.0s
[18-Aug-2026 07:43:55] run09 it=110/150 best(penalized)=8894.9204 raw=8894.9204 FEs=3330 elapsed=2482.4s
[18-Aug-2026 07:47:38] run09 it=120/150 best(penalized)=8861.3598 raw=8861.3598 FEs=3630 elapsed=2705.4s
[18-Aug-2026 07:51:09] run09 it=130/150 best(penalized)=8861.3598 raw=8861.3598 FEs=3930 elapsed=2916.2s
[18-Aug-2026 07:54:36] run09 it=140/150 best(penalized)=8861.3598 raw=8861.3598 FEs=4230 elapsed=3123.3s
[18-Aug-2026 07:58:25] run09 it=150/150 best(penalized)=8861.3598 raw=8861.3598 FEs=4530 elapsed=3352.2s
[18-Aug-2026 07:58:25] run09 DONE best(penalized)=8861.3598 raw=8861.3598 elapsed=3352.2s -> saved D:\ResearchLab\02_Projects\02_Projects\Tap chi XD_SFOA\code\SOO_MPJ\results\MPJ_SOO_Cost_run09_CAMPAIGN.mat
[18-Aug-2026 08:01:28] run10 it=10/150 best(penalized)=13892.4804 raw=13892.4804 FEs=330 elapsed=182.4s
[18-Aug-2026 08:04:23] run10 it=20/150 best(penalized)=12660.9639 raw=12660.9639 FEs=630 elapsed=357.5s
[18-Aug-2026 08:07:33] run10 it=30/150 best(penalized)=12660.9639 raw=12660.9639 FEs=930 elapsed=547.8s
[18-Aug-2026 08:11:00] run10 it=40/150 best(penalized)=12660.9639 raw=12660.9639 FEs=1230 elapsed=754.6s
[18-Aug-2026 08:14:27] run10 it=50/150 best(penalized)=12660.9639 raw=12660.9639 FEs=1530 elapsed=961.8s
[18-Aug-2026 08:17:55] run10 it=60/150 best(penalized)=11252.9865 raw=11252.9865 FEs=1830 elapsed=1169.9s
[18-Aug-2026 08:21:39] run10 it=70/150 best(penalized)=10680.5949 raw=10680.5949 FEs=2130 elapsed=1394.0s
[18-Aug-2026 08:25:59] run10 it=80/150 best(penalized)=10238.6462 raw=10238.6462 FEs=2430 elapsed=1654.1s
[18-Aug-2026 08:30:36] run10 it=90/150 best(penalized)=10128.8414 raw=10128.8414 FEs=2730 elapsed=1930.5s
[18-Aug-2026 08:35:24] run10 it=100/150 best(penalized)=10128.8414 raw=10128.8414 FEs=3030 elapsed=2218.8s
[18-Aug-2026 08:40:03] run10 it=110/150 best(penalized)=9730.3059 raw=9730.3059 FEs=3330 elapsed=2497.8s
[18-Aug-2026 08:45:23] run10 it=120/150 best(penalized)=9561.6517 raw=9561.6517 FEs=3630 elapsed=2818.0s
[18-Aug-2026 08:50:40] run10 it=130/150 best(penalized)=8059.5644 raw=8059.5644 FEs=3930 elapsed=3134.9s
[18-Aug-2026 08:55:23] run10 it=140/150 best(penalized)=8059.5644 raw=8059.5644 FEs=4230 elapsed=3418.2s
[18-Aug-2026 09:00:00] run10 it=150/150 best(penalized)=8059.5644 raw=8059.5644 FEs=4530 elapsed=3695.3s
[18-Aug-2026 09:00:00] run10 DONE best(penalized)=8059.5644 raw=8059.5644 elapsed=3695.3s -> saved D:\ResearchLab\02_Projects\02_Projects\Tap chi XD_SFOA\code\SOO_MPJ\results\MPJ_SOO_Cost_run10_CAMPAIGN.mat
[18-Aug-2026 09:03:28] run11 it=10/150 best(penalized)=21360.4783 raw=21360.4783 FEs=330 elapsed=207.6s
[18-Aug-2026 09:06:11] run11 it=20/150 best(penalized)=12181.6275 raw=12181.6275 FEs=630 elapsed=370.2s
[18-Aug-2026 09:09:48] run11 it=30/150 best(penalized)=9686.1417 raw=9686.1417 FEs=930 elapsed=587.9s
[18-Aug-2026 09:13:05] run11 it=40/150 best(penalized)=9686.1417 raw=9686.1417 FEs=1230 elapsed=784.8s
[18-Aug-2026 09:16:50] run11 it=50/150 best(penalized)=9686.1417 raw=9686.1417 FEs=1530 elapsed=1009.5s
[18-Aug-2026 09:20:27] run11 it=60/150 best(penalized)=9686.1417 raw=9686.1417 FEs=1830 elapsed=1226.3s
[18-Aug-2026 09:24:22] run11 it=70/150 best(penalized)=9004.3762 raw=9004.3762 FEs=2130 elapsed=1461.5s
[18-Aug-2026 09:28:26] run11 it=80/150 best(penalized)=8934.4964 raw=8934.4964 FEs=2430 elapsed=1705.5s
[18-Aug-2026 09:32:35] run11 it=90/150 best(penalized)=8851.9979 raw=8851.9979 FEs=2730 elapsed=1954.5s
[18-Aug-2026 09:36:14] run11 it=100/150 best(penalized)=8851.9979 raw=8851.9979 FEs=3030 elapsed=2173.8s
[18-Aug-2026 09:39:58] run11 it=110/150 best(penalized)=8851.9979 raw=8851.9979 FEs=3330 elapsed=2397.8s
[18-Aug-2026 09:44:37] run11 it=120/150 best(penalized)=8748.8748 raw=8748.8748 FEs=3630 elapsed=2676.6s
[18-Aug-2026 09:48:23] run11 it=130/150 best(penalized)=8748.8748 raw=8748.8748 FEs=3930 elapsed=2902.8s
[18-Aug-2026 09:52:40] run11 it=140/150 best(penalized)=8748.8748 raw=8748.8748 FEs=4230 elapsed=3159.8s
[18-Aug-2026 09:56:46] run11 it=150/150 best(penalized)=8666.3763 raw=8666.3763 FEs=4530 elapsed=3405.9s
[18-Aug-2026 09:56:46] run11 DONE best(penalized)=8666.3763 raw=8666.3763 elapsed=3405.9s -> saved D:\ResearchLab\02_Projects\02_Projects\Tap chi XD_SFOA\code\SOO_MPJ\results\MPJ_SOO_Cost_run11_CAMPAIGN.mat
[18-Aug-2026 09:59:50] run12 it=10/150 best(penalized)=15551.4724 raw=15551.4724 FEs=330 elapsed=183.5s
[18-Aug-2026 10:02:54] run12 it=20/150 best(penalized)=13379.1982 raw=13379.1982 FEs=630 elapsed=367.5s
[18-Aug-2026 10:06:03] run12 it=30/150 best(penalized)=13379.1982 raw=13379.1982 FEs=930 elapsed=556.2s
[18-Aug-2026 10:08:44] run12 it=40/150 best(penalized)=12265.4689 raw=12265.4689 FEs=1230 elapsed=718.0s
[18-Aug-2026 10:12:19] run12 it=50/150 best(penalized)=10717.6902 raw=10717.6902 FEs=1530 elapsed=932.5s
[18-Aug-2026 10:15:28] run12 it=60/150 best(penalized)=10485.5663 raw=10485.5663 FEs=1830 elapsed=1121.6s
[18-Aug-2026 10:18:40] run12 it=70/150 best(penalized)=10485.5663 raw=10485.5663 FEs=2130 elapsed=1313.2s
[18-Aug-2026 10:22:12] run12 it=80/150 best(penalized)=9120.1180 raw=9120.1180 FEs=2430 elapsed=1525.2s
[18-Aug-2026 10:25:58] run12 it=90/150 best(penalized)=9120.1180 raw=9120.1180 FEs=2730 elapsed=1751.7s
[18-Aug-2026 10:29:33] run12 it=100/150 best(penalized)=8657.1077 raw=8657.1077 FEs=3030 elapsed=1966.9s
[18-Aug-2026 10:33:24] run12 it=110/150 best(penalized)=8655.4725 raw=8655.4725 FEs=3330 elapsed=2197.8s
[18-Aug-2026 10:37:16] run12 it=120/150 best(penalized)=8618.1695 raw=8618.1695 FEs=3630 elapsed=2429.5s
[18-Aug-2026 10:41:16] run12 it=130/150 best(penalized)=7898.8841 raw=7898.8841 FEs=3930 elapsed=2669.6s
[18-Aug-2026 10:45:39] run12 it=140/150 best(penalized)=7898.8841 raw=7898.8841 FEs=4230 elapsed=2932.5s
[18-Aug-2026 10:50:19] run12 it=150/150 best(penalized)=7634.4521 raw=7634.4521 FEs=4530 elapsed=3212.2s
[18-Aug-2026 10:50:19] run12 DONE best(penalized)=7634.4521 raw=7634.4521 elapsed=3212.2s -> saved D:\ResearchLab\02_Projects\02_Projects\Tap chi XD_SFOA\code\SOO_MPJ\results\MPJ_SOO_Cost_run12_CAMPAIGN.mat
[18-Aug-2026 10:55:04] run13 it=10/150 best(penalized)=11162.7476 raw=11162.7476 FEs=330 elapsed=285.8s
[18-Aug-2026 11:00:02] run13 it=20/150 best(penalized)=10667.5709 raw=10667.5709 FEs=630 elapsed=583.1s
[18-Aug-2026 11:05:17] run13 it=30/150 best(penalized)=8294.7090 raw=8294.7090 FEs=930 elapsed=898.4s
[18-Aug-2026 11:09:43] run13 it=40/150 best(penalized)=7098.1783 raw=7098.1783 FEs=1230 elapsed=1164.8s
[18-Aug-2026 11:14:10] run13 it=50/150 best(penalized)=7032.8954 raw=7032.8954 FEs=1530 elapsed=1431.6s
[18-Aug-2026 11:18:44] run13 it=60/150 best(penalized)=7032.8954 raw=7032.8954 FEs=1830 elapsed=1705.8s
[18-Aug-2026 11:23:55] run13 it=70/150 best(penalized)=6974.4367 raw=6974.4367 FEs=2130 elapsed=2016.0s
[18-Aug-2026 11:28:37] run13 it=80/150 best(penalized)=6935.4642 raw=6935.4642 FEs=2430 elapsed=2298.7s
[18-Aug-2026 11:33:57] run13 it=90/150 best(penalized)=6935.4642 raw=6935.4642 FEs=2730 elapsed=2618.4s
[18-Aug-2026 11:38:44] run13 it=100/150 best(penalized)=6928.6400 raw=6928.6400 FEs=3030 elapsed=2905.7s
[18-Aug-2026 11:42:58] run13 it=110/150 best(penalized)=6928.6400 raw=6928.6400 FEs=3330 elapsed=3159.4s
[18-Aug-2026 11:47:56] run13 it=120/150 best(penalized)=6928.6400 raw=6928.6400 FEs=3630 elapsed=3457.1s
[18-Aug-2026 11:52:40] run13 it=130/150 best(penalized)=6928.6400 raw=6928.6400 FEs=3930 elapsed=3741.2s
[18-Aug-2026 11:57:21] run13 it=140/150 best(penalized)=6928.6400 raw=6928.6400 FEs=4230 elapsed=4022.5s
[18-Aug-2026 12:02:20] run13 it=150/150 best(penalized)=6928.6400 raw=6928.6400 FEs=4530 elapsed=4321.8s
[18-Aug-2026 12:02:20] run13 DONE best(penalized)=6928.6400 raw=6928.6400 elapsed=4321.8s -> saved D:\ResearchLab\02_Projects\02_Projects\Tap chi XD_SFOA\code\SOO_MPJ\results\MPJ_SOO_Cost_run13_CAMPAIGN.mat
[18-Aug-2026 12:05:55] run14 it=10/150 best(penalized)=12919.9885 raw=12919.9885 FEs=330 elapsed=214.2s
[18-Aug-2026 12:09:44] run14 it=20/150 best(penalized)=8491.2416 raw=8491.2416 FEs=630 elapsed=443.4s
[18-Aug-2026 12:14:33] run14 it=30/150 best(penalized)=8491.2416 raw=8491.2416 FEs=930 elapsed=732.6s
[18-Aug-2026 12:19:46] run14 it=40/150 best(penalized)=8491.2416 raw=8491.2416 FEs=1230 elapsed=1045.5s
[18-Aug-2026 12:24:52] run14 it=50/150 best(penalized)=8491.2416 raw=8491.2416 FEs=1530 elapsed=1352.0s
[18-Aug-2026 12:29:56] run14 it=60/150 best(penalized)=8491.2416 raw=8491.2416 FEs=1830 elapsed=1655.8s
[18-Aug-2026 12:35:18] run14 it=70/150 best(penalized)=8445.7738 raw=8445.7738 FEs=2130 elapsed=1977.6s
[18-Aug-2026 12:40:28] run14 it=80/150 best(penalized)=8332.1040 raw=8332.1040 FEs=2430 elapsed=2287.7s
[18-Aug-2026 12:44:54] run14 it=90/150 best(penalized)=8309.3701 raw=8309.3701 FEs=2730 elapsed=2554.1s
[18-Aug-2026 12:49:57] run14 it=100/150 best(penalized)=8309.3701 raw=8309.3701 FEs=3030 elapsed=2856.9s
[18-Aug-2026 12:54:40] run14 it=110/150 best(penalized)=8309.3701 raw=8309.3701 FEs=3330 elapsed=3140.0s
[18-Aug-2026 12:59:04] run14 it=120/150 best(penalized)=8309.3701 raw=8309.3701 FEs=3630 elapsed=3403.7s
[18-Aug-2026 13:04:04] run14 it=130/150 best(penalized)=8309.3701 raw=8309.3701 FEs=3930 elapsed=3703.2s
[18-Aug-2026 13:09:18] run14 it=140/150 best(penalized)=8309.3701 raw=8309.3701 FEs=4230 elapsed=4017.4s
[18-Aug-2026 13:14:46] run14 it=150/150 best(penalized)=8309.3701 raw=8309.3701 FEs=4530 elapsed=4345.8s
[18-Aug-2026 13:14:46] run14 DONE best(penalized)=8309.3701 raw=8309.3701 elapsed=4345.8s -> saved D:\ResearchLab\02_Projects\02_Projects\Tap chi XD_SFOA\code\SOO_MPJ\results\MPJ_SOO_Cost_run14_CAMPAIGN.mat
[18-Aug-2026 13:18:25] run15 it=10/150 best(penalized)=11516.2576 raw=11516.2576 FEs=330 elapsed=218.7s
[18-Aug-2026 13:22:13] run15 it=20/150 best(penalized)=11516.2576 raw=11516.2576 FEs=630 elapsed=446.8s
[18-Aug-2026 13:25:18] run15 it=30/150 best(penalized)=11516.2576 raw=11516.2576 FEs=930 elapsed=631.7s
[18-Aug-2026 13:29:24] run15 it=40/150 best(penalized)=10655.1595 raw=10655.1595 FEs=1230 elapsed=878.0s
[18-Aug-2026 13:33:10] run15 it=50/150 best(penalized)=10655.1595 raw=10655.1595 FEs=1530 elapsed=1104.0s
[18-Aug-2026 13:37:06] run15 it=60/150 best(penalized)=10581.5979 raw=10581.5979 FEs=1830 elapsed=1339.3s
[18-Aug-2026 13:41:14] run15 it=70/150 best(penalized)=9940.2527 raw=9940.2527 FEs=2130 elapsed=1587.7s
[18-Aug-2026 13:46:10] run15 it=80/150 best(penalized)=9940.2527 raw=9940.2527 FEs=2430 elapsed=1884.1s
[18-Aug-2026 13:50:55] run15 it=90/150 best(penalized)=9940.2527 raw=9940.2527 FEs=2730 elapsed=2168.6s
[18-Aug-2026 13:55:47] run15 it=100/150 best(penalized)=9236.4049 raw=9236.4049 FEs=3030 elapsed=2461.0s
[18-Aug-2026 14:00:14] run15 it=110/150 best(penalized)=9212.8753 raw=9212.8753 FEs=3330 elapsed=2728.0s
[18-Aug-2026 14:05:09] run15 it=120/150 best(penalized)=9212.8753 raw=9212.8753 FEs=3630 elapsed=3022.3s
[18-Aug-2026 14:09:45] run15 it=130/150 best(penalized)=9212.8753 raw=9212.8753 FEs=3930 elapsed=3298.9s
[18-Aug-2026 14:14:26] run15 it=140/150 best(penalized)=9212.8753 raw=9212.8753 FEs=4230 elapsed=3579.8s
[18-Aug-2026 14:19:26] run15 it=150/150 best(penalized)=9212.8753 raw=9212.8753 FEs=4530 elapsed=3879.8s
[18-Aug-2026 14:19:26] run15 DONE best(penalized)=9212.8753 raw=9212.8753 elapsed=3879.8s -> saved D:\ResearchLab\02_Projects\02_Projects\Tap chi XD_SFOA\code\SOO_MPJ\results\MPJ_SOO_Cost_run15_CAMPAIGN.mat
[18-Aug-2026 14:22:55] run16 it=10/150 best(penalized)=18799.3316 raw=18799.3316 FEs=330 elapsed=208.8s
[18-Aug-2026 14:26:55] run16 it=20/150 best(penalized)=10568.0606 raw=10568.0606 FEs=630 elapsed=448.6s
[18-Aug-2026 14:31:10] run16 it=30/150 best(penalized)=10375.9022 raw=10375.9022 FEs=930 elapsed=704.1s
[18-Aug-2026 14:35:20] run16 it=40/150 best(penalized)=10320.9998 raw=10320.9998 FEs=1230 elapsed=954.2s
[18-Aug-2026 14:40:25] run16 it=50/150 best(penalized)=10238.6462 raw=10238.6462 FEs=1530 elapsed=1259.5s
[18-Aug-2026 14:45:55] run16 it=60/150 best(penalized)=10128.8414 raw=10128.8414 FEs=1830 elapsed=1588.6s
[18-Aug-2026 14:51:20] run16 it=70/150 best(penalized)=10128.8414 raw=10128.8414 FEs=2130 elapsed=1914.1s
[18-Aug-2026 14:57:06] run16 it=80/150 best(penalized)=10073.9390 raw=10073.9390 FEs=2430 elapsed=2260.3s
[18-Aug-2026 15:03:02] run16 it=90/150 best(penalized)=10073.9390 raw=10073.9390 FEs=2730 elapsed=2615.9s
[18-Aug-2026 15:09:01] run16 it=100/150 best(penalized)=10073.9390 raw=10073.9390 FEs=3030 elapsed=2974.8s
[18-Aug-2026 15:14:57] run16 it=110/150 best(penalized)=10073.9390 raw=10073.9390 FEs=3330 elapsed=3331.4s
[18-Aug-2026 15:20:57] run16 it=120/150 best(penalized)=10073.9390 raw=10073.9390 FEs=3630 elapsed=3690.6s
[18-Aug-2026 15:27:04] run16 it=130/150 best(penalized)=10073.9390 raw=10073.9390 FEs=3930 elapsed=4057.6s
[18-Aug-2026 15:33:02] run16 it=140/150 best(penalized)=10073.9390 raw=10073.9390 FEs=4230 elapsed=4415.5s
[18-Aug-2026 15:38:58] run16 it=150/150 best(penalized)=10073.9390 raw=10073.9390 FEs=4530 elapsed=4772.1s
[18-Aug-2026 15:38:58] run16 DONE best(penalized)=10073.9390 raw=10073.9390 elapsed=4772.1s -> saved D:\ResearchLab\02_Projects\02_Projects\Tap chi XD_SFOA\code\SOO_MPJ\results\MPJ_SOO_Cost_run16_CAMPAIGN.mat
[18-Aug-2026 15:42:20] run17 it=10/150 best(penalized)=12265.4689 raw=12265.4689 FEs=330 elapsed=202.3s
[18-Aug-2026 15:45:59] run17 it=20/150 best(penalized)=12265.4689 raw=12265.4689 FEs=630 elapsed=420.8s
[18-Aug-2026 15:49:13] run17 it=30/150 best(penalized)=10058.7181 raw=10058.7181 FEs=930 elapsed=614.7s
[18-Aug-2026 15:52:55] run17 it=40/150 best(penalized)=10058.7181 raw=10058.7181 FEs=1230 elapsed=837.0s
[18-Aug-2026 15:56:57] run17 it=50/150 best(penalized)=10058.7181 raw=10058.7181 FEs=1530 elapsed=1079.0s
[18-Aug-2026 16:00:41] run17 it=60/150 best(penalized)=10058.7181 raw=10058.7181 FEs=1830 elapsed=1302.5s
[18-Aug-2026 16:04:45] run17 it=70/150 best(penalized)=10058.7181 raw=10058.7181 FEs=2130 elapsed=1546.5s
[18-Aug-2026 16:09:06] run17 it=80/150 best(penalized)=8848.8432 raw=8848.8432 FEs=2430 elapsed=1807.5s
[18-Aug-2026 16:13:11] run17 it=90/150 best(penalized)=8766.3448 raw=8766.3448 FEs=2730 elapsed=2052.7s
[18-Aug-2026 16:17:13] run17 it=100/150 best(penalized)=8725.0955 raw=8725.0955 FEs=3030 elapsed=2294.4s
[18-Aug-2026 16:21:15] run17 it=110/150 best(penalized)=8725.0955 raw=8725.0955 FEs=3330 elapsed=2536.6s
[18-Aug-2026 16:25:12] run17 it=120/150 best(penalized)=8725.0955 raw=8725.0955 FEs=3630 elapsed=2774.1s
[18-Aug-2026 16:29:40] run17 it=130/150 best(penalized)=8645.7517 raw=8645.7517 FEs=3930 elapsed=3041.4s
[18-Aug-2026 16:34:07] run17 it=140/150 best(penalized)=8645.7517 raw=8645.7517 FEs=4230 elapsed=3308.4s
[18-Aug-2026 16:38:14] run17 it=150/150 best(penalized)=8645.7517 raw=8645.7517 FEs=4530 elapsed=3555.9s
[18-Aug-2026 16:38:14] run17 DONE best(penalized)=8645.7517 raw=8645.7517 elapsed=3555.9s -> saved D:\ResearchLab\02_Projects\02_Projects\Tap chi XD_SFOA\code\SOO_MPJ\results\MPJ_SOO_Cost_run17_CAMPAIGN.mat
[18-Aug-2026 16:41:19] run18 it=10/150 best(penalized)=13484.6627 raw=13484.6627 FEs=330 elapsed=184.7s
[18-Aug-2026 16:45:13] run18 it=20/150 best(penalized)=13484.6627 raw=13484.6627 FEs=630 elapsed=419.2s
[18-Aug-2026 16:49:43] run18 it=30/150 best(penalized)=13484.6627 raw=13484.6627 FEs=930 elapsed=688.9s
[18-Aug-2026 16:53:14] run18 it=40/150 best(penalized)=9877.8783 raw=9877.8783 FEs=1230 elapsed=899.7s
[18-Aug-2026 16:57:26] run18 it=50/150 best(penalized)=9877.8783 raw=9877.8783 FEs=1530 elapsed=1152.3s
[18-Aug-2026 17:02:08] run18 it=60/150 best(penalized)=9877.8783 raw=9877.8783 FEs=1830 elapsed=1433.9s
[18-Aug-2026 17:06:34] run18 it=70/150 best(penalized)=9877.8783 raw=9877.8783 FEs=2130 elapsed=1700.4s
[18-Aug-2026 17:11:26] run18 it=80/150 best(penalized)=9877.8783 raw=9877.8783 FEs=2430 elapsed=1991.5s
[18-Aug-2026 17:16:03] run18 it=90/150 best(penalized)=9834.2866 raw=9834.2866 FEs=2730 elapsed=2268.6s
[18-Aug-2026 17:20:40] run18 it=100/150 best(penalized)=9834.2866 raw=9834.2866 FEs=3030 elapsed=2546.4s
[18-Aug-2026 17:25:41] run18 it=110/150 best(penalized)=9793.5512 raw=9793.5512 FEs=3330 elapsed=2846.7s
[18-Aug-2026 17:30:16] run18 it=120/150 best(penalized)=6405.7325 raw=6405.7325 FEs=3630 elapsed=3121.5s
[18-Aug-2026 17:34:54] run18 it=130/150 best(penalized)=6405.7325 raw=6405.7325 FEs=3930 elapsed=3399.9s
[18-Aug-2026 17:39:28] run18 it=140/150 best(penalized)=5369.8022 raw=5369.8022 FEs=4230 elapsed=3673.5s
[18-Aug-2026 17:44:24] run18 it=150/150 best(penalized)=5369.8022 raw=5369.8022 FEs=4530 elapsed=3969.7s
[18-Aug-2026 17:44:24] run18 DONE best(penalized)=5369.8022 raw=5369.8022 elapsed=3969.7s -> saved D:\ResearchLab\02_Projects\02_Projects\Tap chi XD_SFOA\code\SOO_MPJ\results\MPJ_SOO_Cost_run18_CAMPAIGN.mat
[18-Aug-2026 17:46:46] run19 it=10/150 best(penalized)=30264.0257 raw=30264.0257 FEs=330 elapsed=142.4s
[18-Aug-2026 17:51:18] run19 it=20/150 best(penalized)=11337.3526 raw=11337.3526 FEs=630 elapsed=413.9s
[18-Aug-2026 17:56:08] run19 it=30/150 best(penalized)=6824.2833 raw=6824.2833 FEs=930 elapsed=704.5s
[18-Aug-2026 18:00:47] run19 it=40/150 best(penalized)=6824.2833 raw=6824.2833 FEs=1230 elapsed=983.7s
[18-Aug-2026 18:05:13] run19 it=50/150 best(penalized)=6405.7325 raw=6405.7325 FEs=1530 elapsed=1249.8s
[18-Aug-2026 18:10:31] run19 it=60/150 best(penalized)=6405.7325 raw=6405.7325 FEs=1830 elapsed=1567.2s
[18-Aug-2026 18:15:46] run19 it=70/150 best(penalized)=6397.6133 raw=6397.6133 FEs=2130 elapsed=1882.6s
[18-Aug-2026 18:20:56] run19 it=80/150 best(penalized)=5337.3251 raw=5337.3251 FEs=2430 elapsed=2192.4s
[18-Aug-2026 18:25:50] run19 it=90/150 best(penalized)=5337.3251 raw=5337.3251 FEs=2730 elapsed=2486.1s
[18-Aug-2026 18:31:10] run19 it=100/150 best(penalized)=5311.3435 raw=5311.3435 FEs=3030 elapsed=2806.6s
[18-Aug-2026 18:36:15] run19 it=110/150 best(penalized)=5311.3435 raw=5311.3435 FEs=3330 elapsed=3111.1s
[18-Aug-2026 18:41:23] run19 it=120/150 best(penalized)=5311.3435 raw=5311.3435 FEs=3630 elapsed=3418.9s
[18-Aug-2026 18:46:30] run19 it=130/150 best(penalized)=5311.3435 raw=5311.3435 FEs=3930 elapsed=3726.7s
[18-Aug-2026 18:51:07] run19 it=140/150 best(penalized)=5298.3527 raw=5298.3527 FEs=4230 elapsed=4002.9s
[18-Aug-2026 18:56:01] run19 it=150/150 best(penalized)=5298.3527 raw=5298.3527 FEs=4530 elapsed=4296.9s
[18-Aug-2026 18:56:01] run19 DONE best(penalized)=5298.3527 raw=5298.3527 elapsed=4296.9s -> saved D:\ResearchLab\02_Projects\02_Projects\Tap chi XD_SFOA\code\SOO_MPJ\results\MPJ_SOO_Cost_run19_CAMPAIGN.mat
[18-Aug-2026 19:00:46] run20 it=10/150 best(penalized)=15877.7162 raw=15877.7162 FEs=330 elapsed=285.6s
[18-Aug-2026 19:05:23] run20 it=20/150 best(penalized)=15507.2383 raw=15507.2383 FEs=630 elapsed=562.2s
[18-Aug-2026 19:10:24] run20 it=30/150 best(penalized)=12553.3396 raw=12553.3396 FEs=930 elapsed=863.0s
[18-Aug-2026 19:15:33] run20 it=40/150 best(penalized)=10073.9390 raw=10073.9390 FEs=1230 elapsed=1172.7s
[18-Aug-2026 19:21:00] run20 it=50/150 best(penalized)=10073.9390 raw=10073.9390 FEs=1530 elapsed=1499.8s
[18-Aug-2026 19:26:27] run20 it=60/150 best(penalized)=10073.9390 raw=10073.9390 FEs=1830 elapsed=1826.5s
[18-Aug-2026 19:31:51] run20 it=70/150 best(penalized)=10073.9390 raw=10073.9390 FEs=2130 elapsed=2149.8s
[18-Aug-2026 19:37:29] run20 it=80/150 best(penalized)=10073.9390 raw=10073.9390 FEs=2430 elapsed=2488.1s
[18-Aug-2026 19:43:15] run20 it=90/150 best(penalized)=10073.9390 raw=10073.9390 FEs=2730 elapsed=2834.7s
[18-Aug-2026 19:48:28] run20 it=100/150 best(penalized)=9518.7601 raw=9518.7601 FEs=3030 elapsed=3147.7s
[18-Aug-2026 19:53:07] run20 it=110/150 best(penalized)=9212.8753 raw=9212.8753 FEs=3330 elapsed=3426.4s
[18-Aug-2026 19:58:10] run20 it=120/150 best(penalized)=9212.8753 raw=9212.8753 FEs=3630 elapsed=3729.7s
[18-Aug-2026 20:03:28] run20 it=130/150 best(penalized)=9165.8161 raw=9165.8161 FEs=3930 elapsed=4047.4s
[18-Aug-2026 20:09:04] run20 it=140/150 best(penalized)=9165.8161 raw=9165.8161 FEs=4230 elapsed=4382.8s
[18-Aug-2026 20:14:44] run20 it=150/150 best(penalized)=9165.8161 raw=9165.8161 FEs=4530 elapsed=4722.9s
[18-Aug-2026 20:14:44] run20 DONE best(penalized)=9165.8161 raw=9165.8161 elapsed=4722.9s -> saved D:\ResearchLab\02_Projects\02_Projects\Tap chi XD_SFOA\code\SOO_MPJ\results\MPJ_SOO_Cost_run20_CAMPAIGN.mat
[18-Aug-2026 20:18:53] run21 it=10/150 best(penalized)=14397.5306 raw=14397.5306 FEs=330 elapsed=249.2s
[18-Aug-2026 20:22:23] run21 it=20/150 best(penalized)=13736.5686 raw=13736.5686 FEs=630 elapsed=459.3s
[18-Aug-2026 20:26:26] run21 it=30/150 best(penalized)=10485.7070 raw=10485.7070 FEs=930 elapsed=702.0s
[18-Aug-2026 20:31:09] run21 it=40/150 best(penalized)=10458.2558 raw=10458.2558 FEs=1230 elapsed=985.8s
[18-Aug-2026 20:35:58] run21 it=50/150 best(penalized)=10238.6462 raw=10238.6462 FEs=1530 elapsed=1274.4s
[18-Aug-2026 20:41:16] run21 it=60/150 best(penalized)=10156.2926 raw=10156.2926 FEs=1830 elapsed=1592.7s
[18-Aug-2026 20:46:28] run21 it=70/150 best(penalized)=10101.3902 raw=10101.3902 FEs=2130 elapsed=1904.7s
[18-Aug-2026 20:51:54] run21 it=80/150 best(penalized)=10101.3902 raw=10101.3902 FEs=2430 elapsed=2230.9s
[18-Aug-2026 20:57:29] run21 it=90/150 best(penalized)=10073.9390 raw=10073.9390 FEs=2730 elapsed=2565.2s
[18-Aug-2026 21:03:03] run21 it=100/150 best(penalized)=10073.9390 raw=10073.9390 FEs=3030 elapsed=2899.4s
[18-Aug-2026 21:08:28] run21 it=110/150 best(penalized)=10073.9390 raw=10073.9390 FEs=3330 elapsed=3224.7s
[18-Aug-2026 21:14:01] run21 it=120/150 best(penalized)=10073.9390 raw=10073.9390 FEs=3630 elapsed=3557.9s
[18-Aug-2026 21:19:51] run21 it=130/150 best(penalized)=10073.9390 raw=10073.9390 FEs=3930 elapsed=3907.0s
[18-Aug-2026 21:25:33] run21 it=140/150 best(penalized)=10073.9390 raw=10073.9390 FEs=4230 elapsed=4249.1s
[18-Aug-2026 21:31:16] run21 it=150/150 best(penalized)=10073.9390 raw=10073.9390 FEs=4530 elapsed=4592.3s
[18-Aug-2026 21:31:16] run21 DONE best(penalized)=10073.9390 raw=10073.9390 elapsed=4592.3s -> saved D:\ResearchLab\02_Projects\02_Projects\Tap chi XD_SFOA\code\SOO_MPJ\results\MPJ_SOO_Cost_run21_CAMPAIGN.mat
[18-Aug-2026 21:35:09] run22 it=10/150 best(penalized)=12131.7042 raw=12131.7042 FEs=330 elapsed=232.7s
[18-Aug-2026 21:39:45] run22 it=20/150 best(penalized)=11162.7476 raw=11162.7476 FEs=630 elapsed=508.8s
[18-Aug-2026 21:44:49] run22 it=30/150 best(penalized)=9492.1239 raw=9492.1239 FEs=930 elapsed=813.4s
[18-Aug-2026 21:49:53] run22 it=40/150 best(penalized)=8491.2416 raw=8491.2416 FEs=1230 elapsed=1116.8s
[18-Aug-2026 21:55:00] run22 it=50/150 best(penalized)=8491.2416 raw=8491.2416 FEs=1530 elapsed=1423.7s
[18-Aug-2026 22:00:02] run22 it=60/150 best(penalized)=8491.2416 raw=8491.2416 FEs=1830 elapsed=1726.0s
[18-Aug-2026 22:05:18] run22 it=70/150 best(penalized)=8491.2416 raw=8491.2416 FEs=2130 elapsed=2042.2s
[18-Aug-2026 22:10:21] run22 it=80/150 best(penalized)=8093.6653 raw=8093.6653 FEs=2430 elapsed=2345.4s
[18-Aug-2026 22:14:31] run22 it=90/150 best(penalized)=8093.6653 raw=8093.6653 FEs=2730 elapsed=2595.4s
[18-Aug-2026 22:18:24] run22 it=100/150 best(penalized)=8093.6653 raw=8093.6653 FEs=3030 elapsed=2827.7s
[18-Aug-2026 22:22:34] run22 it=110/150 best(penalized)=8093.6653 raw=8093.6653 FEs=3330 elapsed=3078.0s
[18-Aug-2026 22:26:59] run22 it=120/150 best(penalized)=8093.6653 raw=8093.6653 FEs=3630 elapsed=3343.5s
[18-Aug-2026 22:31:10] run22 it=130/150 best(penalized)=8093.6653 raw=8093.6653 FEs=3930 elapsed=3593.8s
[18-Aug-2026 22:35:51] run22 it=140/150 best(penalized)=8076.6148 raw=8076.6148 FEs=4230 elapsed=3875.0s
[18-Aug-2026 22:40:22] run22 it=150/150 best(penalized)=8059.5644 raw=8059.5644 FEs=4530 elapsed=4145.6s
[18-Aug-2026 22:40:22] run22 DONE best(penalized)=8059.5644 raw=8059.5644 elapsed=4145.6s -> saved D:\ResearchLab\02_Projects\02_Projects\Tap chi XD_SFOA\code\SOO_MPJ\results\MPJ_SOO_Cost_run22_CAMPAIGN.mat
[18-Aug-2026 22:44:44] run23 it=10/150 best(penalized)=13996.0943 raw=13996.0943 FEs=330 elapsed=261.9s
[18-Aug-2026 22:49:46] run23 it=20/150 best(penalized)=8411.6728 raw=8411.6728 FEs=630 elapsed=564.6s
[18-Aug-2026 22:54:12] run23 it=30/150 best(penalized)=8343.4710 raw=8343.4710 FEs=930 elapsed=830.2s
[18-Aug-2026 22:58:15] run23 it=40/150 best(penalized)=8309.3701 raw=8309.3701 FEs=1230 elapsed=1073.6s
[18-Aug-2026 23:02:41] run23 it=50/150 best(penalized)=8309.3701 raw=8309.3701 FEs=1530 elapsed=1339.8s
[18-Aug-2026 23:06:19] run23 it=60/150 best(penalized)=8309.3701 raw=8309.3701 FEs=1830 elapsed=1557.1s
[18-Aug-2026 23:10:36] run23 it=70/150 best(penalized)=8309.3701 raw=8309.3701 FEs=2130 elapsed=1814.5s
[18-Aug-2026 23:15:07] run23 it=80/150 best(penalized)=8309.3701 raw=8309.3701 FEs=2430 elapsed=2085.0s
[18-Aug-2026 23:20:30] run23 it=90/150 best(penalized)=8309.3701 raw=8309.3701 FEs=2730 elapsed=2408.3s
[18-Aug-2026 23:25:34] run23 it=100/150 best(penalized)=8309.3701 raw=8309.3701 FEs=3030 elapsed=2712.5s
[18-Aug-2026 23:30:42] run23 it=110/150 best(penalized)=8309.3701 raw=8309.3701 FEs=3330 elapsed=3020.0s
[18-Aug-2026 23:36:10] run23 it=120/150 best(penalized)=8309.3701 raw=8309.3701 FEs=3630 elapsed=3348.2s
[18-Aug-2026 23:41:41] run23 it=130/150 best(penalized)=7443.9376 raw=7443.9376 FEs=3930 elapsed=3679.2s
[18-Aug-2026 23:46:57] run23 it=140/150 best(penalized)=7404.9652 raw=7404.9652 FEs=4230 elapsed=3995.0s
[18-Aug-2026 23:52:14] run23 it=150/150 best(penalized)=6405.7325 raw=6405.7325 FEs=4530 elapsed=4312.6s
[18-Aug-2026 23:52:14] run23 DONE best(penalized)=6405.7325 raw=6405.7325 elapsed=4312.6s -> saved D:\ResearchLab\02_Projects\02_Projects\Tap chi XD_SFOA\code\SOO_MPJ\results\MPJ_SOO_Cost_run23_CAMPAIGN.mat
[18-Aug-2026 23:57:15] run24 it=10/150 best(penalized)=8491.2416 raw=8491.2416 FEs=330 elapsed=301.2s
[19-Aug-2026 00:00:43] run24 it=20/150 best(penalized)=8093.6653 raw=8093.6653 FEs=630 elapsed=508.5s
[19-Aug-2026 00:03:38] run24 it=30/150 best(penalized)=8093.6653 raw=8093.6653 FEs=930 elapsed=683.4s
[19-Aug-2026 00:06:18] run24 it=40/150 best(penalized)=8093.6653 raw=8093.6653 FEs=1230 elapsed=843.4s
[19-Aug-2026 00:09:32] run24 it=50/150 best(penalized)=8093.6653 raw=8093.6653 FEs=1530 elapsed=1037.5s
[19-Aug-2026 00:13:16] run24 it=60/150 best(penalized)=8093.6653 raw=8093.6653 FEs=1830 elapsed=1261.4s
[19-Aug-2026 00:17:19] run24 it=70/150 best(penalized)=8093.6653 raw=8093.6653 FEs=2130 elapsed=1504.4s
[19-Aug-2026 00:21:14] run24 it=80/150 best(penalized)=8093.6653 raw=8093.6653 FEs=2430 elapsed=1739.4s
[19-Aug-2026 00:25:07] run24 it=90/150 best(penalized)=8093.6653 raw=8093.6653 FEs=2730 elapsed=1972.4s
[19-Aug-2026 00:29:18] run24 it=100/150 best(penalized)=8093.6653 raw=8093.6653 FEs=3030 elapsed=2223.4s
[19-Aug-2026 00:33:31] run24 it=110/150 best(penalized)=8093.6653 raw=8093.6653 FEs=3330 elapsed=2476.9s
[19-Aug-2026 00:37:56] run24 it=120/150 best(penalized)=8093.6653 raw=8093.6653 FEs=3630 elapsed=2742.0s
[19-Aug-2026 00:42:49] run24 it=130/150 best(penalized)=8093.6653 raw=8093.6653 FEs=3930 elapsed=3034.8s
[19-Aug-2026 00:47:08] run24 it=140/150 best(penalized)=8093.6653 raw=8093.6653 FEs=4230 elapsed=3293.6s
[19-Aug-2026 00:51:49] run24 it=150/150 best(penalized)=8093.6653 raw=8093.6653 FEs=4530 elapsed=3575.0s
[19-Aug-2026 00:51:49] run24 DONE best(penalized)=8093.6653 raw=8093.6653 elapsed=3575.0s -> saved D:\ResearchLab\02_Projects\02_Projects\Tap chi XD_SFOA\code\SOO_MPJ\results\MPJ_SOO_Cost_run24_CAMPAIGN.mat
[19-Aug-2026 00:55:15] run25 it=10/150 best(penalized)=10211.1950 raw=10211.1950 FEs=330 elapsed=205.5s
[19-Aug-2026 00:58:49] run25 it=20/150 best(penalized)=10211.1950 raw=10211.1950 FEs=630 elapsed=419.9s
[19-Aug-2026 01:02:33] run25 it=30/150 best(penalized)=10211.1950 raw=10211.1950 FEs=930 elapsed=644.2s
[19-Aug-2026 01:07:00] run25 it=40/150 best(penalized)=10211.1950 raw=10211.1950 FEs=1230 elapsed=911.0s
[19-Aug-2026 01:11:24] run25 it=50/150 best(penalized)=8491.2416 raw=8491.2416 FEs=1530 elapsed=1174.9s
[19-Aug-2026 01:15:55] run25 it=60/150 best(penalized)=8434.4068 raw=8434.4068 FEs=1830 elapsed=1446.1s
[19-Aug-2026 01:20:38] run25 it=70/150 best(penalized)=8400.3059 raw=8400.3059 FEs=2130 elapsed=1729.2s
[19-Aug-2026 01:25:46] run25 it=80/150 best(penalized)=8332.1040 raw=8332.1040 FEs=2430 elapsed=2036.5s
[19-Aug-2026 01:30:36] run25 it=90/150 best(penalized)=8332.1040 raw=8332.1040 FEs=2730 elapsed=2326.4s
[19-Aug-2026 01:35:11] run25 it=100/150 best(penalized)=8309.3701 raw=8309.3701 FEs=3030 elapsed=2602.2s
[19-Aug-2026 01:39:57] run25 it=110/150 best(penalized)=8309.3701 raw=8309.3701 FEs=3330 elapsed=2887.8s
[19-Aug-2026 01:44:21] run25 it=120/150 best(penalized)=8309.3701 raw=8309.3701 FEs=3630 elapsed=3152.0s
[19-Aug-2026 01:49:10] run25 it=130/150 best(penalized)=8309.3701 raw=8309.3701 FEs=3930 elapsed=3440.8s
[19-Aug-2026 01:54:09] run25 it=140/150 best(penalized)=8309.3701 raw=8309.3701 FEs=4230 elapsed=3739.7s
[19-Aug-2026 01:59:20] run25 it=150/150 best(penalized)=8309.3701 raw=8309.3701 FEs=4530 elapsed=4051.1s
[19-Aug-2026 01:59:20] run25 DONE best(penalized)=8309.3701 raw=8309.3701 elapsed=4051.1s -> saved D:\ResearchLab\02_Projects\02_Projects\Tap chi XD_SFOA\code\SOO_MPJ\results\MPJ_SOO_Cost_run25_CAMPAIGN.mat
[19-Aug-2026 02:02:57] run26 it=10/150 best(penalized)=18016.7085 raw=18016.7085 FEs=330 elapsed=217.0s
[19-Aug-2026 02:06:31] run26 it=20/150 best(penalized)=11957.2758 raw=11957.2758 FEs=630 elapsed=431.2s
[19-Aug-2026 02:10:55] run26 it=30/150 best(penalized)=11957.2758 raw=11957.2758 FEs=930 elapsed=695.0s
[19-Aug-2026 02:15:32] run26 it=40/150 best(penalized)=10348.4510 raw=10348.4510 FEs=1230 elapsed=971.7s
[19-Aug-2026 02:20:47] run26 it=50/150 best(penalized)=10238.6462 raw=10238.6462 FEs=1530 elapsed=1286.3s
[19-Aug-2026 02:26:10] run26 it=60/150 best(penalized)=10101.3902 raw=10101.3902 FEs=1830 elapsed=1609.8s
[19-Aug-2026 02:31:24] run26 it=70/150 best(penalized)=10073.9390 raw=10073.9390 FEs=2130 elapsed=1923.8s
[19-Aug-2026 02:36:53] run26 it=80/150 best(penalized)=10073.9390 raw=10073.9390 FEs=2430 elapsed=2252.4s
[19-Aug-2026 02:42:38] run26 it=90/150 best(penalized)=10073.9390 raw=10073.9390 FEs=2730 elapsed=2597.5s
[19-Aug-2026 02:48:20] run26 it=100/150 best(penalized)=10073.9390 raw=10073.9390 FEs=3030 elapsed=2939.3s
[19-Aug-2026 02:53:48] run26 it=110/150 best(penalized)=10073.9390 raw=10073.9390 FEs=3330 elapsed=3267.2s
[19-Aug-2026 02:59:45] run26 it=120/150 best(penalized)=10073.9390 raw=10073.9390 FEs=3630 elapsed=3625.0s
[19-Aug-2026 03:05:25] run26 it=130/150 best(penalized)=10073.9390 raw=10073.9390 FEs=3930 elapsed=3964.9s
[19-Aug-2026 03:11:21] run26 it=140/150 best(penalized)=10073.9390 raw=10073.9390 FEs=4230 elapsed=4320.8s
[19-Aug-2026 03:17:16] run26 it=150/150 best(penalized)=10073.9390 raw=10073.9390 FEs=4530 elapsed=4675.8s
[19-Aug-2026 03:17:16] run26 DONE best(penalized)=10073.9390 raw=10073.9390 elapsed=4675.8s -> saved D:\ResearchLab\02_Projects\02_Projects\Tap chi XD_SFOA\code\SOO_MPJ\results\MPJ_SOO_Cost_run26_CAMPAIGN.mat
[19-Aug-2026 03:21:16] run27 it=10/150 best(penalized)=11187.0527 raw=11187.0527 FEs=330 elapsed=239.6s
[19-Aug-2026 03:24:56] run27 it=20/150 best(penalized)=10650.4142 raw=10650.4142 FEs=630 elapsed=460.4s
[19-Aug-2026 03:28:47] run27 it=30/150 best(penalized)=10650.4142 raw=10650.4142 FEs=930 elapsed=690.8s
[19-Aug-2026 03:33:43] run27 it=40/150 best(penalized)=10127.0692 raw=10127.0692 FEs=1230 elapsed=987.4s
[19-Aug-2026 03:38:27] run27 it=50/150 best(penalized)=10127.0692 raw=10127.0692 FEs=1530 elapsed=1270.6s
[19-Aug-2026 03:42:46] run27 it=60/150 best(penalized)=9772.4166 raw=9772.4166 FEs=1830 elapsed=1529.5s
[19-Aug-2026 03:47:30] run27 it=70/150 best(penalized)=9772.4166 raw=9772.4166 FEs=2130 elapsed=1813.8s
[19-Aug-2026 03:52:07] run27 it=80/150 best(penalized)=9448.1713 raw=9448.1713 FEs=2430 elapsed=2090.6s
[19-Aug-2026 03:57:11] run27 it=90/150 best(penalized)=9448.1713 raw=9448.1713 FEs=2730 elapsed=2394.8s
[19-Aug-2026 04:02:24] run27 it=100/150 best(penalized)=9259.9345 raw=9259.9345 FEs=3030 elapsed=2708.3s
[19-Aug-2026 04:07:50] run27 it=110/150 best(penalized)=9165.8161 raw=9165.8161 FEs=3330 elapsed=3034.1s
[19-Aug-2026 04:13:26] run27 it=120/150 best(penalized)=9165.8161 raw=9165.8161 FEs=3630 elapsed=3369.8s
[19-Aug-2026 04:19:17] run27 it=130/150 best(penalized)=9165.8161 raw=9165.8161 FEs=3930 elapsed=3720.8s
[19-Aug-2026 04:24:31] run27 it=140/150 best(penalized)=8857.2357 raw=8857.2357 FEs=4230 elapsed=4035.1s
[19-Aug-2026 04:29:18] run27 it=150/150 best(penalized)=8821.0956 raw=8821.0956 FEs=4530 elapsed=4322.2s
[19-Aug-2026 04:29:18] run27 DONE best(penalized)=8821.0956 raw=8821.0956 elapsed=4322.2s -> saved D:\ResearchLab\02_Projects\02_Projects\Tap chi XD_SFOA\code\SOO_MPJ\results\MPJ_SOO_Cost_run27_CAMPAIGN.mat
[19-Aug-2026 04:33:12] run28 it=10/150 best(penalized)=11177.3276 raw=11177.3276 FEs=330 elapsed=233.8s
[19-Aug-2026 04:37:19] run28 it=20/150 best(penalized)=10494.6245 raw=10494.6245 FEs=630 elapsed=480.9s
[19-Aug-2026 04:42:12] run28 it=30/150 best(penalized)=10494.6245 raw=10494.6245 FEs=930 elapsed=774.0s
[19-Aug-2026 04:47:22] run28 it=40/150 best(penalized)=10348.4510 raw=10348.4510 FEs=1230 elapsed=1084.1s
[19-Aug-2026 04:51:59] run28 it=50/150 best(penalized)=8491.2416 raw=8491.2416 FEs=1530 elapsed=1360.8s
[19-Aug-2026 04:56:51] run28 it=60/150 best(penalized)=8491.2416 raw=8491.2416 FEs=1830 elapsed=1652.5s
[19-Aug-2026 05:02:03] run28 it=70/150 best(penalized)=8491.2416 raw=8491.2416 FEs=2130 elapsed=1964.6s
[19-Aug-2026 05:07:16] run28 it=80/150 best(penalized)=8491.2416 raw=8491.2416 FEs=2430 elapsed=2277.6s
[19-Aug-2026 05:12:46] run28 it=90/150 best(penalized)=8491.2416 raw=8491.2416 FEs=2730 elapsed=2607.7s
[19-Aug-2026 05:18:00] run28 it=100/150 best(penalized)=8491.2416 raw=8491.2416 FEs=3030 elapsed=2921.8s
[19-Aug-2026 05:23:18] run28 it=110/150 best(penalized)=8491.2416 raw=8491.2416 FEs=3330 elapsed=3239.4s
[19-Aug-2026 05:28:36] run28 it=120/150 best(penalized)=8491.2416 raw=8491.2416 FEs=3630 elapsed=3557.3s
[19-Aug-2026 05:34:09] run28 it=130/150 best(penalized)=8491.2416 raw=8491.2416 FEs=3930 elapsed=3890.3s
[19-Aug-2026 05:39:44] run28 it=140/150 best(penalized)=8491.2416 raw=8491.2416 FEs=4230 elapsed=4225.8s
[19-Aug-2026 05:45:26] run28 it=150/150 best(penalized)=8491.2416 raw=8491.2416 FEs=4530 elapsed=4567.3s
[19-Aug-2026 05:45:26] run28 DONE best(penalized)=8491.2416 raw=8491.2416 elapsed=4567.3s -> saved D:\ResearchLab\02_Projects\02_Projects\Tap chi XD_SFOA\code\SOO_MPJ\results\MPJ_SOO_Cost_run28_CAMPAIGN.mat
[19-Aug-2026 05:49:18] run29 it=10/150 best(penalized)=12244.7443 raw=12244.7443 FEs=330 elapsed=232.6s
[19-Aug-2026 05:53:17] run29 it=20/150 best(penalized)=12244.7443 raw=12244.7443 FEs=630 elapsed=471.1s
[19-Aug-2026 05:56:58] run29 it=30/150 best(penalized)=10948.2949 raw=10948.2949 FEs=930 elapsed=692.2s
[19-Aug-2026 06:00:32] run29 it=40/150 best(penalized)=9034.4648 raw=9034.4648 FEs=1230 elapsed=906.3s
[19-Aug-2026 06:03:36] run29 it=50/150 best(penalized)=9034.4648 raw=9034.4648 FEs=1530 elapsed=1090.5s
[19-Aug-2026 06:06:38] run29 it=60/150 best(penalized)=9034.4648 raw=9034.4648 FEs=1830 elapsed=1272.0s
[19-Aug-2026 06:09:36] run29 it=70/150 best(penalized)=9034.4648 raw=9034.4648 FEs=2130 elapsed=1450.8s
[19-Aug-2026 06:12:53] run29 it=80/150 best(penalized)=9034.4648 raw=9034.4648 FEs=2430 elapsed=1647.2s
[19-Aug-2026 06:16:28] run29 it=90/150 best(penalized)=9034.4648 raw=9034.4648 FEs=2730 elapsed=1862.0s
[19-Aug-2026 06:20:03] run29 it=100/150 best(penalized)=9034.4648 raw=9034.4648 FEs=3030 elapsed=2077.4s
[19-Aug-2026 06:23:12] run29 it=110/150 best(penalized)=9034.4648 raw=9034.4648 FEs=3330 elapsed=2266.1s
[19-Aug-2026 06:27:16] run29 it=120/150 best(penalized)=9034.4648 raw=9034.4648 FEs=3630 elapsed=2510.5s
[19-Aug-2026 06:31:24] run29 it=130/150 best(penalized)=7910.3316 raw=7910.3316 FEs=3930 elapsed=2758.6s
[19-Aug-2026 06:35:54] run29 it=140/150 best(penalized)=7910.3316 raw=7910.3316 FEs=4230 elapsed=3028.8s
[19-Aug-2026 06:40:40] run29 it=150/150 best(penalized)=6414.8315 raw=6414.8315 FEs=4530 elapsed=3314.4s
[19-Aug-2026 06:40:40] run29 DONE best(penalized)=6414.8315 raw=6414.8315 elapsed=3314.4s -> saved D:\ResearchLab\02_Projects\02_Projects\Tap chi XD_SFOA\code\SOO_MPJ\results\MPJ_SOO_Cost_run29_CAMPAIGN.mat
[19-Aug-2026 06:44:54] run30 it=10/150 best(penalized)=12645.7964 raw=12645.7964 FEs=330 elapsed=254.4s
[19-Aug-2026 06:48:48] run30 it=20/150 best(penalized)=12125.3533 raw=12125.3533 FEs=630 elapsed=487.7s
[19-Aug-2026 06:51:59] run30 it=30/150 best(penalized)=11498.2972 raw=11498.2972 FEs=930 elapsed=678.7s
[19-Aug-2026 06:55:30] run30 it=40/150 best(penalized)=10735.1084 raw=10735.1084 FEs=1230 elapsed=890.3s
[19-Aug-2026 06:59:04] run30 it=50/150 best(penalized)=10680.5949 raw=10680.5949 FEs=1530 elapsed=1104.0s
[19-Aug-2026 07:03:34] run30 it=60/150 best(penalized)=10680.5949 raw=10680.5949 FEs=1830 elapsed=1373.9s
[19-Aug-2026 07:07:52] run30 it=70/150 best(penalized)=10337.9575 raw=10337.9575 FEs=2130 elapsed=1632.3s
[19-Aug-2026 07:12:29] run30 it=80/150 best(penalized)=10337.9575 raw=10337.9575 FEs=2430 elapsed=1908.6s
[19-Aug-2026 07:17:27] run30 it=90/150 best(penalized)=10337.9575 raw=10337.9575 FEs=2730 elapsed=2206.9s
[19-Aug-2026 07:22:10] run30 it=100/150 best(penalized)=10337.9575 raw=10337.9575 FEs=3030 elapsed=2489.9s
[19-Aug-2026 07:27:07] run30 it=110/150 best(penalized)=10337.9575 raw=10337.9575 FEs=3330 elapsed=2787.2s
[19-Aug-2026 07:32:15] run30 it=120/150 best(penalized)=10337.9575 raw=10337.9575 FEs=3630 elapsed=3095.5s
[19-Aug-2026 07:37:16] run30 it=130/150 best(penalized)=10337.9575 raw=10337.9575 FEs=3930 elapsed=3395.6s
[19-Aug-2026 07:41:40] run30 it=140/150 best(penalized)=8320.7371 raw=8320.7371 FEs=4230 elapsed=3659.6s
[19-Aug-2026 07:46:04] run30 it=150/150 best(penalized)=8320.7371 raw=8320.7371 FEs=4530 elapsed=3923.9s
[19-Aug-2026 07:46:04] run30 DONE best(penalized)=8320.7371 raw=8320.7371 elapsed=3923.9s -> saved D:\ResearchLab\02_Projects\02_Projects\Tap chi XD_SFOA\code\SOO_MPJ\results\MPJ_SOO_Cost_run30_CAMPAIGN.mat
