

 SAP2000 v24.0.0 Ultimate 64-bit (Analysis Build 9894/64)
 File: D:\ResearchLab\02_Proje...e\SOO_MPJ\MPJ_Sap\VerifyBeam_tmp\MPJ_verify.LOG




 B E G I N   A N A L Y S I S                                2026/08/21  23:16:24


 RUNNING ANALYSIS WITHIN THE GUI PROCESS
 USING THE ADVANCED SOLVER (PROVIDES LIMITED INSTABILITY INFORMATION)

 NUMBER OF JOINTS                          =         463
    WITH RESTRAINTS                        =          56
 NUMBER OF FRAME/CABLE/TENDON ELEMENTS     =         270
 NUMBER OF SHELL ELEMENTS                  =         360
 NUMBER OF LOAD PATTERNS                   =           2
 NUMBER OF ACCELERATION LOADS              =           9
 NUMBER OF LOAD CASES                      =           3
 NUMBER OF MASS SOURCES                    =           1

 UNITS (FORCE, LENGTH, TEMPERATURE, TIME)  = tonf, m, °C, sec
 GRAVITATIONAL ACCELERATION                =    9.806650

 ADDRESSABLE PHYSICAL MEMORY (RAM)         =      15.733 GB

 PARALLELIZATION OF ANALYSIS OPERATIONS:
  (Env. variable SAPFIRE_NUM_THREADS not set)
 NUMBER OF THREADS: STATE (AUTOMATIC)      =           4
 NUMBER OF THREADS: STIFFNESS (AUTOMATIC)  =           4
 NUMBER OF THREADS: EVENT (AUTOMATIC)      =           4
 NUMBER OF THREADS: MOVE (AUTOMATIC)       =           4
 NUMBER OF THREADS: RESPONSE (AUTOMATIC)   =           4
 NUMBER OF THREADS: SOLVE (AUTOMATIC)      =           4
 NUMBER OF THREADS: FORM (AUTOMATIC)       =           4


 E L E M E N T   F O R M A T I O N                                      23:16:24



 L I N E A R   E Q U A T I O N   S O L U T I O N                        23:16:24

 FORMING STIFFNESS AT ZERO (UNSTRESSED) INITIAL CONDITIONS

 TOTAL NUMBER OF EQUILIBRIUM EQUATIONS     =        2610
 NUMBER OF NON-ZERO STIFFNESS TERMS        =       63015

 ---------------------------------
 BASIC STABILITY CHECK FOR LINEAR LOAD CASES:
    NUMBER OF NEGATIVE STIFFNESS EIGENVALUES SHOULD BE ZERO FOR STABILITY.
    (NOTE: FURTHER CHECKS SHOULD BE CONSIDERED AS DEEMED NECESSARY,
     SUCH AS REVIEWING EIGEN MODES FOR MECHANISMS AND RIGID-BODY MOTION)

    NUMBER OF NEGATIVE EIGENVALUES         =           0,  OK.
 ---------------------------------


 L I N E A R   S T A T I C   C A S E S                                  23:16:24

 USING STIFFNESS AT ZERO (UNSTRESSED) INITIAL CONDITIONS

 TOTAL NUMBER OF CASES TO SOLVE            =           2
 NUMBER OF CASES TO SOLVE PER BLOCK        =           2

 LINEAR STATIC CASES TO BE SOLVED:

 CASE: DEAD
 CASE: LL


 E I G E N   M O D A L   A N A L Y S I S                                23:16:24

 CASE: MODAL

 USING STIFFNESS AT ZERO (UNSTRESSED) INITIAL CONDITIONS

 NUMBER OF STIFFNESS DEGREES OF FREEDOM    =        2610
 NUMBER OF MASS DEGREES OF FREEDOM         =        1305
 MAXIMUM NUMBER OF EIGEN MODES SOUGHT      =          12
 MINIMUM NUMBER OF EIGEN MODES SOUGHT      =           1
 NUMBER OF RESIDUAL-MASS MODES SOUGHT      =           0
 NUMBER OF SUBSPACE VECTORS USED           =          24
 RELATIVE CONVERGENCE TOLERANCE            =    1.00E-09

 FREQUENCY SHIFT  (CENTER) (CYC/TIME)      =     .000000
 FREQUENCY CUTOFF (RADIUS) (CYC/TIME)      =  -INFINITY-
 ALLOW AUTOMATIC FREQUENCY SHIFTING        =         YES


 Original stiffness at shift : EV= 0.0000000E+00, f=     .000000, T=  -INFINITY-
 Number of eigenvalues below shift =      0
 Found mode      1 of     12:  EV= 3.0757803E+04, f=   27.912439, T=    0.035826
 Found mode      2 of     12:  EV= 3.2251860E+04, f=   28.582322, T=    0.034987
 Found mode      3 of     12:  EV= 4.6903288E+04, f=   34.468452, T=    0.029012
 Found mode      4 of     12:  EV= 1.1243123E+05, f=   53.365872, T=    0.018739
 Found mode      5 of     12:  EV= 1.1522408E+05, f=   54.024624, T=    0.018510
 Found mode      6 of     12:  EV= 1.4753270E+05, f=   61.131392, T=    0.016358
 Found mode      7 of     12:  EV= 1.6988125E+05, f=   65.598342, T=    0.015244
 Found mode      8 of     12:  EV= 1.8719203E+05, f=   68.859492, T=    0.014522
 Found mode      9 of     12:  EV= 2.3460323E+05, f=   77.088062, T=    0.012972
 Found mode     10 of     12:  EV= 2.5320975E+05, f=   80.086690, T=    0.012486
 Found mode     11 of     12:  EV= 2.5767088E+05, f=   80.789107, T=    0.012378
 Found mode     12 of     12:  EV= 2.7851954E+05, f=   83.993942, T=    0.011906

 NUMBER OF EIGEN MODES FOUND               =          12
 NUMBER OF ITERATIONS PERFORMED            =          13
 NUMBER OF STIFFNESS SHIFTS                =           0


 A N A L Y S I S   C O M P L E T E                          2026/08/21  23:16:24
