

 SAP2000 v24.0.0 Ultimate 64-bit (Analysis Build 9894/64)
 File: D:\OneDrive\Nature-Insp...gorithms\Multiobjectives\MOSFOA\MPJ_Sap\MPJ.LOG




 B E G I N   A N A L Y S I S                                2025/08/30  08:10:55


 RUNNING ANALYSIS WITHIN THE GUI PROCESS
 USING THE ADVANCED SOLVER (PROVIDES LIMITED INSTABILITY INFORMATION)

 NUMBER OF JOINTS                          =         282
    WITH RESTRAINTS                        =          30
 NUMBER OF FRAME/CABLE/TENDON ELEMENTS     =         153
 NUMBER OF SHELL ELEMENTS                  =         216
 NUMBER OF LOAD PATTERNS                   =           2
 NUMBER OF ACCELERATION LOADS              =           9
 NUMBER OF LOAD CASES                      =           3
 NUMBER OF MASS SOURCES                    =           1

 UNITS (FORCE, LENGTH, TEMPERATURE, TIME)  = tonf, m, °C, sec
 GRAVITATIONAL ACCELERATION                =    9.806650

 ADDRESSABLE PHYSICAL MEMORY (RAM)         =      15.869 GB

 PARALLELIZATION OF ANALYSIS OPERATIONS:
  (Env. variable SAPFIRE_NUM_THREADS not set)
 NUMBER OF THREADS: STATE (AUTOMATIC)      =           6
 NUMBER OF THREADS: STIFFNESS (AUTOMATIC)  =           6
 NUMBER OF THREADS: EVENT (AUTOMATIC)      =           6
 NUMBER OF THREADS: MOVE (AUTOMATIC)       =           6
 NUMBER OF THREADS: RESPONSE (AUTOMATIC)   =           6
 NUMBER OF THREADS: SOLVE (AUTOMATIC)      =           6
 NUMBER OF THREADS: FORM (AUTOMATIC)       =           6


 E L E M E N T   F O R M A T I O N                                      08:10:55



 L I N E A R   E Q U A T I O N   S O L U T I O N                        08:10:55

 FORMING STIFFNESS AT ZERO (UNSTRESSED) INITIAL CONDITIONS

 TOTAL NUMBER OF EQUILIBRIUM EQUATIONS     =        1602
 NUMBER OF NON-ZERO STIFFNESS TERMS        =       38205

 ---------------------------------
 BASIC STABILITY CHECK FOR LINEAR LOAD CASES:
    NUMBER OF NEGATIVE STIFFNESS EIGENVALUES SHOULD BE ZERO FOR STABILITY.
    (NOTE: FURTHER CHECKS SHOULD BE CONSIDERED AS DEEMED NECESSARY,
     SUCH AS REVIEWING EIGEN MODES FOR MECHANISMS AND RIGID-BODY MOTION)

    NUMBER OF NEGATIVE EIGENVALUES         =           0,  OK.
 ---------------------------------


 L I N E A R   S T A T I C   C A S E S                                  08:10:55

 USING STIFFNESS AT ZERO (UNSTRESSED) INITIAL CONDITIONS

 TOTAL NUMBER OF CASES TO SOLVE            =           2
 NUMBER OF CASES TO SOLVE PER BLOCK        =           2

 LINEAR STATIC CASES TO BE SOLVED:

 CASE: DEAD
 CASE: LL


 E I G E N   M O D A L   A N A L Y S I S                                08:10:55

 CASE: MODAL

 USING STIFFNESS AT ZERO (UNSTRESSED) INITIAL CONDITIONS

 NUMBER OF STIFFNESS DEGREES OF FREEDOM    =        1602
 NUMBER OF MASS DEGREES OF FREEDOM         =         801
 MAXIMUM NUMBER OF EIGEN MODES SOUGHT      =          12
 MINIMUM NUMBER OF EIGEN MODES SOUGHT      =           1
 NUMBER OF RESIDUAL-MASS MODES SOUGHT      =           0
 NUMBER OF SUBSPACE VECTORS USED           =          24
 RELATIVE CONVERGENCE TOLERANCE            =    1.00E-09

 FREQUENCY SHIFT  (CENTER) (CYC/TIME)      =     .000000
 FREQUENCY CUTOFF (RADIUS) (CYC/TIME)      =  -INFINITY-
 ALLOW AUTOMATIC FREQUENCY SHIFTING        =         YES


 Original stiffness at shift : EV= 0.0000000E+00, f=     .000000, T=  -INFINITY-
 Number of eigenvalues below shift =      0
 Found mode      1 of     12:  EV= 3.9026593E+03, f=    9.942611, T=    0.100577
 Found mode      2 of     12:  EV= 4.3881844E+03, f=   10.542960, T=    0.094850
 Found mode      3 of     12:  EV= 6.6557315E+03, f=   12.984285, T=    0.077016
 Found mode      4 of     12:  EV= 6.8633012E+04, f=   41.695257, T=    0.023984
 Found mode      5 of     12:  EV= 7.3036137E+04, f=   43.011940, T=    0.023249
 Found mode      6 of     12:  EV= 8.3466393E+04, f=   45.980740, T=    0.021748
 Found mode      7 of     12:  EV= 8.3576198E+04, f=   46.010975, T=    0.021734
 Found mode      8 of     12:  EV= 1.1209475E+05, f=   53.285958, T=    0.018767
 Found mode      9 of     12:  EV= 1.2259285E+05, f=   55.725336, T=    0.017945
 Found mode     10 of     12:  EV= 1.4004107E+05, f=   59.559062, T=    0.016790
 Found mode     11 of     12:  EV= 1.4424520E+05, f=   60.446452, T=    0.016544
 Found mode     12 of     12:  EV= 1.4497845E+05, f=   60.599894, T=    0.016502

 NUMBER OF EIGEN MODES FOUND               =          12
 NUMBER OF ITERATIONS PERFORMED            =          17
 NUMBER OF STIFFNESS SHIFTS                =           0


 A N A L Y S I S   C O M P L E T E                          2025/08/30  08:10:55
