

 SAP2000 v24.0.0 Ultimate 64-bit (Analysis Build 9894/64)
 File: D:\ResearchLab\02_Proje...\SOO_MPJ\MPJ_Sap\SOO_Displacement_W06\MPJ_6.LOG




 B E G I N   A N A L Y S I S                                2026/08/20  18:10:49


 RUNNING ANALYSIS WITHIN THE GUI PROCESS
 USING THE ADVANCED SOLVER (PROVIDES LIMITED INSTABILITY INFORMATION)

 NUMBER OF JOINTS                          =         374
    WITH RESTRAINTS                        =          42
 NUMBER OF FRAME/CABLE/TENDON ELEMENTS     =         211
 NUMBER OF SHELL ELEMENTS                  =         288
 NUMBER OF LOAD PATTERNS                   =           2
 NUMBER OF ACCELERATION LOADS              =           9
 NUMBER OF LOAD CASES                      =           3
 NUMBER OF MASS SOURCES                    =           1

 UNITS (FORCE, LENGTH, TEMPERATURE, TIME)  = tonf, m, °C, sec
 GRAVITATIONAL ACCELERATION                =    9.806650

 ADDRESSABLE PHYSICAL MEMORY (RAM)         =      47.905 GB

 PARALLELIZATION OF ANALYSIS OPERATIONS:
  (Env. variable SAPFIRE_NUM_THREADS not set)
 NUMBER OF THREADS: STATE (AUTOMATIC)      =          14
 NUMBER OF THREADS: STIFFNESS (AUTOMATIC)  =          14
 NUMBER OF THREADS: EVENT (AUTOMATIC)      =          14
 NUMBER OF THREADS: MOVE (AUTOMATIC)       =          14
 NUMBER OF THREADS: RESPONSE (AUTOMATIC)   =          14
 NUMBER OF THREADS: SOLVE (AUTOMATIC)      =          14
 NUMBER OF THREADS: FORM (AUTOMATIC)       =          14


 E L E M E N T   F O R M A T I O N                                      18:10:49



 L I N E A R   E Q U A T I O N   S O L U T I O N                        18:10:49

 FORMING STIFFNESS AT ZERO (UNSTRESSED) INITIAL CONDITIONS

 TOTAL NUMBER OF EQUILIBRIUM EQUATIONS     =        2118
 NUMBER OF NON-ZERO STIFFNESS TERMS        =       50775

 ---------------------------------
 BASIC STABILITY CHECK FOR LINEAR LOAD CASES:
    NUMBER OF NEGATIVE STIFFNESS EIGENVALUES SHOULD BE ZERO FOR STABILITY.
    (NOTE: FURTHER CHECKS SHOULD BE CONSIDERED AS DEEMED NECESSARY,
     SUCH AS REVIEWING EIGEN MODES FOR MECHANISMS AND RIGID-BODY MOTION)

    NUMBER OF NEGATIVE EIGENVALUES         =           0,  OK.
 ---------------------------------


 L I N E A R   S T A T I C   C A S E S                                  18:10:49

 USING STIFFNESS AT ZERO (UNSTRESSED) INITIAL CONDITIONS

 TOTAL NUMBER OF CASES TO SOLVE            =           2
 NUMBER OF CASES TO SOLVE PER BLOCK        =           2

 LINEAR STATIC CASES TO BE SOLVED:

 CASE: DEAD
 CASE: LL


 E I G E N   M O D A L   A N A L Y S I S                                18:10:49

 CASE: MODAL

 USING STIFFNESS AT ZERO (UNSTRESSED) INITIAL CONDITIONS

 NUMBER OF STIFFNESS DEGREES OF FREEDOM    =        2118
 NUMBER OF MASS DEGREES OF FREEDOM         =        1059
 MAXIMUM NUMBER OF EIGEN MODES SOUGHT      =          12
 MINIMUM NUMBER OF EIGEN MODES SOUGHT      =           1
 NUMBER OF RESIDUAL-MASS MODES SOUGHT      =           0
 NUMBER OF SUBSPACE VECTORS USED           =          24
 RELATIVE CONVERGENCE TOLERANCE            =    1.00E-09

 FREQUENCY SHIFT  (CENTER) (CYC/TIME)      =     .000000
 FREQUENCY CUTOFF (RADIUS) (CYC/TIME)      =  -INFINITY-
 ALLOW AUTOMATIC FREQUENCY SHIFTING        =         YES


 Original stiffness at shift : EV= 0.0000000E+00, f=     .000000, T=  -INFINITY-
 Number of eigenvalues below shift =      0
 Found mode      1 of     12:  EV= 2.2039501E+04, f=   23.627676, T=    0.042323
 Found mode      2 of     12:  EV= 2.3936452E+04, f=   24.623514, T=    0.040612
 Found mode      3 of     12:  EV= 3.4609867E+04, f=   29.608751, T=    0.033774
 Found mode      4 of     12:  EV= 9.4417037E+04, f=   48.904105, T=    0.020448
 Found mode      5 of     12:  EV= 9.8676698E+04, f=   49.995099, T=    0.020002
 Found mode      6 of     12:  EV= 1.5203788E+05, f=   62.057752, T=    0.016114
 Found mode      7 of     12:  EV= 1.5625984E+05, f=   62.913495, T=    0.015895
 Found mode      8 of     12:  EV= 1.9597842E+05, f=   70.457019, T=    0.014193
 Found mode      9 of     12:  EV= 2.1490331E+05, f=   73.780516, T=    0.013554
 Found mode     10 of     12:  EV= 2.3973821E+05, f=   77.927144, T=    0.012832
 Found mode     11 of     12:  EV= 2.4043599E+05, f=   78.040469, T=    0.012814
 Found mode     12 of     12:  EV= 2.8220912E+05, f=   84.548450, T=    0.011828

 NUMBER OF EIGEN MODES FOUND               =          12
 NUMBER OF ITERATIONS PERFORMED            =          14
 NUMBER OF STIFFNESS SHIFTS                =           0


 A N A L Y S I S   C O M P L E T E                          2026/08/20  18:10:50
