[15:41:52] Attaching to running SAP2000 instance...
[15:41:53] Loading input data...
[15:41:53] 192-pile top joints: 192 unique. Treatment frames: 178.
[15:41:53] Results.Setup configured for BAO KT (ret=0,0)
[15:41:53] Baseline counts: PointObj=4913, FrameObj=1734 (must stay constant throughout)
[15:41:53] === METHOD BASE ===
[15:41:53]   Model already analyzed (BASE state) -- reusing current results.
[15:41:53]   Extracting JointDispl for 192 top joints...
[15:41:53]     -> 384 rows in 0.3s
[15:41:53]   Extracting FrameForce for 178 treatment pile frames...
[15:41:53]     -> 1068 rows in 0.3s
[15:41:53]   Summary BASE: U_X_max=0.0127137793489068, U_Y_max=0.022123380528955666, M_max=25.389987275638997, V_max=2.025125032880714
[15:41:53] === METHOD M1 ===
[15:41:54]   Unlocked (ret=0). Moving 178 bottom joints -> M1...
[15:48:09]   Moved 178 joints in 374.6s
[15:48:09]   Count check OK (PointObj=4913, FrameObj=1734)
[15:49:33]   RunAnalysis ret=0, took 83.9s
[15:49:33]   Extracting JointDispl for 192 top joints...
[15:49:33]     -> 384 rows in 0.3s
[15:49:33]   Extracting FrameForce for 178 treatment pile frames...
[15:49:33]     -> 1068 rows in 0.3s
[15:49:34]   Summary M1: U_X_max=0.009085584376331127, U_Y_max=0.011900475844329735, M_max=109.87501637954931, V_max=27.987891563197234
[15:49:34]   Restoring 178 bottom joints to original coordinates...
[15:55:49]   Restored and spot-checked OK.
[15:55:49] === METHOD M2 ===
[15:55:49]   Unlocked (ret=0). Moving 178 bottom joints -> M2...
[16:02:02]   Moved 178 joints in 373.6s
[16:02:02]   Count check OK (PointObj=4913, FrameObj=1734)
[16:03:26]   RunAnalysis ret=0, took 83.9s
[16:03:26]   Extracting JointDispl for 192 top joints...
[16:03:27]     -> 384 rows in 0.3s
[16:03:27]   Extracting FrameForce for 178 treatment pile frames...
[16:03:27]     -> 1068 rows in 0.3s
[16:03:27]   Summary M2: U_X_max=0.010433672382602534, U_Y_max=0.014255987180614703, M_max=58.96683771691833, V_max=9.347662683436075
[16:03:27]   Restoring 178 bottom joints to original coordinates...
[16:09:41]   Restored and spot-checked OK.
[16:09:41] === METHOD M3 ===
[16:09:41]   Unlocked (ret=0). Moving 178 bottom joints -> M3...
[16:15:56]   Moved 178 joints in 374.5s
[16:15:56]   Count check OK (PointObj=4913, FrameObj=1734)
[16:17:20]   RunAnalysis ret=0, took 84.2s
[16:17:20]   Extracting JointDispl for 192 top joints...
[16:17:20]     -> 384 rows in 0.3s
[16:17:20]   Extracting FrameForce for 178 treatment pile frames...
[16:17:21]     -> 1068 rows in 0.3s
[16:17:21]   Summary M3: U_X_max=0.008805749897208785, U_Y_max=0.011271483756143504, M_max=73.2423184843916, V_max=15.201804246793149
[16:17:21]   Restoring 178 bottom joints to original coordinates...
[16:23:36]   Restored and spot-checked OK.
[16:23:36] === METHOD M6 ===
[16:23:36]   Unlocked (ret=0). Moving 178 bottom joints -> M6...
[16:29:50]   Moved 178 joints in 374.0s
[16:29:50]   Count check OK (PointObj=4913, FrameObj=1734)
[16:31:14]   RunAnalysis ret=0, took 83.9s
[16:31:14]   Extracting JointDispl for 192 top joints...
[16:31:14]     -> 384 rows in 0.3s
[16:31:14]   Extracting FrameForce for 178 treatment pile frames...
[16:31:14]     -> 1068 rows in 0.3s
[16:31:14]   Summary M6: U_X_max=0.009924039059017672, U_Y_max=0.013289250322396425, M_max=62.993763613439214, V_max=10.811748791518554
[16:31:14]   Restoring 178 bottom joints to original coordinates...
[16:37:30]   Restored and spot-checked OK.
[16:37:30] All methods done. Writing final summary.
[16:37:30] Closing SAP2000 (no save)...
[16:37:30] [ALL DONE]
