

 SAP2000 v24.0.0 Ultimate 64-bit (Analysis Build 9894/64)
 File: D:\OneDrive\Nature-Insp...ms\Multiobjectives\MOSFOA\MPJ_Sap\W05\MPJ_5.LOG




 B E G I N   A N A L Y S I S                                2025/08/26  09:37:40


 RUNNING ANALYSIS WITHIN THE GUI PROCESS
 USING THE ADVANCED SOLVER (PROVIDES LIMITED INSTABILITY INFORMATION)

 NUMBER OF JOINTS                          =         215
    WITH RESTRAINTS                        =          20
 NUMBER OF FRAME/CABLE/TENDON ELEMENTS     =         110
 NUMBER OF SHELL ELEMENTS                  =         162
 NUMBER OF LOAD PATTERNS                   =           2
 NUMBER OF ACCELERATION LOADS              =           9
 NUMBER OF LOAD CASES                      =           3
 NUMBER OF MASS SOURCES                    =           1

 UNITS (FORCE, LENGTH, TEMPERATURE, TIME)  = tonf, m, °C, sec
 GRAVITATIONAL ACCELERATION                =    9.806650

 ADDRESSABLE PHYSICAL MEMORY (RAM)         =      15.869 GB

 PARALLELIZATION OF ANALYSIS OPERATIONS:
  (Env. variable SAPFIRE_NUM_THREADS not set)
 NUMBER OF THREADS: STATE (AUTOMATIC)      =           6
 NUMBER OF THREADS: STIFFNESS (AUTOMATIC)  =           6
 NUMBER OF THREADS: EVENT (AUTOMATIC)      =           6
 NUMBER OF THREADS: MOVE (AUTOMATIC)       =           6
 NUMBER OF THREADS: RESPONSE (AUTOMATIC)   =           6
 NUMBER OF THREADS: SOLVE (AUTOMATIC)      =           6
 NUMBER OF THREADS: FORM (AUTOMATIC)       =           6


 E L E M E N T   F O R M A T I O N                                      09:37:40



 L I N E A R   E Q U A T I O N   S O L U T I O N                        09:37:40

 FORMING STIFFNESS AT ZERO (UNSTRESSED) INITIAL CONDITIONS

 TOTAL NUMBER OF EQUILIBRIUM EQUATIONS     =        1230
 NUMBER OF NON-ZERO STIFFNESS TERMS        =       28989

 ---------------------------------
 BASIC STABILITY CHECK FOR LINEAR LOAD CASES:
    NUMBER OF NEGATIVE STIFFNESS EIGENVALUES SHOULD BE ZERO FOR STABILITY.
    (NOTE: FURTHER CHECKS SHOULD BE CONSIDERED AS DEEMED NECESSARY,
     SUCH AS REVIEWING EIGEN MODES FOR MECHANISMS AND RIGID-BODY MOTION)

    NUMBER OF NEGATIVE EIGENVALUES         =           0,  OK.
 ---------------------------------


 L I N E A R   S T A T I C   C A S E S                                  09:37:40

 USING STIFFNESS AT ZERO (UNSTRESSED) INITIAL CONDITIONS

 TOTAL NUMBER OF CASES TO SOLVE            =           2
 NUMBER OF CASES TO SOLVE PER BLOCK        =           2

 LINEAR STATIC CASES TO BE SOLVED:

 CASE: DEAD
 CASE: LL


 E I G E N   M O D A L   A N A L Y S I S                                09:37:40

 CASE: MODAL

 USING STIFFNESS AT ZERO (UNSTRESSED) INITIAL CONDITIONS

 NUMBER OF STIFFNESS DEGREES OF FREEDOM    =        1230
 NUMBER OF MASS DEGREES OF FREEDOM         =         615
 MAXIMUM NUMBER OF EIGEN MODES SOUGHT      =          12
 MINIMUM NUMBER OF EIGEN MODES SOUGHT      =           1
 NUMBER OF RESIDUAL-MASS MODES SOUGHT      =           0
 NUMBER OF SUBSPACE VECTORS USED           =          24
 RELATIVE CONVERGENCE TOLERANCE            =    1.00E-09

 FREQUENCY SHIFT  (CENTER) (CYC/TIME)      =     .000000
 FREQUENCY CUTOFF (RADIUS) (CYC/TIME)      =  -INFINITY-
 ALLOW AUTOMATIC FREQUENCY SHIFTING        =         YES


 Original stiffness at shift : EV= 0.0000000E+00, f=     .000000, T=  -INFINITY-
 Number of eigenvalues below shift =      0
 Found mode      1 of     12:  EV= 2.1553363E+03, f=    7.388864, T=    0.135339
 Found mode      2 of     12:  EV= 2.6253699E+03, f=    8.154839, T=    0.122627
 Found mode      3 of     12:  EV= 3.7495707E+03, f=    9.745652, T=    0.102610
 Found mode      4 of     12:  EV= 2.8320373E+04, f=   26.783641, T=    0.037336
 Found mode      5 of     12:  EV= 3.2756826E+04, f=   28.805209, T=    0.034716
 Found mode      6 of     12:  EV= 4.0830146E+04, f=   32.159597, T=    0.031095
 Found mode      7 of     12:  EV= 4.2780640E+04, f=   32.918783, T=    0.030378
 Found mode      8 of     12:  EV= 4.5278502E+04, f=   33.866176, T=    0.029528
 Found mode      9 of     12:  EV= 4.8050703E+04, f=   34.887513, T=    0.028664
 Found mode     10 of     12:  EV= 4.8604552E+04, f=   35.087999, T=    0.028500
 Found mode     11 of     12:  EV= 4.9997454E+04, f=   35.587221, T=    0.028100
 Found mode     12 of     12:  EV= 5.2017872E+04, f=   36.299147, T=    0.027549

 NUMBER OF EIGEN MODES FOUND               =          12
 NUMBER OF ITERATIONS PERFORMED            =          14
 NUMBER OF STIFFNESS SHIFTS                =           0


 A N A L Y S I S   C O M P L E T E                          2025/08/26  09:37:40
