
=== Nghiem A (nhe nhat): x=[1 1 1 1] ===
  M_DN=1675.57 kNm (combo ULSB-044), eta=0.2183
  M_DD=1342.81 kNm (combo ULSB-252), eta=0.1749
  M_DCT=1674.14 kNm (combo ULSB-024), eta=0.1008
  M_BMC=86.77 kNm/m (combo ULSB-038), eta=0.3538
  N_pile=210.00 T (combo ULSB-051)
  U_max=0.0491 m (combo ULSB-051)

=== Nghiem B (can bang/knee): x=[1 3] ===
  M_DN=1569.32 kNm (combo ULSB-044), eta=0.1860
  M_DD=1597.86 kNm (combo ULSB-024), eta=0.1162
  M_DCT=1545.87 kNm (combo ULSB-024), eta=0.0931
  M_BMC=121.17 kNm/m (combo ULSB-029), eta=0.2082
  N_pile=218.01 T (combo ULSB-051)
  U_max=0.0490 m (combo ULSB-051)

=== Nghiem C (dap ung tot nhat): x=[19 19 1 5] ===
  M_DN=2514.25 kNm (combo ULSB-043), eta=0.0937
  M_DD=2498.18 kNm (combo ULSB-024), eta=0.0931
  M_DCT=1332.24 kNm (combo ULSB-024), eta=0.0802
  M_BMC=164.59 kNm/m (combo ULSB-029), eta=0.1550
  N_pile=227.62 T (combo ULSB-051)
  U_max=0.0487 m (combo ULSB-051)

Da luu governing_combos_analysis.mat
ELAPSED_SEC=7917.7
