 
To get started, type doc.
For product information, visit www.mathworks.com.
 
[Bai 6 MOSFOA - SONG SONG] Np=20 Max_it=100 Nr=100 Num_work=8 (FE uoc tinh=2020)
ERROR: The process "SAP2000.exe" not found. 
Starting parallel pool (parpool) using the 'local' profile ...
Connected to parallel pool with 8 workers.
KHOI TAO SEED MOI cho run nay: 523248598 (da luu, xem ket qua .mat truong rngSeedUsed).
The he #0 - Kich thuoc Repository: 9 (kha thi: 20/20)
Vong lap 1/100 - Repository: 10 - FE luy ke: 40 - Thoi gian: 3.4 phut
Vong lap 2/100 - Repository: 11 - FE luy ke: 60 - Thoi gian: 7.0 phut
Vong lap 3/100 - Repository: 13 - FE luy ke: 80 - Thoi gian: 10.6 phut
Vong lap 4/100 - Repository: 14 - FE luy ke: 100 - Thoi gian: 14.0 phut
Vong lap 5/100 - Repository: 16 - FE luy ke: 120 - Thoi gian: 17.5 phut
Vong lap 6/100 - Repository: 19 - FE luy ke: 140 - Thoi gian: 21.1 phut
Vong lap 7/100 - Repository: 19 - FE luy ke: 160 - Thoi gian: 24.6 phut
Vong lap 8/100 - Repository: 21 - FE luy ke: 180 - Thoi gian: 28.1 phut
Vong lap 9/100 - Repository: 22 - FE luy ke: 200 - Thoi gian: 31.7 phut
Vong lap 10/100 - Repository: 22 - FE luy ke: 220 - Thoi gian: 35.3 phut
Vong lap 11/100 - Repository: 23 - FE luy ke: 240 - Thoi gian: 38.9 phut
Vong lap 12/100 - Repository: 23 - FE luy ke: 260 - Thoi gian: 42.3 phut
Vong lap 13/100 - Repository: 29 - FE luy ke: 280 - Thoi gian: 45.9 phut
Worker 1: 
  Warning: M/N/U DEU BANG 0 dong thoi cho x=[[10 19 1 3]] - nghi loi trich xuat COM (SAP2000 glitch), coi la infeasible.
  > In <a href="matlab:matlab.internal.language.introspective.errorDocCallback('evaluate_superstructure_design', 'D:\ResearchLab\02_Projects\02_Projects\JTST paper 4\code\evaluate_superstructure_design.m', 132)" style="font-weight:bold">evaluate_superstructure_design</a> (<a href="matlab: opentoline('D:\ResearchLab\02_Projects\02_Projects\JTST paper 4\code\evaluate_superstructure_design.m',132,0)">line 132</a>)
  In <a href="matlab:matlab.internal.language.introspective.errorDocCallback('mosfoa6_evaluate_batch', 'D:\ResearchLab\02_Projects\02_Projects\JTST paper 4\code\mosfoa6_evaluate_batch.m', 17)" style="font-weight:bold">mosfoa6_evaluate_batch</a> (<a href="matlab: opentoline('D:\ResearchLab\02_Projects\02_Projects\JTST paper 4\code\mosfoa6_evaluate_batch.m',17,0)">line 17</a>)
  In <a href="matlab:matlab.internal.language.introspective.errorDocCallback('spmdlang.remoteBlockExecutionPlain', 'C:\Program Files\MATLAB\R2023b\toolbox\parallel\lang\+spmdlang\remoteBlockExecutionPlain.m', 61)" style="font-weight:bold">spmdlang.remoteBlockExecutionPlain</a> (<a href="matlab: opentoline('C:\Program Files\MATLAB\R2023b\toolbox\parallel\lang\+spmdlang\remoteBlockExecutionPlain.m',61,0)">line 61</a>)
  In <a href="matlab:matlab.internal.language.introspective.errorDocCallback('spmdlang.remoteBlockExecutionSerDeser', 'C:\Program Files\MATLAB\R2023b\toolbox\parallel\lang\+spmdlang\remoteBlockExecutionSerDeser.m', 15)" style="font-weight:bold">spmdlang.remoteBlockExecutionSerDeser</a> (<a href="matlab: opentoline('C:\Program Files\MATLAB\R2023b\toolbox\parallel\lang\+spmdlang\remoteBlockExecutionSerDeser.m',15,0)">line 15</a>)
Worker 4: 
  Warning: M/N/U DEU BANG 0 dong thoi cho x=[[9 18 3 4]] - nghi loi trich xuat COM (SAP2000 glitch), coi la infeasible.
  > In <a href="matlab:matlab.internal.language.introspective.errorDocCallback('evaluate_superstructure_design', 'D:\ResearchLab\02_Projects\02_Projects\JTST paper 4\code\evaluate_superstructure_design.m', 132)" style="font-weight:bold">evaluate_superstructure_design</a> (<a href="matlab: opentoline('D:\ResearchLab\02_Projects\02_Projects\JTST paper 4\code\evaluate_superstructure_design.m',132,0)">line 132</a>)
  In <a href="matlab:matlab.internal.language.introspective.errorDocCallback('mosfoa6_evaluate_batch', 'D:\ResearchLab\02_Projects\02_Projects\JTST paper 4\code\mosfoa6_evaluate_batch.m', 17)" style="font-weight:bold">mosfoa6_evaluate_batch</a> (<a href="matlab: opentoline('D:\ResearchLab\02_Projects\02_Projects\JTST paper 4\code\mosfoa6_evaluate_batch.m',17,0)">line 17</a>)
  In <a href="matlab:matlab.internal.language.introspective.errorDocCallback('spmdlang.remoteBlockExecutionPlain', 'C:\Program Files\MATLAB\R2023b\toolbox\parallel\lang\+spmdlang\remoteBlockExecutionPlain.m', 61)" style="font-weight:bold">spmdlang.remoteBlockExecutionPlain</a> (<a href="matlab: opentoline('C:\Program Files\MATLAB\R2023b\toolbox\parallel\lang\+spmdlang\remoteBlockExecutionPlain.m',61,0)">line 61</a>)
  In <a href="matlab:matlab.internal.language.introspective.errorDocCallback('spmdlang.remoteBlockExecutionSerDeser', 'C:\Program Files\MATLAB\R2023b\toolbox\parallel\lang\+spmdlang\remoteBlockExecutionSerDeser.m', 15)" style="font-weight:bold">spmdlang.remoteBlockExecutionSerDeser</a> (<a href="matlab: opentoline('C:\Program Files\MATLAB\R2023b\toolbox\parallel\lang\+spmdlang\remoteBlockExecutionSerDeser.m',15,0)">line 15</a>)
Vong lap 14/100 - Repository: 31 - FE luy ke: 300 - Thoi gian: 49.9 phut
Vong lap 15/100 - Repository: 31 - FE luy ke: 320 - Thoi gian: 53.4 phut
Vong lap 16/100 - Repository: 31 - FE luy ke: 340 - Thoi gian: 57.0 phut
Vong lap 17/100 - Repository: 29 - FE luy ke: 360 - Thoi gian: 60.5 phut
Vong lap 18/100 - Repository: 32 - FE luy ke: 380 - Thoi gian: 64.1 phut
Vong lap 19/100 - Repository: 31 - FE luy ke: 400 - Thoi gian: 67.7 phut
Vong lap 20/100 - Repository: 32 - FE luy ke: 420 - Thoi gian: 71.1 phut
Vong lap 21/100 - Repository: 35 - FE luy ke: 440 - Thoi gian: 74.7 phut
Vong lap 22/100 - Repository: 36 - FE luy ke: 460 - Thoi gian: 78.1 phut
Vong lap 23/100 - Repository: 36 - FE luy ke: 480 - Thoi gian: 81.5 phut
Vong lap 24/100 - Repository: 35 - FE luy ke: 500 - Thoi gian: 85.1 phut
Vong lap 25/100 - Repository: 36 - FE luy ke: 520 - Thoi gian: 88.6 phut
Vong lap 26/100 - Repository: 38 - FE luy ke: 540 - Thoi gian: 92.0 phut
Vong lap 27/100 - Repository: 38 - FE luy ke: 560 - Thoi gian: 95.4 phut
Vong lap 28/100 - Repository: 39 - FE luy ke: 580 - Thoi gian: 98.9 phut
Vong lap 29/100 - Repository: 39 - FE luy ke: 600 - Thoi gian: 102.5 phut
Vong lap 30/100 - Repository: 39 - FE luy ke: 620 - Thoi gian: 106.2 phut
Vong lap 31/100 - Repository: 40 - FE luy ke: 640 - Thoi gian: 109.7 phut
Vong lap 32/100 - Repository: 41 - FE luy ke: 660 - Thoi gian: 113.3 phut
Vong lap 33/100 - Repository: 41 - FE luy ke: 680 - Thoi gian: 116.9 phut
Vong lap 34/100 - Repository: 42 - FE luy ke: 700 - Thoi gian: 120.5 phut
Vong lap 35/100 - Repository: 44 - FE luy ke: 720 - Thoi gian: 123.9 phut
Vong lap 36/100 - Repository: 48 - FE luy ke: 740 - Thoi gian: 127.6 phut
Vong lap 37/100 - Repository: 49 - FE luy ke: 760 - Thoi gian: 131.2 phut
Vong lap 38/100 - Repository: 49 - FE luy ke: 780 - Thoi gian: 134.6 phut
Vong lap 39/100 - Repository: 49 - FE luy ke: 800 - Thoi gian: 138.1 phut
Vong lap 40/100 - Repository: 49 - FE luy ke: 820 - Thoi gian: 141.7 phut
Vong lap 41/100 - Repository: 53 - FE luy ke: 840 - Thoi gian: 145.1 phut
Vong lap 42/100 - Repository: 53 - FE luy ke: 860 - Thoi gian: 148.6 phut
Vong lap 43/100 - Repository: 55 - FE luy ke: 880 - Thoi gian: 152.1 phut
Vong lap 44/100 - Repository: 55 - FE luy ke: 900 - Thoi gian: 155.6 phut
Vong lap 45/100 - Repository: 55 - FE luy ke: 920 - Thoi gian: 159.1 phut
Vong lap 46/100 - Repository: 58 - FE luy ke: 940 - Thoi gian: 162.7 phut
Vong lap 47/100 - Repository: 59 - FE luy ke: 960 - Thoi gian: 166.1 phut
Vong lap 48/100 - Repository: 61 - FE luy ke: 980 - Thoi gian: 169.6 phut
Vong lap 49/100 - Repository: 61 - FE luy ke: 1000 - Thoi gian: 173.0 phut
Vong lap 50/100 - Repository: 64 - FE luy ke: 1020 - Thoi gian: 176.7 phut
Vong lap 51/100 - Repository: 66 - FE luy ke: 1040 - Thoi gian: 180.3 phut
Vong lap 52/100 - Repository: 66 - FE luy ke: 1060 - Thoi gian: 183.9 phut
Vong lap 53/100 - Repository: 66 - FE luy ke: 1080 - Thoi gian: 187.4 phut
Vong lap 54/100 - Repository: 67 - FE luy ke: 1100 - Thoi gian: 191.0 phut
Vong lap 55/100 - Repository: 67 - FE luy ke: 1120 - Thoi gian: 194.6 phut
Vong lap 56/100 - Repository: 68 - FE luy ke: 1140 - Thoi gian: 198.0 phut
Vong lap 57/100 - Repository: 68 - FE luy ke: 1160 - Thoi gian: 201.3 phut
Vong lap 58/100 - Repository: 69 - FE luy ke: 1180 - Thoi gian: 204.9 phut
Vong lap 59/100 - Repository: 70 - FE luy ke: 1200 - Thoi gian: 208.3 phut
Vong lap 60/100 - Repository: 70 - FE luy ke: 1220 - Thoi gian: 211.8 phut
Vong lap 61/100 - Repository: 70 - FE luy ke: 1240 - Thoi gian: 215.4 phut
Vong lap 62/100 - Repository: 69 - FE luy ke: 1260 - Thoi gian: 218.9 phut
Vong lap 63/100 - Repository: 69 - FE luy ke: 1280 - Thoi gian: 222.4 phut
Vong lap 64/100 - Repository: 69 - FE luy ke: 1300 - Thoi gian: 225.8 phut
Vong lap 65/100 - Repository: 70 - FE luy ke: 1320 - Thoi gian: 229.2 phut
Vong lap 66/100 - Repository: 71 - FE luy ke: 1340 - Thoi gian: 232.6 phut
Vong lap 67/100 - Repository: 71 - FE luy ke: 1360 - Thoi gian: 236.0 phut
Vong lap 68/100 - Repository: 71 - FE luy ke: 1380 - Thoi gian: 239.4 phut
Vong lap 69/100 - Repository: 73 - FE luy ke: 1400 - Thoi gian: 243.0 phut
Vong lap 70/100 - Repository: 73 - FE luy ke: 1420 - Thoi gian: 246.4 phut
Vong lap 71/100 - Repository: 75 - FE luy ke: 1440 - Thoi gian: 249.9 phut
Vong lap 72/100 - Repository: 75 - FE luy ke: 1460 - Thoi gian: 253.4 phut
Vong lap 73/100 - Repository: 76 - FE luy ke: 1480 - Thoi gian: 256.8 phut
Vong lap 74/100 - Repository: 76 - FE luy ke: 1500 - Thoi gian: 260.1 phut
Vong lap 75/100 - Repository: 78 - FE luy ke: 1520 - Thoi gian: 263.8 phut
Vong lap 76/100 - Repository: 78 - FE luy ke: 1540 - Thoi gian: 267.3 phut
Vong lap 77/100 - Repository: 78 - FE luy ke: 1560 - Thoi gian: 270.7 phut
Vong lap 78/100 - Repository: 78 - FE luy ke: 1580 - Thoi gian: 274.0 phut
Vong lap 79/100 - Repository: 78 - FE luy ke: 1600 - Thoi gian: 277.6 phut
Vong lap 80/100 - Repository: 78 - FE luy ke: 1620 - Thoi gian: 281.0 phut
Vong lap 81/100 - Repository: 78 - FE luy ke: 1640 - Thoi gian: 284.4 phut
Vong lap 82/100 - Repository: 78 - FE luy ke: 1660 - Thoi gian: 287.8 phut
Vong lap 83/100 - Repository: 79 - FE luy ke: 1680 - Thoi gian: 291.2 phut
Vong lap 84/100 - Repository: 82 - FE luy ke: 1700 - Thoi gian: 294.6 phut
Vong lap 85/100 - Repository: 82 - FE luy ke: 1720 - Thoi gian: 298.0 phut
Vong lap 86/100 - Repository: 82 - FE luy ke: 1740 - Thoi gian: 301.6 phut
Vong lap 87/100 - Repository: 82 - FE luy ke: 1760 - Thoi gian: 305.0 phut
Vong lap 88/100 - Repository: 82 - FE luy ke: 1780 - Thoi gian: 308.4 phut
Vong lap 89/100 - Repository: 82 - FE luy ke: 1800 - Thoi gian: 312.0 phut
Vong lap 90/100 - Repository: 83 - FE luy ke: 1820 - Thoi gian: 315.3 phut
Vong lap 91/100 - Repository: 83 - FE luy ke: 1840 - Thoi gian: 318.7 phut
Vong lap 92/100 - Repository: 83 - FE luy ke: 1860 - Thoi gian: 322.0 phut
Vong lap 93/100 - Repository: 83 - FE luy ke: 1880 - Thoi gian: 325.5 phut
Vong lap 94/100 - Repository: 83 - FE luy ke: 1900 - Thoi gian: 329.0 phut
Vong lap 95/100 - Repository: 83 - FE luy ke: 1920 - Thoi gian: 332.4 phut
Worker 3: 
  Warning: M/N/U DEU BANG 0 dong thoi cho x=[[12 10 1 3]] - nghi loi trich xuat COM (SAP2000 glitch), coi la infeasible.
  > In <a href="matlab:matlab.internal.language.introspective.errorDocCallback('evaluate_superstructure_design', 'D:\ResearchLab\02_Projects\02_Projects\JTST paper 4\code\evaluate_superstructure_design.m', 132)" style="font-weight:bold">evaluate_superstructure_design</a> (<a href="matlab: opentoline('D:\ResearchLab\02_Projects\02_Projects\JTST paper 4\code\evaluate_superstructure_design.m',132,0)">line 132</a>)
  In <a href="matlab:matlab.internal.language.introspective.errorDocCallback('mosfoa6_evaluate_batch', 'D:\ResearchLab\02_Projects\02_Projects\JTST paper 4\code\mosfoa6_evaluate_batch.m', 17)" style="font-weight:bold">mosfoa6_evaluate_batch</a> (<a href="matlab: opentoline('D:\ResearchLab\02_Projects\02_Projects\JTST paper 4\code\mosfoa6_evaluate_batch.m',17,0)">line 17</a>)
  In <a href="matlab:matlab.internal.language.introspective.errorDocCallback('spmdlang.remoteBlockExecutionPlain', 'C:\Program Files\MATLAB\R2023b\toolbox\parallel\lang\+spmdlang\remoteBlockExecutionPlain.m', 61)" style="font-weight:bold">spmdlang.remoteBlockExecutionPlain</a> (<a href="matlab: opentoline('C:\Program Files\MATLAB\R2023b\toolbox\parallel\lang\+spmdlang\remoteBlockExecutionPlain.m',61,0)">line 61</a>)
  In <a href="matlab:matlab.internal.language.introspective.errorDocCallback('spmdlang.remoteBlockExecutionSerDeser', 'C:\Program Files\MATLAB\R2023b\toolbox\parallel\lang\+spmdlang\remoteBlockExecutionSerDeser.m', 15)" style="font-weight:bold">spmdlang.remoteBlockExecutionSerDeser</a> (<a href="matlab: opentoline('C:\Program Files\MATLAB\R2023b\toolbox\parallel\lang\+spmdlang\remoteBlockExecutionSerDeser.m',15,0)">line 15</a>)
Worker 4: 
  Warning: M/N/U DEU BANG 0 dong thoi cho x=[[1 1 1 1]] - nghi loi trich xuat COM (SAP2000 glitch), coi la infeasible.
  > In <a href="matlab:matlab.internal.language.introspective.errorDocCallback('evaluate_superstructure_design', 'D:\ResearchLab\02_Projects\02_Projects\JTST paper 4\code\evaluate_superstructure_design.m', 132)" style="font-weight:bold">evaluate_superstructure_design</a> (<a href="matlab: opentoline('D:\ResearchLab\02_Projects\02_Projects\JTST paper 4\code\evaluate_superstructure_design.m',132,0)">line 132</a>)
  In <a href="matlab:matlab.internal.language.introspective.errorDocCallback('mosfoa6_evaluate_batch', 'D:\ResearchLab\02_Projects\02_Projects\JTST paper 4\code\mosfoa6_evaluate_batch.m', 17)" style="font-weight:bold">mosfoa6_evaluate_batch</a> (<a href="matlab: opentoline('D:\ResearchLab\02_Projects\02_Projects\JTST paper 4\code\mosfoa6_evaluate_batch.m',17,0)">line 17</a>)
  In <a href="matlab:matlab.internal.language.introspective.errorDocCallback('spmdlang.remoteBlockExecutionPlain', 'C:\Program Files\MATLAB\R2023b\toolbox\parallel\lang\+spmdlang\remoteBlockExecutionPlain.m', 61)" style="font-weight:bold">spmdlang.remoteBlockExecutionPlain</a> (<a href="matlab: opentoline('C:\Program Files\MATLAB\R2023b\toolbox\parallel\lang\+spmdlang\remoteBlockExecutionPlain.m',61,0)">line 61</a>)
  In <a href="matlab:matlab.internal.language.introspective.errorDocCallback('spmdlang.remoteBlockExecutionSerDeser', 'C:\Program Files\MATLAB\R2023b\toolbox\parallel\lang\+spmdlang\remoteBlockExecutionSerDeser.m', 15)" style="font-weight:bold">spmdlang.remoteBlockExecutionSerDeser</a> (<a href="matlab: opentoline('C:\Program Files\MATLAB\R2023b\toolbox\parallel\lang\+spmdlang\remoteBlockExecutionSerDeser.m',15,0)">line 15</a>)
Vong lap 96/100 - Repository: 84 - FE luy ke: 1940 - Thoi gian: 335.8 phut
Vong lap 97/100 - Repository: 84 - FE luy ke: 1960 - Thoi gian: 339.2 phut
Vong lap 98/100 - Repository: 84 - FE luy ke: 1980 - Thoi gian: 342.6 phut
Vong lap 99/100 - Repository: 84 - FE luy ke: 2000 - Thoi gian: 346.1 phut
Vong lap 100/100 - Repository: 84 - FE luy ke: 2020 - Thoi gian: 349.6 phut
HOAN THANH campaign MOSFOA Bai 6. Tong thoi gian: 5.83 gio. So nghiem Pareto: 84. Seed=523248598
Parallel pool using the 'Processes' profile is shutting down.
