 
To get started, type doc.
For product information, visit www.mathworks.com.
 
[Bai 6 MOSFOA - SONG SONG] Np=20 Max_it=100 Nr=100 Num_work=8 (FE uoc tinh=2020)
ERROR: The process "SAP2000.exe" not found. 
Starting parallel pool (parpool) using the 'local' profile ...
Connected to parallel pool with 8 workers.
KHOI TAO SEED MOI cho run nay: 493192904 (da luu, xem ket qua .mat truong rngSeedUsed).
The he #0 - Kich thuoc Repository: 8 (kha thi: 20/20)
Vong lap 1/100 - Repository: 11 - FE luy ke: 40 - Thoi gian: 3.5 phut
Vong lap 2/100 - Repository: 13 - FE luy ke: 60 - Thoi gian: 7.0 phut
Vong lap 3/100 - Repository: 11 - FE luy ke: 80 - Thoi gian: 10.6 phut
Vong lap 4/100 - Repository: 12 - FE luy ke: 100 - Thoi gian: 14.0 phut
Vong lap 5/100 - Repository: 11 - FE luy ke: 120 - Thoi gian: 17.6 phut
Vong lap 6/100 - Repository: 12 - FE luy ke: 140 - Thoi gian: 21.1 phut
Vong lap 7/100 - Repository: 11 - FE luy ke: 160 - Thoi gian: 24.6 phut
Vong lap 8/100 - Repository: 13 - FE luy ke: 180 - Thoi gian: 28.0 phut
Vong lap 9/100 - Repository: 16 - FE luy ke: 200 - Thoi gian: 31.5 phut
Vong lap 10/100 - Repository: 20 - FE luy ke: 220 - Thoi gian: 34.9 phut
Vong lap 11/100 - Repository: 23 - FE luy ke: 240 - Thoi gian: 38.4 phut
Vong lap 12/100 - Repository: 25 - FE luy ke: 260 - Thoi gian: 41.8 phut
Vong lap 13/100 - Repository: 26 - FE luy ke: 280 - Thoi gian: 45.4 phut
Vong lap 14/100 - Repository: 26 - FE luy ke: 300 - Thoi gian: 48.7 phut
Vong lap 15/100 - Repository: 27 - FE luy ke: 320 - Thoi gian: 52.2 phut
Vong lap 16/100 - Repository: 30 - FE luy ke: 340 - Thoi gian: 55.8 phut
Vong lap 17/100 - Repository: 31 - FE luy ke: 360 - Thoi gian: 59.2 phut
Vong lap 18/100 - Repository: 31 - FE luy ke: 380 - Thoi gian: 62.7 phut
Vong lap 19/100 - Repository: 32 - FE luy ke: 400 - Thoi gian: 66.3 phut
Vong lap 20/100 - Repository: 33 - FE luy ke: 420 - Thoi gian: 69.8 phut
Vong lap 21/100 - Repository: 35 - FE luy ke: 440 - Thoi gian: 73.3 phut
Vong lap 22/100 - Repository: 35 - FE luy ke: 460 - Thoi gian: 76.9 phut
Vong lap 23/100 - Repository: 36 - FE luy ke: 480 - Thoi gian: 80.4 phut
Vong lap 24/100 - Repository: 41 - FE luy ke: 500 - Thoi gian: 83.8 phut
Vong lap 25/100 - Repository: 41 - FE luy ke: 520 - Thoi gian: 87.2 phut
Vong lap 26/100 - Repository: 42 - FE luy ke: 540 - Thoi gian: 90.6 phut
Vong lap 27/100 - Repository: 42 - FE luy ke: 560 - Thoi gian: 94.1 phut
Vong lap 28/100 - Repository: 46 - FE luy ke: 580 - Thoi gian: 97.7 phut
Vong lap 29/100 - Repository: 46 - FE luy ke: 600 - Thoi gian: 101.2 phut
Vong lap 30/100 - Repository: 48 - FE luy ke: 620 - Thoi gian: 104.7 phut
Vong lap 31/100 - Repository: 49 - FE luy ke: 640 - Thoi gian: 108.1 phut
Vong lap 32/100 - Repository: 49 - FE luy ke: 660 - Thoi gian: 111.6 phut
Vong lap 33/100 - Repository: 50 - FE luy ke: 680 - Thoi gian: 115.0 phut
Vong lap 34/100 - Repository: 49 - FE luy ke: 700 - Thoi gian: 118.4 phut
Vong lap 35/100 - Repository: 50 - FE luy ke: 720 - Thoi gian: 121.9 phut
Vong lap 36/100 - Repository: 51 - FE luy ke: 740 - Thoi gian: 125.3 phut
Vong lap 37/100 - Repository: 51 - FE luy ke: 760 - Thoi gian: 128.9 phut
Vong lap 38/100 - Repository: 52 - FE luy ke: 780 - Thoi gian: 132.3 phut
Vong lap 39/100 - Repository: 51 - FE luy ke: 800 - Thoi gian: 135.8 phut
Vong lap 40/100 - Repository: 52 - FE luy ke: 820 - Thoi gian: 139.3 phut
Vong lap 41/100 - Repository: 53 - FE luy ke: 840 - Thoi gian: 142.9 phut
Vong lap 42/100 - Repository: 56 - FE luy ke: 860 - Thoi gian: 146.3 phut
Vong lap 43/100 - Repository: 58 - FE luy ke: 880 - Thoi gian: 149.9 phut
Vong lap 44/100 - Repository: 61 - FE luy ke: 900 - Thoi gian: 153.3 phut
Vong lap 45/100 - Repository: 61 - FE luy ke: 920 - Thoi gian: 156.7 phut
Vong lap 46/100 - Repository: 62 - FE luy ke: 940 - Thoi gian: 160.1 phut
Vong lap 47/100 - Repository: 62 - FE luy ke: 960 - Thoi gian: 163.5 phut
Vong lap 48/100 - Repository: 62 - FE luy ke: 980 - Thoi gian: 166.9 phut
Vong lap 49/100 - Repository: 62 - FE luy ke: 1000 - Thoi gian: 170.3 phut
Vong lap 50/100 - Repository: 64 - FE luy ke: 1020 - Thoi gian: 173.9 phut
Vong lap 51/100 - Repository: 65 - FE luy ke: 1040 - Thoi gian: 177.3 phut
Vong lap 52/100 - Repository: 66 - FE luy ke: 1060 - Thoi gian: 180.7 phut
Vong lap 53/100 - Repository: 68 - FE luy ke: 1080 - Thoi gian: 184.3 phut
Vong lap 54/100 - Repository: 68 - FE luy ke: 1100 - Thoi gian: 187.9 phut
Vong lap 55/100 - Repository: 66 - FE luy ke: 1120 - Thoi gian: 191.3 phut
Vong lap 56/100 - Repository: 66 - FE luy ke: 1140 - Thoi gian: 194.8 phut
Vong lap 57/100 - Repository: 66 - FE luy ke: 1160 - Thoi gian: 198.3 phut
Vong lap 58/100 - Repository: 66 - FE luy ke: 1180 - Thoi gian: 201.7 phut
Vong lap 59/100 - Repository: 66 - FE luy ke: 1200 - Thoi gian: 205.1 phut
Vong lap 60/100 - Repository: 68 - FE luy ke: 1220 - Thoi gian: 208.7 phut
Vong lap 61/100 - Repository: 68 - FE luy ke: 1240 - Thoi gian: 212.2 phut
Vong lap 62/100 - Repository: 68 - FE luy ke: 1260 - Thoi gian: 215.7 phut
Vong lap 63/100 - Repository: 70 - FE luy ke: 1280 - Thoi gian: 219.0 phut
Vong lap 64/100 - Repository: 70 - FE luy ke: 1300 - Thoi gian: 222.4 phut
Vong lap 65/100 - Repository: 71 - FE luy ke: 1320 - Thoi gian: 225.9 phut
Vong lap 66/100 - Repository: 71 - FE luy ke: 1340 - Thoi gian: 229.3 phut
Vong lap 67/100 - Repository: 73 - FE luy ke: 1360 - Thoi gian: 232.9 phut
Vong lap 68/100 - Repository: 74 - FE luy ke: 1380 - Thoi gian: 236.3 phut
Vong lap 69/100 - Repository: 74 - FE luy ke: 1400 - Thoi gian: 239.8 phut
Vong lap 70/100 - Repository: 74 - FE luy ke: 1420 - Thoi gian: 243.2 phut
Vong lap 71/100 - Repository: 74 - FE luy ke: 1440 - Thoi gian: 246.7 phut
Vong lap 72/100 - Repository: 74 - FE luy ke: 1460 - Thoi gian: 250.1 phut
Vong lap 73/100 - Repository: 73 - FE luy ke: 1480 - Thoi gian: 253.8 phut
Vong lap 74/100 - Repository: 73 - FE luy ke: 1500 - Thoi gian: 257.4 phut
Vong lap 75/100 - Repository: 74 - FE luy ke: 1520 - Thoi gian: 260.8 phut
Vong lap 76/100 - Repository: 74 - FE luy ke: 1540 - Thoi gian: 264.3 phut
Vong lap 77/100 - Repository: 74 - FE luy ke: 1560 - Thoi gian: 267.8 phut
Vong lap 78/100 - Repository: 74 - FE luy ke: 1580 - Thoi gian: 271.3 phut
Vong lap 79/100 - Repository: 75 - FE luy ke: 1600 - Thoi gian: 274.9 phut
Vong lap 80/100 - Repository: 75 - FE luy ke: 1620 - Thoi gian: 278.7 phut
Vong lap 81/100 - Repository: 75 - FE luy ke: 1640 - Thoi gian: 282.0 phut
Vong lap 82/100 - Repository: 76 - FE luy ke: 1660 - Thoi gian: 285.5 phut
Vong lap 83/100 - Repository: 76 - FE luy ke: 1680 - Thoi gian: 288.9 phut
Vong lap 84/100 - Repository: 77 - FE luy ke: 1700 - Thoi gian: 292.3 phut
Vong lap 85/100 - Repository: 77 - FE luy ke: 1720 - Thoi gian: 295.9 phut
Vong lap 86/100 - Repository: 78 - FE luy ke: 1740 - Thoi gian: 299.3 phut
Vong lap 87/100 - Repository: 78 - FE luy ke: 1760 - Thoi gian: 302.9 phut
Vong lap 88/100 - Repository: 78 - FE luy ke: 1780 - Thoi gian: 306.4 phut
Vong lap 89/100 - Repository: 78 - FE luy ke: 1800 - Thoi gian: 309.8 phut
Vong lap 90/100 - Repository: 78 - FE luy ke: 1820 - Thoi gian: 313.3 phut
Vong lap 91/100 - Repository: 78 - FE luy ke: 1840 - Thoi gian: 316.7 phut
Vong lap 92/100 - Repository: 78 - FE luy ke: 1860 - Thoi gian: 320.1 phut
Vong lap 93/100 - Repository: 78 - FE luy ke: 1880 - Thoi gian: 323.6 phut
Vong lap 94/100 - Repository: 80 - FE luy ke: 1900 - Thoi gian: 327.1 phut
Vong lap 95/100 - Repository: 80 - FE luy ke: 1920 - Thoi gian: 330.7 phut
Vong lap 96/100 - Repository: 80 - FE luy ke: 1940 - Thoi gian: 334.1 phut
Vong lap 97/100 - Repository: 80 - FE luy ke: 1960 - Thoi gian: 337.5 phut
Vong lap 98/100 - Repository: 80 - FE luy ke: 1980 - Thoi gian: 341.0 phut
Vong lap 99/100 - Repository: 80 - FE luy ke: 2000 - Thoi gian: 344.5 phut
Vong lap 100/100 - Repository: 80 - FE luy ke: 2020 - Thoi gian: 348.1 phut
HOAN THANH campaign MOSFOA Bai 6. Tong thoi gian: 5.80 gio. So nghiem Pareto: 80. Seed=493192904
