 
To get started, type doc.
For product information, visit www.mathworks.com.
 
[Bai 6 MOSFOA - SONG SONG] Np=20 Max_it=100 Nr=100 Num_work=8 (FE uoc tinh=2020)
ERROR: The process "SAP2000.exe" not found. 
Starting parallel pool (parpool) using the 'local' profile ...
Connected to parallel pool with 8 workers.
KHOI TAO SEED MOI cho run nay: 516629849 (da luu, xem ket qua .mat truong rngSeedUsed).
The he #0 - Kich thuoc Repository: 10 (kha thi: 20/20)
Vong lap 1/100 - Repository: 12 - FE luy ke: 40 - Thoi gian: 3.5 phut
Vong lap 2/100 - Repository: 16 - FE luy ke: 60 - Thoi gian: 7.2 phut
Vong lap 3/100 - Repository: 17 - FE luy ke: 80 - Thoi gian: 10.9 phut
Vong lap 4/100 - Repository: 18 - FE luy ke: 100 - Thoi gian: 14.5 phut
Vong lap 5/100 - Repository: 12 - FE luy ke: 120 - Thoi gian: 18.1 phut
Vong lap 6/100 - Repository: 12 - FE luy ke: 140 - Thoi gian: 21.6 phut
Vong lap 7/100 - Repository: 12 - FE luy ke: 160 - Thoi gian: 24.9 phut
Vong lap 8/100 - Repository: 15 - FE luy ke: 180 - Thoi gian: 28.6 phut
Vong lap 9/100 - Repository: 18 - FE luy ke: 200 - Thoi gian: 32.0 phut
Vong lap 10/100 - Repository: 20 - FE luy ke: 220 - Thoi gian: 35.6 phut
Vong lap 11/100 - Repository: 20 - FE luy ke: 240 - Thoi gian: 39.0 phut
Vong lap 12/100 - Repository: 20 - FE luy ke: 260 - Thoi gian: 42.3 phut
Vong lap 13/100 - Repository: 16 - FE luy ke: 280 - Thoi gian: 46.0 phut
Vong lap 14/100 - Repository: 18 - FE luy ke: 300 - Thoi gian: 49.4 phut
Vong lap 15/100 - Repository: 20 - FE luy ke: 320 - Thoi gian: 52.9 phut
Vong lap 16/100 - Repository: 18 - FE luy ke: 340 - Thoi gian: 56.5 phut
Vong lap 17/100 - Repository: 18 - FE luy ke: 360 - Thoi gian: 60.2 phut
Vong lap 18/100 - Repository: 20 - FE luy ke: 380 - Thoi gian: 63.7 phut
Vong lap 19/100 - Repository: 22 - FE luy ke: 400 - Thoi gian: 67.2 phut
Vong lap 20/100 - Repository: 23 - FE luy ke: 420 - Thoi gian: 70.6 phut
Vong lap 21/100 - Repository: 28 - FE luy ke: 440 - Thoi gian: 74.1 phut
Vong lap 22/100 - Repository: 30 - FE luy ke: 460 - Thoi gian: 77.5 phut
Vong lap 23/100 - Repository: 29 - FE luy ke: 480 - Thoi gian: 81.1 phut
Vong lap 24/100 - Repository: 29 - FE luy ke: 500 - Thoi gian: 84.7 phut
Vong lap 25/100 - Repository: 30 - FE luy ke: 520 - Thoi gian: 88.3 phut
Vong lap 26/100 - Repository: 32 - FE luy ke: 540 - Thoi gian: 91.8 phut
Vong lap 27/100 - Repository: 32 - FE luy ke: 560 - Thoi gian: 95.4 phut
Vong lap 28/100 - Repository: 34 - FE luy ke: 580 - Thoi gian: 99.0 phut
Vong lap 29/100 - Repository: 37 - FE luy ke: 600 - Thoi gian: 102.6 phut
Vong lap 30/100 - Repository: 36 - FE luy ke: 620 - Thoi gian: 106.2 phut
Vong lap 31/100 - Repository: 38 - FE luy ke: 640 - Thoi gian: 109.7 phut
Vong lap 32/100 - Repository: 38 - FE luy ke: 660 - Thoi gian: 113.1 phut
Vong lap 33/100 - Repository: 39 - FE luy ke: 680 - Thoi gian: 116.6 phut
Vong lap 34/100 - Repository: 41 - FE luy ke: 700 - Thoi gian: 120.2 phut
Vong lap 35/100 - Repository: 41 - FE luy ke: 720 - Thoi gian: 123.8 phut
Vong lap 36/100 - Repository: 42 - FE luy ke: 740 - Thoi gian: 127.2 phut
Vong lap 37/100 - Repository: 43 - FE luy ke: 760 - Thoi gian: 130.7 phut
Vong lap 38/100 - Repository: 50 - FE luy ke: 780 - Thoi gian: 134.1 phut
Vong lap 39/100 - Repository: 51 - FE luy ke: 800 - Thoi gian: 137.7 phut
Vong lap 40/100 - Repository: 51 - FE luy ke: 820 - Thoi gian: 141.2 phut
Vong lap 41/100 - Repository: 53 - FE luy ke: 840 - Thoi gian: 144.6 phut
Vong lap 42/100 - Repository: 55 - FE luy ke: 860 - Thoi gian: 148.2 phut
Vong lap 43/100 - Repository: 55 - FE luy ke: 880 - Thoi gian: 151.6 phut
Vong lap 44/100 - Repository: 55 - FE luy ke: 900 - Thoi gian: 155.1 phut
Vong lap 45/100 - Repository: 56 - FE luy ke: 920 - Thoi gian: 158.5 phut
Vong lap 46/100 - Repository: 57 - FE luy ke: 940 - Thoi gian: 162.0 phut
Vong lap 47/100 - Repository: 57 - FE luy ke: 960 - Thoi gian: 165.5 phut
Vong lap 48/100 - Repository: 59 - FE luy ke: 980 - Thoi gian: 169.0 phut
Vong lap 49/100 - Repository: 61 - FE luy ke: 1000 - Thoi gian: 172.5 phut
Vong lap 50/100 - Repository: 63 - FE luy ke: 1020 - Thoi gian: 175.9 phut
Vong lap 51/100 - Repository: 64 - FE luy ke: 1040 - Thoi gian: 179.5 phut
Vong lap 52/100 - Repository: 64 - FE luy ke: 1060 - Thoi gian: 182.9 phut
Vong lap 53/100 - Repository: 65 - FE luy ke: 1080 - Thoi gian: 186.4 phut
Vong lap 54/100 - Repository: 65 - FE luy ke: 1100 - Thoi gian: 190.1 phut
Vong lap 55/100 - Repository: 65 - FE luy ke: 1120 - Thoi gian: 193.6 phut
Vong lap 56/100 - Repository: 66 - FE luy ke: 1140 - Thoi gian: 197.0 phut
Vong lap 57/100 - Repository: 67 - FE luy ke: 1160 - Thoi gian: 200.4 phut
Vong lap 58/100 - Repository: 66 - FE luy ke: 1180 - Thoi gian: 203.8 phut
Vong lap 59/100 - Repository: 66 - FE luy ke: 1200 - Thoi gian: 207.3 phut
Vong lap 60/100 - Repository: 67 - FE luy ke: 1220 - Thoi gian: 210.8 phut
Vong lap 61/100 - Repository: 67 - FE luy ke: 1240 - Thoi gian: 214.1 phut
Vong lap 62/100 - Repository: 67 - FE luy ke: 1260 - Thoi gian: 217.5 phut
Vong lap 63/100 - Repository: 68 - FE luy ke: 1280 - Thoi gian: 220.9 phut
Vong lap 64/100 - Repository: 69 - FE luy ke: 1300 - Thoi gian: 224.3 phut
Vong lap 65/100 - Repository: 69 - FE luy ke: 1320 - Thoi gian: 227.9 phut
Vong lap 66/100 - Repository: 69 - FE luy ke: 1340 - Thoi gian: 231.2 phut
Vong lap 67/100 - Repository: 69 - FE luy ke: 1360 - Thoi gian: 234.7 phut
Vong lap 68/100 - Repository: 69 - FE luy ke: 1380 - Thoi gian: 238.2 phut
Vong lap 69/100 - Repository: 69 - FE luy ke: 1400 - Thoi gian: 241.8 phut
Vong lap 70/100 - Repository: 69 - FE luy ke: 1420 - Thoi gian: 245.2 phut
Vong lap 71/100 - Repository: 69 - FE luy ke: 1440 - Thoi gian: 248.7 phut
Vong lap 72/100 - Repository: 70 - FE luy ke: 1460 - Thoi gian: 252.2 phut
Vong lap 73/100 - Repository: 71 - FE luy ke: 1480 - Thoi gian: 255.8 phut
Vong lap 74/100 - Repository: 71 - FE luy ke: 1500 - Thoi gian: 259.3 phut
Vong lap 75/100 - Repository: 71 - FE luy ke: 1520 - Thoi gian: 262.8 phut
Vong lap 76/100 - Repository: 72 - FE luy ke: 1540 - Thoi gian: 266.4 phut
Vong lap 77/100 - Repository: 72 - FE luy ke: 1560 - Thoi gian: 269.8 phut
Vong lap 78/100 - Repository: 72 - FE luy ke: 1580 - Thoi gian: 273.3 phut
Vong lap 79/100 - Repository: 72 - FE luy ke: 1600 - Thoi gian: 276.8 phut
Vong lap 80/100 - Repository: 72 - FE luy ke: 1620 - Thoi gian: 280.2 phut
Vong lap 81/100 - Repository: 73 - FE luy ke: 1640 - Thoi gian: 283.6 phut
Vong lap 82/100 - Repository: 73 - FE luy ke: 1660 - Thoi gian: 287.0 phut
Vong lap 83/100 - Repository: 73 - FE luy ke: 1680 - Thoi gian: 290.3 phut
Vong lap 84/100 - Repository: 73 - FE luy ke: 1700 - Thoi gian: 293.9 phut
Vong lap 85/100 - Repository: 73 - FE luy ke: 1720 - Thoi gian: 297.3 phut
Vong lap 86/100 - Repository: 74 - FE luy ke: 1740 - Thoi gian: 300.7 phut
Vong lap 87/100 - Repository: 74 - FE luy ke: 1760 - Thoi gian: 304.2 phut
Vong lap 88/100 - Repository: 75 - FE luy ke: 1780 - Thoi gian: 307.6 phut
Vong lap 89/100 - Repository: 75 - FE luy ke: 1800 - Thoi gian: 311.1 phut
Vong lap 90/100 - Repository: 75 - FE luy ke: 1820 - Thoi gian: 314.7 phut
Vong lap 91/100 - Repository: 75 - FE luy ke: 1840 - Thoi gian: 318.3 phut
Vong lap 92/100 - Repository: 75 - FE luy ke: 1860 - Thoi gian: 321.9 phut
Vong lap 93/100 - Repository: 75 - FE luy ke: 1880 - Thoi gian: 325.3 phut
Vong lap 94/100 - Repository: 75 - FE luy ke: 1900 - Thoi gian: 328.7 phut
Vong lap 95/100 - Repository: 75 - FE luy ke: 1920 - Thoi gian: 332.1 phut
Vong lap 96/100 - Repository: 75 - FE luy ke: 1940 - Thoi gian: 335.6 phut
Vong lap 97/100 - Repository: 75 - FE luy ke: 1960 - Thoi gian: 339.0 phut
Vong lap 98/100 - Repository: 75 - FE luy ke: 1980 - Thoi gian: 342.6 phut
Vong lap 99/100 - Repository: 75 - FE luy ke: 2000 - Thoi gian: 345.9 phut
Vong lap 100/100 - Repository: 75 - FE luy ke: 2020 - Thoi gian: 349.5 phut
HOAN THANH campaign MOSFOA Bai 6. Tong thoi gian: 5.82 gio. So nghiem Pareto: 75. Seed=516629849
