[2026-09-15 17:40:31] === watchdog_campaign_bai6 start: Nrun=1 Npop=20 Max_it=100 Num_work=8 ===
[2026-09-15 17:40:34] ----- Bat dau run01 (1/1) -----
[2026-09-15 17:40:37] run01 : launching MATLAB (attempt 1)
[2026-09-15 17:41:08] run01 : poll - elapsed=30s log_stale=5s
[2026-09-15 17:41:38] run01 : poll - elapsed=60s log_stale=35s
[2026-09-15 17:42:08] run01 : poll - elapsed=90s log_stale=65s
[2026-09-15 17:42:38] run01 : poll - elapsed=120s log_stale=95s
[2026-09-15 17:43:08] run01 : poll - elapsed=150s log_stale=125s
[2026-09-15 17:43:38] run01 : poll - elapsed=180s log_stale=155s
[2026-09-15 17:44:08] run01 : poll - elapsed=210s log_stale=185s
[2026-09-15 17:44:38] run01 : poll - elapsed=240s log_stale=215s
[2026-09-15 17:45:08] run01 : poll - elapsed=270s log_stale=245s
[2026-09-15 17:45:38] run01 : poll - elapsed=300s log_stale=8s
[2026-09-15 17:46:08] run01 : poll - elapsed=330s log_stale=38s
[2026-09-15 17:46:38] run01 : poll - elapsed=360s log_stale=68s
[2026-09-15 17:47:08] run01 : poll - elapsed=390s log_stale=99s
[2026-09-15 17:47:38] run01 : poll - elapsed=420s log_stale=129s
[2026-09-15 17:48:08] run01 : poll - elapsed=450s log_stale=159s
[2026-09-15 17:48:38] run01 : poll - elapsed=480s log_stale=189s
[2026-09-15 17:49:08] run01 : poll - elapsed=510s log_stale=9s
[2026-09-15 17:49:38] run01 : poll - elapsed=540s log_stale=39s
[2026-09-15 17:50:08] run01 : poll - elapsed=570s log_stale=69s
[2026-09-15 17:50:38] run01 : poll - elapsed=600s log_stale=99s
[2026-09-15 17:51:08] run01 : poll - elapsed=630s log_stale=129s
[2026-09-15 17:51:38] run01 : poll - elapsed=660s log_stale=159s
[2026-09-15 17:52:08] run01 : poll - elapsed=690s log_stale=189s
[2026-09-15 17:52:38] run01 : poll - elapsed=720s log_stale=219s
[2026-09-15 17:53:08] run01 : poll - elapsed=750s log_stale=27s
[2026-09-15 17:53:38] run01 : poll - elapsed=781s log_stale=57s
[2026-09-15 17:54:08] run01 : poll - elapsed=811s log_stale=87s
[2026-09-15 17:54:38] run01 : poll - elapsed=841s log_stale=117s
[2026-09-15 17:55:08] run01 : poll - elapsed=871s log_stale=147s
[2026-09-15 17:55:38] run01 : poll - elapsed=901s log_stale=177s
[2026-09-15 17:56:08] run01 : poll - elapsed=931s log_stale=207s
[2026-09-15 17:56:38] run01 : poll - elapsed=961s log_stale=26s
[2026-09-15 17:57:08] run01 : poll - elapsed=991s log_stale=56s
[2026-09-15 17:57:38] run01 : poll - elapsed=1021s log_stale=86s
[2026-09-15 17:58:08] run01 : poll - elapsed=1051s log_stale=116s
[2026-09-15 17:58:38] run01 : poll - elapsed=1081s log_stale=146s
[2026-09-15 17:59:08] run01 : poll - elapsed=1111s log_stale=176s
[2026-09-15 17:59:38] run01 : poll - elapsed=1141s log_stale=206s
[2026-09-15 18:00:08] run01 : poll - elapsed=1171s log_stale=20s
[2026-09-15 18:00:38] run01 : poll - elapsed=1201s log_stale=50s
[2026-09-15 18:01:08] run01 : poll - elapsed=1231s log_stale=80s
[2026-09-15 18:01:38] run01 : poll - elapsed=1261s log_stale=110s
[2026-09-15 18:02:08] run01 : poll - elapsed=1291s log_stale=140s
[2026-09-15 18:02:38] run01 : poll - elapsed=1321s log_stale=170s
[2026-09-15 18:03:08] run01 : poll - elapsed=1351s log_stale=200s
[2026-09-15 18:03:38] run01 : poll - elapsed=1381s log_stale=18s
[2026-09-15 18:04:08] run01 : poll - elapsed=1411s log_stale=48s
[2026-09-15 18:04:38] run01 : poll - elapsed=1441s log_stale=78s
[2026-09-15 18:05:08] run01 : poll - elapsed=1471s log_stale=108s
[2026-09-15 18:05:38] run01 : poll - elapsed=1501s log_stale=138s
[2026-09-15 18:06:08] run01 : poll - elapsed=1531s log_stale=168s
[2026-09-15 18:06:38] run01 : poll - elapsed=1561s log_stale=198s
[2026-09-15 18:07:08] run01 : poll - elapsed=1591s log_stale=14s
[2026-09-15 18:07:38] run01 : poll - elapsed=1621s log_stale=44s
[2026-09-15 18:08:08] run01 : poll - elapsed=1651s log_stale=74s
[2026-09-15 18:08:39] run01 : poll - elapsed=1681s log_stale=104s
[2026-09-15 18:09:09] run01 : poll - elapsed=1711s log_stale=134s
[2026-09-15 18:09:39] run01 : poll - elapsed=1741s log_stale=164s
[2026-09-15 18:10:09] run01 : poll - elapsed=1771s log_stale=194s
[2026-09-15 18:10:39] run01 : poll - elapsed=1801s log_stale=9s
[2026-09-15 18:11:09] run01 : poll - elapsed=1831s log_stale=39s
[2026-09-15 18:11:39] run01 : poll - elapsed=1861s log_stale=69s
[2026-09-15 18:12:09] run01 : poll - elapsed=1891s log_stale=99s
[2026-09-15 18:12:39] run01 : poll - elapsed=1921s log_stale=129s
[2026-09-15 18:13:09] run01 : poll - elapsed=1951s log_stale=159s
[2026-09-15 18:13:39] run01 : poll - elapsed=1981s log_stale=189s
[2026-09-15 18:14:09] run01 : poll - elapsed=2011s log_stale=5s
[2026-09-15 18:14:39] run01 : poll - elapsed=2041s log_stale=35s
[2026-09-15 18:15:09] run01 : poll - elapsed=2071s log_stale=65s
[2026-09-15 18:15:39] run01 : poll - elapsed=2101s log_stale=95s
[2026-09-15 18:16:09] run01 : poll - elapsed=2131s log_stale=125s
[2026-09-15 18:16:39] run01 : poll - elapsed=2161s log_stale=155s
[2026-09-15 18:17:09] run01 : poll - elapsed=2191s log_stale=185s
[2026-09-15 18:17:39] run01 : poll - elapsed=2221s log_stale=0s
[2026-09-15 18:18:09] run01 : poll - elapsed=2251s log_stale=30s
[2026-09-15 18:18:39] run01 : poll - elapsed=2281s log_stale=60s
[2026-09-15 18:19:09] run01 : poll - elapsed=2311s log_stale=90s
[2026-09-15 18:19:39] run01 : poll - elapsed=2341s log_stale=120s
[2026-09-15 18:20:09] run01 : poll - elapsed=2371s log_stale=150s
[2026-09-15 18:20:39] run01 : poll - elapsed=2401s log_stale=180s
[2026-09-15 18:21:09] run01 : poll - elapsed=2431s log_stale=210s
[2026-09-15 18:21:39] run01 : poll - elapsed=2461s log_stale=25s
[2026-09-15 18:22:09] run01 : poll - elapsed=2491s log_stale=55s
[2026-09-15 18:22:39] run01 : poll - elapsed=2521s log_stale=85s
[2026-09-15 18:23:09] run01 : poll - elapsed=2552s log_stale=115s
[2026-09-15 18:23:39] run01 : poll - elapsed=2582s log_stale=145s
[2026-09-15 18:24:09] run01 : poll - elapsed=2612s log_stale=175s
[2026-09-15 18:24:39] run01 : poll - elapsed=2642s log_stale=205s
[2026-09-15 18:25:09] run01 : poll - elapsed=2672s log_stale=27s
[2026-09-15 18:25:39] run01 : poll - elapsed=2702s log_stale=57s
[2026-09-15 18:26:09] run01 : poll - elapsed=2732s log_stale=88s
[2026-09-15 18:26:39] run01 : poll - elapsed=2762s log_stale=118s
[2026-09-15 18:27:09] run01 : poll - elapsed=2792s log_stale=148s
[2026-09-15 18:27:39] run01 : poll - elapsed=2822s log_stale=178s
[2026-09-15 18:28:09] run01 : poll - elapsed=2852s log_stale=208s
[2026-09-15 18:28:39] run01 : poll - elapsed=2882s log_stale=17s
[2026-09-15 18:29:09] run01 : poll - elapsed=2912s log_stale=47s
[2026-09-15 18:29:39] run01 : poll - elapsed=2942s log_stale=77s
[2026-09-15 18:30:09] run01 : poll - elapsed=2972s log_stale=107s
[2026-09-15 18:30:39] run01 : poll - elapsed=3002s log_stale=137s
[2026-09-15 18:31:09] run01 : poll - elapsed=3032s log_stale=167s
[2026-09-15 18:31:39] run01 : poll - elapsed=3062s log_stale=197s
[2026-09-15 18:32:09] run01 : poll - elapsed=3092s log_stale=16s
[2026-09-15 18:32:39] run01 : poll - elapsed=3122s log_stale=46s
[2026-09-15 18:33:09] run01 : poll - elapsed=3152s log_stale=76s
[2026-09-15 18:33:39] run01 : poll - elapsed=3182s log_stale=106s
[2026-09-15 18:34:09] run01 : poll - elapsed=3212s log_stale=136s
[2026-09-15 18:34:39] run01 : poll - elapsed=3242s log_stale=166s
[2026-09-15 18:35:09] run01 : poll - elapsed=3272s log_stale=196s
[2026-09-15 18:35:40] run01 : poll - elapsed=3302s log_stale=14s
[2026-09-15 18:36:10] run01 : poll - elapsed=3332s log_stale=44s
[2026-09-15 18:36:40] run01 : poll - elapsed=3362s log_stale=74s
[2026-09-15 18:37:10] run01 : poll - elapsed=3392s log_stale=104s
[2026-09-15 18:37:40] run01 : poll - elapsed=3422s log_stale=134s
[2026-09-15 18:38:10] run01 : poll - elapsed=3452s log_stale=164s
[2026-09-15 18:38:40] run01 : poll - elapsed=3482s log_stale=194s
[2026-09-15 18:39:10] run01 : poll - elapsed=3512s log_stale=5s
[2026-09-15 18:39:40] run01 : poll - elapsed=3542s log_stale=35s
[2026-09-15 18:40:10] run01 : poll - elapsed=3572s log_stale=65s
[2026-09-15 18:40:40] run01 : poll - elapsed=3602s log_stale=95s
[2026-09-15 18:41:10] run01 : poll - elapsed=3632s log_stale=125s
[2026-09-15 18:41:40] run01 : poll - elapsed=3662s log_stale=155s
[2026-09-15 18:42:10] run01 : poll - elapsed=3692s log_stale=185s
[2026-09-15 18:42:40] run01 : poll - elapsed=3722s log_stale=1s
[2026-09-15 18:43:10] run01 : poll - elapsed=3752s log_stale=31s
[2026-09-15 18:43:40] run01 : poll - elapsed=3782s log_stale=61s
[2026-09-15 18:44:10] run01 : poll - elapsed=3812s log_stale=91s
[2026-09-15 18:44:40] run01 : poll - elapsed=3842s log_stale=121s
[2026-09-15 18:45:10] run01 : poll - elapsed=3872s log_stale=151s
[2026-09-15 18:45:40] run01 : poll - elapsed=3902s log_stale=181s
[2026-09-15 18:46:10] run01 : poll - elapsed=3932s log_stale=211s
[2026-09-15 18:46:40] run01 : poll - elapsed=3962s log_stale=29s
[2026-09-15 18:47:10] run01 : poll - elapsed=3992s log_stale=59s
[2026-09-15 18:47:40] run01 : poll - elapsed=4022s log_stale=89s
[2026-09-15 18:48:10] run01 : poll - elapsed=4052s log_stale=119s
[2026-09-15 18:48:40] run01 : poll - elapsed=4082s log_stale=149s
[2026-09-15 18:49:10] run01 : poll - elapsed=4112s log_stale=179s
[2026-09-15 18:49:40] run01 : poll - elapsed=4143s log_stale=209s
[2026-09-15 18:50:10] run01 : poll - elapsed=4173s log_stale=27s
[2026-09-15 18:50:40] run01 : poll - elapsed=4203s log_stale=58s
[2026-09-15 18:51:10] run01 : poll - elapsed=4233s log_stale=88s
[2026-09-15 18:51:40] run01 : poll - elapsed=4263s log_stale=118s
[2026-09-15 18:52:10] run01 : poll - elapsed=4293s log_stale=148s
[2026-09-15 18:52:40] run01 : poll - elapsed=4323s log_stale=178s
[2026-09-15 18:53:10] run01 : poll - elapsed=4353s log_stale=208s
[2026-09-15 18:53:40] run01 : poll - elapsed=4383s log_stale=19s
[2026-09-15 18:54:10] run01 : poll - elapsed=4413s log_stale=49s
[2026-09-15 18:54:40] run01 : poll - elapsed=4443s log_stale=79s
[2026-09-15 18:55:10] run01 : poll - elapsed=4473s log_stale=109s
[2026-09-15 18:55:40] run01 : poll - elapsed=4503s log_stale=139s
[2026-09-15 18:56:10] run01 : poll - elapsed=4533s log_stale=169s
[2026-09-15 18:56:40] run01 : poll - elapsed=4563s log_stale=199s
[2026-09-15 18:57:10] run01 : poll - elapsed=4593s log_stale=12s
[2026-09-15 18:57:40] run01 : poll - elapsed=4623s log_stale=42s
[2026-09-15 18:58:10] run01 : poll - elapsed=4653s log_stale=72s
[2026-09-15 18:58:40] run01 : poll - elapsed=4683s log_stale=102s
[2026-09-15 18:59:10] run01 : poll - elapsed=4713s log_stale=132s
[2026-09-15 18:59:40] run01 : poll - elapsed=4743s log_stale=162s
[2026-09-15 19:00:10] run01 : poll - elapsed=4773s log_stale=192s
[2026-09-15 19:00:40] run01 : poll - elapsed=4803s log_stale=6s
[2026-09-15 19:01:10] run01 : poll - elapsed=4833s log_stale=36s
[2026-09-15 19:01:40] run01 : poll - elapsed=4863s log_stale=66s
[2026-09-15 19:02:10] run01 : poll - elapsed=4893s log_stale=96s
[2026-09-15 19:02:40] run01 : poll - elapsed=4923s log_stale=126s
[2026-09-15 19:03:11] run01 : poll - elapsed=4953s log_stale=156s
[2026-09-15 19:03:41] run01 : poll - elapsed=4983s log_stale=186s
[2026-09-15 19:04:11] run01 : poll - elapsed=5013s log_stale=9s
[2026-09-15 19:04:41] run01 : poll - elapsed=5043s log_stale=39s
[2026-09-15 19:05:11] run01 : poll - elapsed=5073s log_stale=69s
[2026-09-15 19:05:41] run01 : poll - elapsed=5103s log_stale=99s
[2026-09-15 19:06:11] run01 : poll - elapsed=5133s log_stale=129s
[2026-09-15 19:06:41] run01 : poll - elapsed=5163s log_stale=159s
[2026-09-15 19:07:11] run01 : poll - elapsed=5193s log_stale=189s
[2026-09-15 19:07:41] run01 : poll - elapsed=5223s log_stale=16s
[2026-09-15 19:08:11] run01 : poll - elapsed=5253s log_stale=46s
[2026-09-15 19:08:41] run01 : poll - elapsed=5283s log_stale=76s
[2026-09-15 19:09:11] run01 : poll - elapsed=5313s log_stale=106s
[2026-09-15 19:09:41] run01 : poll - elapsed=5343s log_stale=136s
[2026-09-15 19:10:11] run01 : poll - elapsed=5373s log_stale=166s
[2026-09-15 19:10:41] run01 : poll - elapsed=5403s log_stale=196s
[2026-09-15 19:11:11] run01 : poll - elapsed=5433s log_stale=10s
[2026-09-15 19:11:41] run01 : poll - elapsed=5463s log_stale=40s
[2026-09-15 19:12:11] run01 : poll - elapsed=5493s log_stale=70s
[2026-09-15 19:12:41] run01 : poll - elapsed=5523s log_stale=100s
[2026-09-15 19:13:11] run01 : poll - elapsed=5553s log_stale=130s
[2026-09-15 19:13:41] run01 : poll - elapsed=5583s log_stale=160s
[2026-09-15 19:14:11] run01 : poll - elapsed=5613s log_stale=190s
[2026-09-15 19:14:41] run01 : poll - elapsed=5643s log_stale=4s
[2026-09-15 19:15:11] run01 : poll - elapsed=5673s log_stale=34s
[2026-09-15 19:15:41] run01 : poll - elapsed=5704s log_stale=64s
[2026-09-15 19:16:11] run01 : poll - elapsed=5734s log_stale=94s
[2026-09-15 19:16:41] run01 : poll - elapsed=5764s log_stale=124s
[2026-09-15 19:17:11] run01 : poll - elapsed=5794s log_stale=154s
[2026-09-15 19:17:41] run01 : poll - elapsed=5824s log_stale=184s
[2026-09-15 19:18:11] run01 : poll - elapsed=5854s log_stale=5s
[2026-09-15 19:18:41] run01 : poll - elapsed=5884s log_stale=35s
[2026-09-15 19:19:11] run01 : poll - elapsed=5914s log_stale=65s
[2026-09-15 19:19:41] run01 : poll - elapsed=5944s log_stale=95s
[2026-09-15 19:20:11] run01 : poll - elapsed=5974s log_stale=125s
[2026-09-15 19:20:41] run01 : poll - elapsed=6004s log_stale=155s
[2026-09-15 19:21:11] run01 : poll - elapsed=6034s log_stale=185s
[2026-09-15 19:21:41] run01 : poll - elapsed=6064s log_stale=4s
[2026-09-15 19:22:11] run01 : poll - elapsed=6094s log_stale=34s
[2026-09-15 19:22:41] run01 : poll - elapsed=6124s log_stale=64s
[2026-09-15 19:23:11] run01 : poll - elapsed=6154s log_stale=94s
[2026-09-15 19:23:41] run01 : poll - elapsed=6184s log_stale=124s
[2026-09-15 19:24:11] run01 : poll - elapsed=6214s log_stale=154s
[2026-09-15 19:24:41] run01 : poll - elapsed=6244s log_stale=184s
[2026-09-15 19:25:11] run01 : poll - elapsed=6274s log_stale=214s
[2026-09-15 19:25:41] run01 : poll - elapsed=6304s log_stale=27s
[2026-09-15 19:26:11] run01 : poll - elapsed=6334s log_stale=57s
[2026-09-15 19:26:41] run01 : poll - elapsed=6364s log_stale=87s
[2026-09-15 19:27:11] run01 : poll - elapsed=6394s log_stale=117s
[2026-09-15 19:27:41] run01 : poll - elapsed=6424s log_stale=147s
[2026-09-15 19:28:11] run01 : poll - elapsed=6454s log_stale=177s
[2026-09-15 19:28:41] run01 : poll - elapsed=6484s log_stale=2s
[2026-09-15 19:29:12] run01 : poll - elapsed=6514s log_stale=33s
[2026-09-15 19:29:42] run01 : poll - elapsed=6544s log_stale=63s
[2026-09-15 19:30:12] run01 : poll - elapsed=6574s log_stale=93s
[2026-09-15 19:30:42] run01 : poll - elapsed=6604s log_stale=123s
[2026-09-15 19:31:12] run01 : poll - elapsed=6634s log_stale=153s
[2026-09-15 19:31:42] run01 : poll - elapsed=6664s log_stale=183s
[2026-09-15 19:32:12] run01 : poll - elapsed=6694s log_stale=8s
[2026-09-15 19:32:42] run01 : poll - elapsed=6724s log_stale=38s
[2026-09-15 19:33:12] run01 : poll - elapsed=6754s log_stale=68s
[2026-09-15 19:33:42] run01 : poll - elapsed=6784s log_stale=98s
[2026-09-15 19:34:12] run01 : poll - elapsed=6814s log_stale=128s
[2026-09-15 19:34:42] run01 : poll - elapsed=6844s log_stale=158s
[2026-09-15 19:35:12] run01 : poll - elapsed=6874s log_stale=188s
[2026-09-15 19:35:42] run01 : poll - elapsed=6904s log_stale=8s
[2026-09-15 19:36:12] run01 : poll - elapsed=6934s log_stale=38s
[2026-09-15 19:36:42] run01 : poll - elapsed=6964s log_stale=68s
[2026-09-15 19:37:12] run01 : poll - elapsed=6994s log_stale=98s
[2026-09-15 19:37:42] run01 : poll - elapsed=7024s log_stale=128s
[2026-09-15 19:38:12] run01 : poll - elapsed=7054s log_stale=158s
[2026-09-15 19:38:42] run01 : poll - elapsed=7084s log_stale=188s
[2026-09-15 19:39:12] run01 : poll - elapsed=7114s log_stale=12s
[2026-09-15 19:39:42] run01 : poll - elapsed=7144s log_stale=42s
[2026-09-15 19:40:12] run01 : poll - elapsed=7174s log_stale=72s
[2026-09-15 19:40:42] run01 : poll - elapsed=7204s log_stale=102s
[2026-09-15 19:41:12] run01 : poll - elapsed=7234s log_stale=132s
[2026-09-15 19:41:42] run01 : poll - elapsed=7264s log_stale=162s
[2026-09-15 19:42:12] run01 : poll - elapsed=7295s log_stale=192s
[2026-09-15 19:42:42] run01 : poll - elapsed=7325s log_stale=9s
[2026-09-15 19:43:12] run01 : poll - elapsed=7355s log_stale=39s
[2026-09-15 19:43:42] run01 : poll - elapsed=7385s log_stale=69s
[2026-09-15 19:44:12] run01 : poll - elapsed=7415s log_stale=99s
[2026-09-15 19:44:42] run01 : poll - elapsed=7445s log_stale=129s
[2026-09-15 19:45:12] run01 : poll - elapsed=7475s log_stale=159s
[2026-09-15 19:45:42] run01 : poll - elapsed=7505s log_stale=189s
[2026-09-15 19:46:12] run01 : poll - elapsed=7535s log_stale=5s
[2026-09-15 19:46:42] run01 : poll - elapsed=7565s log_stale=35s
[2026-09-15 19:47:12] run01 : poll - elapsed=7595s log_stale=65s
[2026-09-15 19:47:42] run01 : poll - elapsed=7625s log_stale=95s
[2026-09-15 19:48:12] run01 : poll - elapsed=7655s log_stale=125s
[2026-09-15 19:48:42] run01 : poll - elapsed=7685s log_stale=155s
[2026-09-15 19:49:12] run01 : poll - elapsed=7715s log_stale=185s
[2026-09-15 19:49:42] run01 : poll - elapsed=7745s log_stale=10s
[2026-09-15 19:50:12] run01 : poll - elapsed=7775s log_stale=40s
[2026-09-15 19:50:42] run01 : poll - elapsed=7805s log_stale=70s
[2026-09-15 19:51:12] run01 : poll - elapsed=7835s log_stale=100s
[2026-09-15 19:51:42] run01 : poll - elapsed=7865s log_stale=130s
[2026-09-15 19:52:12] run01 : poll - elapsed=7895s log_stale=160s
[2026-09-15 19:52:42] run01 : poll - elapsed=7925s log_stale=190s
[2026-09-15 19:53:12] run01 : poll - elapsed=7955s log_stale=14s
[2026-09-15 19:53:42] run01 : poll - elapsed=7985s log_stale=44s
[2026-09-15 19:54:12] run01 : poll - elapsed=8015s log_stale=74s
[2026-09-15 19:54:42] run01 : poll - elapsed=8045s log_stale=104s
[2026-09-15 19:55:13] run01 : poll - elapsed=8075s log_stale=134s
[2026-09-15 19:55:43] run01 : poll - elapsed=8105s log_stale=164s
[2026-09-15 19:56:13] run01 : poll - elapsed=8135s log_stale=194s
[2026-09-15 19:56:43] run01 : poll - elapsed=8165s log_stale=7s
[2026-09-15 19:57:13] run01 : poll - elapsed=8195s log_stale=37s
[2026-09-15 19:57:43] run01 : poll - elapsed=8225s log_stale=67s
[2026-09-15 19:58:13] run01 : poll - elapsed=8255s log_stale=97s
[2026-09-15 19:58:43] run01 : poll - elapsed=8285s log_stale=127s
[2026-09-15 19:59:13] run01 : poll - elapsed=8315s log_stale=157s
[2026-09-15 19:59:43] run01 : poll - elapsed=8345s log_stale=187s
[2026-09-15 20:00:13] run01 : poll - elapsed=8375s log_stale=2s
[2026-09-15 20:00:43] run01 : poll - elapsed=8405s log_stale=32s
[2026-09-15 20:01:13] run01 : poll - elapsed=8435s log_stale=62s
[2026-09-15 20:01:43] run01 : poll - elapsed=8465s log_stale=92s
[2026-09-15 20:02:13] run01 : poll - elapsed=8495s log_stale=122s
[2026-09-15 20:02:43] run01 : poll - elapsed=8525s log_stale=152s
[2026-09-15 20:03:13] run01 : poll - elapsed=8555s log_stale=182s
[2026-09-15 20:03:43] run01 : poll - elapsed=8585s log_stale=212s
[2026-09-15 20:04:13] run01 : poll - elapsed=8615s log_stale=26s
[2026-09-15 20:04:43] run01 : poll - elapsed=8645s log_stale=56s
[2026-09-15 20:05:13] run01 : poll - elapsed=8675s log_stale=86s
[2026-09-15 20:05:43] run01 : poll - elapsed=8705s log_stale=116s
[2026-09-15 20:06:13] run01 : poll - elapsed=8735s log_stale=146s
[2026-09-15 20:06:43] run01 : poll - elapsed=8765s log_stale=176s
[2026-09-15 20:07:13] run01 : poll - elapsed=8796s log_stale=206s
[2026-09-15 20:07:43] run01 : poll - elapsed=8826s log_stale=13s
[2026-09-15 20:08:13] run01 : poll - elapsed=8856s log_stale=43s
[2026-09-15 20:08:43] run01 : poll - elapsed=8886s log_stale=73s
[2026-09-15 20:09:13] run01 : poll - elapsed=8916s log_stale=103s
[2026-09-15 20:09:43] run01 : poll - elapsed=8946s log_stale=133s
[2026-09-15 20:10:13] run01 : poll - elapsed=8976s log_stale=163s
[2026-09-15 20:10:43] run01 : poll - elapsed=9006s log_stale=193s
[2026-09-15 20:11:13] run01 : poll - elapsed=9036s log_stale=7s
[2026-09-15 20:11:43] run01 : poll - elapsed=9066s log_stale=37s
[2026-09-15 20:12:13] run01 : poll - elapsed=9096s log_stale=67s
[2026-09-15 20:12:43] run01 : poll - elapsed=9126s log_stale=97s
[2026-09-15 20:13:13] run01 : poll - elapsed=9156s log_stale=127s
[2026-09-15 20:13:43] run01 : poll - elapsed=9186s log_stale=157s
[2026-09-15 20:14:13] run01 : poll - elapsed=9216s log_stale=187s
[2026-09-15 20:14:43] run01 : poll - elapsed=9246s log_stale=217s
[2026-09-15 20:15:13] run01 : poll - elapsed=9276s log_stale=26s
[2026-09-15 20:15:43] run01 : poll - elapsed=9306s log_stale=56s
[2026-09-15 20:16:13] run01 : poll - elapsed=9336s log_stale=86s
[2026-09-15 20:16:43] run01 : poll - elapsed=9366s log_stale=116s
[2026-09-15 20:17:13] run01 : poll - elapsed=9396s log_stale=146s
[2026-09-15 20:17:43] run01 : poll - elapsed=9426s log_stale=176s
[2026-09-15 20:18:13] run01 : poll - elapsed=9456s log_stale=206s
[2026-09-15 20:18:43] run01 : poll - elapsed=9486s log_stale=25s
[2026-09-15 20:19:13] run01 : poll - elapsed=9516s log_stale=55s
[2026-09-15 20:19:43] run01 : poll - elapsed=9546s log_stale=85s
[2026-09-15 20:20:13] run01 : poll - elapsed=9576s log_stale=115s
[2026-09-15 20:20:44] run01 : poll - elapsed=9606s log_stale=145s
[2026-09-15 20:21:14] run01 : poll - elapsed=9636s log_stale=175s
[2026-09-15 20:21:44] run01 : poll - elapsed=9666s log_stale=205s
[2026-09-15 20:22:14] run01 : poll - elapsed=9696s log_stale=22s
[2026-09-15 20:22:44] run01 : poll - elapsed=9726s log_stale=52s
[2026-09-15 20:23:14] run01 : poll - elapsed=9756s log_stale=82s
[2026-09-15 20:23:44] run01 : poll - elapsed=9786s log_stale=112s
[2026-09-15 20:24:14] run01 : poll - elapsed=9816s log_stale=142s
[2026-09-15 20:24:44] run01 : poll - elapsed=9846s log_stale=172s
[2026-09-15 20:25:14] run01 : poll - elapsed=9876s log_stale=202s
[2026-09-15 20:25:44] run01 : poll - elapsed=9906s log_stale=17s
[2026-09-15 20:26:14] run01 : poll - elapsed=9936s log_stale=47s
[2026-09-15 20:26:44] run01 : poll - elapsed=9966s log_stale=77s
[2026-09-15 20:27:14] run01 : poll - elapsed=9996s log_stale=107s
[2026-09-15 20:27:44] run01 : poll - elapsed=10026s log_stale=137s
[2026-09-15 20:28:14] run01 : poll - elapsed=10056s log_stale=168s
[2026-09-15 20:28:44] run01 : poll - elapsed=10086s log_stale=198s
[2026-09-15 20:29:14] run01 : poll - elapsed=10116s log_stale=6s
[2026-09-15 20:29:44] run01 : poll - elapsed=10146s log_stale=36s
[2026-09-15 20:30:14] run01 : poll - elapsed=10176s log_stale=66s
[2026-09-15 20:30:44] run01 : poll - elapsed=10206s log_stale=96s
[2026-09-15 20:31:14] run01 : poll - elapsed=10236s log_stale=126s
[2026-09-15 20:31:44] run01 : poll - elapsed=10266s log_stale=156s
[2026-09-15 20:32:14] run01 : poll - elapsed=10296s log_stale=186s
[2026-09-15 20:32:44] run01 : poll - elapsed=10327s log_stale=3s
[2026-09-15 20:33:14] run01 : poll - elapsed=10357s log_stale=33s
[2026-09-15 20:33:44] run01 : poll - elapsed=10387s log_stale=63s
[2026-09-15 20:34:14] run01 : poll - elapsed=10417s log_stale=93s
[2026-09-15 20:34:44] run01 : poll - elapsed=10447s log_stale=123s
[2026-09-15 20:35:14] run01 : poll - elapsed=10477s log_stale=153s
[2026-09-15 20:35:44] run01 : poll - elapsed=10507s log_stale=183s
[2026-09-15 20:36:14] run01 : poll - elapsed=10537s log_stale=213s
[2026-09-15 20:36:44] run01 : poll - elapsed=10567s log_stale=28s
[2026-09-15 20:37:14] run01 : poll - elapsed=10597s log_stale=58s
[2026-09-15 20:37:44] run01 : poll - elapsed=10627s log_stale=88s
[2026-09-15 20:38:14] run01 : poll - elapsed=10657s log_stale=118s
[2026-09-15 20:38:44] run01 : poll - elapsed=10687s log_stale=148s
[2026-09-15 20:39:14] run01 : poll - elapsed=10717s log_stale=178s
[2026-09-15 20:39:44] run01 : poll - elapsed=10747s log_stale=208s
[2026-09-15 20:40:14] run01 : poll - elapsed=10777s log_stale=24s
[2026-09-15 20:40:44] run01 : poll - elapsed=10807s log_stale=54s
[2026-09-15 20:41:14] run01 : poll - elapsed=10837s log_stale=84s
[2026-09-15 20:41:44] run01 : poll - elapsed=10867s log_stale=114s
[2026-09-15 20:42:14] run01 : poll - elapsed=10897s log_stale=144s
[2026-09-15 20:42:44] run01 : poll - elapsed=10927s log_stale=174s
[2026-09-15 20:43:14] run01 : poll - elapsed=10957s log_stale=204s
[2026-09-15 20:43:44] run01 : poll - elapsed=10987s log_stale=15s
[2026-09-15 20:44:14] run01 : poll - elapsed=11017s log_stale=45s
[2026-09-15 20:44:44] run01 : poll - elapsed=11047s log_stale=75s
[2026-09-15 20:45:14] run01 : poll - elapsed=11077s log_stale=105s
[2026-09-15 20:45:44] run01 : poll - elapsed=11107s log_stale=135s
[2026-09-15 20:46:15] run01 : poll - elapsed=11137s log_stale=165s
[2026-09-15 20:46:45] run01 : poll - elapsed=11167s log_stale=195s
[2026-09-15 20:47:15] run01 : poll - elapsed=11197s log_stale=16s
[2026-09-15 20:47:45] run01 : poll - elapsed=11227s log_stale=46s
[2026-09-15 20:48:15] run01 : poll - elapsed=11257s log_stale=76s
[2026-09-15 20:48:45] run01 : poll - elapsed=11287s log_stale=106s
[2026-09-15 20:49:15] run01 : poll - elapsed=11317s log_stale=136s
[2026-09-15 20:49:45] run01 : poll - elapsed=11347s log_stale=166s
[2026-09-15 20:50:15] run01 : poll - elapsed=11377s log_stale=196s
[2026-09-15 20:50:45] run01 : poll - elapsed=11407s log_stale=7s
[2026-09-15 20:51:15] run01 : poll - elapsed=11437s log_stale=37s
[2026-09-15 20:51:45] run01 : poll - elapsed=11467s log_stale=67s
[2026-09-15 20:52:15] run01 : poll - elapsed=11497s log_stale=97s
[2026-09-15 20:52:45] run01 : poll - elapsed=11527s log_stale=127s
[2026-09-15 20:53:15] run01 : poll - elapsed=11557s log_stale=157s
[2026-09-15 20:53:45] run01 : poll - elapsed=11587s log_stale=188s
[2026-09-15 20:54:15] run01 : poll - elapsed=11617s log_stale=4s
[2026-09-15 20:54:45] run01 : poll - elapsed=11647s log_stale=34s
[2026-09-15 20:55:15] run01 : poll - elapsed=11677s log_stale=64s
[2026-09-15 20:55:45] run01 : poll - elapsed=11707s log_stale=94s
[2026-09-15 20:56:15] run01 : poll - elapsed=11737s log_stale=124s
[2026-09-15 20:56:45] run01 : poll - elapsed=11767s log_stale=154s
[2026-09-15 20:57:15] run01 : poll - elapsed=11797s log_stale=184s
[2026-09-15 20:57:45] run01 : poll - elapsed=11827s log_stale=2s
[2026-09-15 20:58:15] run01 : poll - elapsed=11857s log_stale=32s
[2026-09-15 20:58:45] run01 : poll - elapsed=11888s log_stale=62s
[2026-09-15 20:59:15] run01 : poll - elapsed=11918s log_stale=92s
[2026-09-15 20:59:45] run01 : poll - elapsed=11948s log_stale=122s
[2026-09-15 21:00:15] run01 : poll - elapsed=11978s log_stale=152s
[2026-09-15 21:00:45] run01 : poll - elapsed=12008s log_stale=182s
[2026-09-15 21:01:15] run01 : poll - elapsed=12038s log_stale=212s
[2026-09-15 21:01:45] run01 : poll - elapsed=12068s log_stale=30s
[2026-09-15 21:02:15] run01 : poll - elapsed=12098s log_stale=60s
[2026-09-15 21:02:45] run01 : poll - elapsed=12128s log_stale=90s
[2026-09-15 21:03:15] run01 : poll - elapsed=12158s log_stale=120s
[2026-09-15 21:03:45] run01 : poll - elapsed=12188s log_stale=150s
[2026-09-15 21:04:15] run01 : poll - elapsed=12218s log_stale=180s
[2026-09-15 21:04:45] run01 : poll - elapsed=12248s log_stale=3s
[2026-09-15 21:05:15] run01 : poll - elapsed=12278s log_stale=33s
[2026-09-15 21:05:45] run01 : poll - elapsed=12308s log_stale=63s
[2026-09-15 21:06:15] run01 : poll - elapsed=12338s log_stale=93s
[2026-09-15 21:06:45] run01 : poll - elapsed=12368s log_stale=123s
[2026-09-15 21:07:15] run01 : poll - elapsed=12398s log_stale=153s
[2026-09-15 21:07:45] run01 : poll - elapsed=12428s log_stale=183s
[2026-09-15 21:08:15] run01 : poll - elapsed=12458s log_stale=2s
[2026-09-15 21:08:45] run01 : poll - elapsed=12488s log_stale=32s
[2026-09-15 21:09:15] run01 : poll - elapsed=12518s log_stale=62s
[2026-09-15 21:09:45] run01 : poll - elapsed=12548s log_stale=92s
[2026-09-15 21:10:15] run01 : poll - elapsed=12578s log_stale=122s
[2026-09-15 21:10:45] run01 : poll - elapsed=12608s log_stale=152s
[2026-09-15 21:11:15] run01 : poll - elapsed=12638s log_stale=182s
[2026-09-15 21:11:46] run01 : poll - elapsed=12668s log_stale=212s
[2026-09-15 21:12:16] run01 : poll - elapsed=12698s log_stale=27s
[2026-09-15 21:12:46] run01 : poll - elapsed=12728s log_stale=57s
[2026-09-15 21:13:16] run01 : poll - elapsed=12758s log_stale=87s
[2026-09-15 21:13:46] run01 : poll - elapsed=12788s log_stale=117s
[2026-09-15 21:14:16] run01 : poll - elapsed=12818s log_stale=147s
[2026-09-15 21:14:46] run01 : poll - elapsed=12848s log_stale=177s
[2026-09-15 21:15:16] run01 : poll - elapsed=12878s log_stale=207s
[2026-09-15 21:15:46] run01 : poll - elapsed=12908s log_stale=17s
[2026-09-15 21:16:16] run01 : poll - elapsed=12938s log_stale=47s
[2026-09-15 21:16:46] run01 : poll - elapsed=12968s log_stale=77s
[2026-09-15 21:17:16] run01 : poll - elapsed=12998s log_stale=107s
[2026-09-15 21:17:46] run01 : poll - elapsed=13028s log_stale=137s
[2026-09-15 21:18:16] run01 : poll - elapsed=13058s log_stale=167s
[2026-09-15 21:18:46] run01 : poll - elapsed=13088s log_stale=197s
[2026-09-15 21:19:16] run01 : poll - elapsed=13118s log_stale=20s
[2026-09-15 21:19:46] run01 : poll - elapsed=13148s log_stale=50s
[2026-09-15 21:20:16] run01 : poll - elapsed=13178s log_stale=80s
[2026-09-15 21:20:46] run01 : poll - elapsed=13208s log_stale=110s
[2026-09-15 21:21:16] run01 : poll - elapsed=13238s log_stale=140s
[2026-09-15 21:21:46] run01 : poll - elapsed=13268s log_stale=170s
[2026-09-15 21:22:16] run01 : poll - elapsed=13298s log_stale=200s
[2026-09-15 21:22:46] run01 : poll - elapsed=13328s log_stale=8s
[2026-09-15 21:23:16] run01 : poll - elapsed=13359s log_stale=38s
[2026-09-15 21:23:46] run01 : poll - elapsed=13389s log_stale=68s
[2026-09-15 21:24:16] run01 : poll - elapsed=13419s log_stale=98s
[2026-09-15 21:24:46] run01 : poll - elapsed=13449s log_stale=128s
[2026-09-15 21:25:16] run01 : poll - elapsed=13479s log_stale=158s
[2026-09-15 21:25:46] run01 : poll - elapsed=13509s log_stale=188s
[2026-09-15 21:26:16] run01 : poll - elapsed=13539s log_stale=218s
[2026-09-15 21:26:46] run01 : poll - elapsed=13569s log_stale=30s
[2026-09-15 21:27:16] run01 : poll - elapsed=13599s log_stale=60s
[2026-09-15 21:27:46] run01 : poll - elapsed=13629s log_stale=90s
[2026-09-15 21:28:16] run01 : poll - elapsed=13659s log_stale=120s
[2026-09-15 21:28:46] run01 : poll - elapsed=13689s log_stale=150s
[2026-09-15 21:29:16] run01 : poll - elapsed=13719s log_stale=180s
[2026-09-15 21:29:46] run01 : poll - elapsed=13749s log_stale=7s
[2026-09-15 21:30:16] run01 : poll - elapsed=13779s log_stale=37s
[2026-09-15 21:30:46] run01 : poll - elapsed=13809s log_stale=67s
[2026-09-15 21:31:16] run01 : poll - elapsed=13839s log_stale=98s
[2026-09-15 21:31:46] run01 : poll - elapsed=13869s log_stale=128s
[2026-09-15 21:32:16] run01 : poll - elapsed=13899s log_stale=158s
[2026-09-15 21:32:46] run01 : poll - elapsed=13929s log_stale=188s
[2026-09-15 21:33:16] run01 : poll - elapsed=13959s log_stale=218s
[2026-09-15 21:33:46] run01 : poll - elapsed=13989s log_stale=27s
[2026-09-15 21:34:16] run01 : poll - elapsed=14019s log_stale=57s
[2026-09-15 21:34:46] run01 : poll - elapsed=14049s log_stale=87s
[2026-09-15 21:35:16] run01 : poll - elapsed=14079s log_stale=117s
[2026-09-15 21:35:46] run01 : poll - elapsed=14109s log_stale=147s
[2026-09-15 21:36:17] run01 : poll - elapsed=14139s log_stale=177s
[2026-09-15 21:36:47] run01 : poll - elapsed=14169s log_stale=207s
[2026-09-15 21:37:17] run01 : poll - elapsed=14199s log_stale=21s
[2026-09-15 21:37:47] run01 : poll - elapsed=14229s log_stale=51s
[2026-09-15 21:38:17] run01 : poll - elapsed=14259s log_stale=81s
[2026-09-15 21:38:47] run01 : poll - elapsed=14289s log_stale=111s
[2026-09-15 21:39:17] run01 : poll - elapsed=14319s log_stale=141s
[2026-09-15 21:39:47] run01 : poll - elapsed=14349s log_stale=171s
[2026-09-15 21:40:17] run01 : poll - elapsed=14379s log_stale=201s
[2026-09-15 21:40:47] run01 : poll - elapsed=14409s log_stale=11s
[2026-09-15 21:41:17] run01 : poll - elapsed=14439s log_stale=41s
[2026-09-15 21:41:47] run01 : poll - elapsed=14469s log_stale=71s
[2026-09-15 21:42:17] run01 : poll - elapsed=14499s log_stale=102s
[2026-09-15 21:42:47] run01 : poll - elapsed=14529s log_stale=132s
[2026-09-15 21:43:17] run01 : poll - elapsed=14559s log_stale=162s
[2026-09-15 21:43:47] run01 : poll - elapsed=14589s log_stale=192s
[2026-09-15 21:44:17] run01 : poll - elapsed=14619s log_stale=4s
[2026-09-15 21:44:47] run01 : poll - elapsed=14649s log_stale=34s
[2026-09-15 21:45:17] run01 : poll - elapsed=14679s log_stale=64s
[2026-09-15 21:45:47] run01 : poll - elapsed=14709s log_stale=94s
[2026-09-15 21:46:17] run01 : poll - elapsed=14739s log_stale=124s
[2026-09-15 21:46:47] run01 : poll - elapsed=14769s log_stale=154s
[2026-09-15 21:47:17] run01 : poll - elapsed=14799s log_stale=184s
[2026-09-15 21:47:47] run01 : poll - elapsed=14829s log_stale=3s
[2026-09-15 21:48:17] run01 : poll - elapsed=14859s log_stale=33s
[2026-09-15 21:48:47] run01 : poll - elapsed=14889s log_stale=63s
[2026-09-15 21:49:17] run01 : poll - elapsed=14919s log_stale=93s
[2026-09-15 21:49:47] run01 : poll - elapsed=14950s log_stale=123s
[2026-09-15 21:50:17] run01 : poll - elapsed=14980s log_stale=153s
[2026-09-15 21:50:47] run01 : poll - elapsed=15010s log_stale=183s
[2026-09-15 21:51:17] run01 : poll - elapsed=15040s log_stale=213s
[2026-09-15 21:51:47] run01 : poll - elapsed=15070s log_stale=29s
[2026-09-15 21:52:17] run01 : poll - elapsed=15100s log_stale=59s
[2026-09-15 21:52:47] run01 : poll - elapsed=15130s log_stale=89s
[2026-09-15 21:53:17] run01 : poll - elapsed=15160s log_stale=119s
[2026-09-15 21:53:47] run01 : poll - elapsed=15190s log_stale=149s
[2026-09-15 21:54:17] run01 : poll - elapsed=15220s log_stale=179s
[2026-09-15 21:54:47] run01 : poll - elapsed=15250s log_stale=2s
[2026-09-15 21:55:17] run01 : poll - elapsed=15280s log_stale=32s
[2026-09-15 21:55:47] run01 : poll - elapsed=15310s log_stale=62s
[2026-09-15 21:56:17] run01 : poll - elapsed=15340s log_stale=92s
[2026-09-15 21:56:47] run01 : poll - elapsed=15370s log_stale=122s
[2026-09-15 21:57:17] run01 : poll - elapsed=15400s log_stale=152s
[2026-09-15 21:57:47] run01 : poll - elapsed=15430s log_stale=182s
[2026-09-15 21:58:17] run01 : poll - elapsed=15460s log_stale=212s
[2026-09-15 21:58:47] run01 : poll - elapsed=15490s log_stale=22s
[2026-09-15 21:59:17] run01 : poll - elapsed=15520s log_stale=52s
[2026-09-15 21:59:47] run01 : poll - elapsed=15550s log_stale=82s
[2026-09-15 22:00:17] run01 : poll - elapsed=15580s log_stale=112s
[2026-09-15 22:00:47] run01 : poll - elapsed=15610s log_stale=142s
[2026-09-15 22:01:17] run01 : poll - elapsed=15640s log_stale=172s
[2026-09-15 22:01:47] run01 : poll - elapsed=15670s log_stale=202s
[2026-09-15 22:02:17] run01 : poll - elapsed=15700s log_stale=20s
[2026-09-15 22:02:47] run01 : poll - elapsed=15730s log_stale=50s
[2026-09-15 22:03:17] run01 : poll - elapsed=15760s log_stale=80s
[2026-09-15 22:03:48] run01 : poll - elapsed=15790s log_stale=110s
[2026-09-15 22:04:18] run01 : poll - elapsed=15820s log_stale=140s
[2026-09-15 22:04:48] run01 : poll - elapsed=15850s log_stale=170s
[2026-09-15 22:05:18] run01 : poll - elapsed=15880s log_stale=200s
[2026-09-15 22:05:48] run01 : poll - elapsed=15910s log_stale=11s
[2026-09-15 22:06:18] run01 : poll - elapsed=15940s log_stale=41s
[2026-09-15 22:06:48] run01 : poll - elapsed=15970s log_stale=71s
[2026-09-15 22:07:18] run01 : poll - elapsed=16000s log_stale=101s
[2026-09-15 22:07:48] run01 : poll - elapsed=16030s log_stale=131s
[2026-09-15 22:08:18] run01 : poll - elapsed=16060s log_stale=161s
[2026-09-15 22:08:48] run01 : poll - elapsed=16090s log_stale=191s
[2026-09-15 22:09:18] run01 : poll - elapsed=16120s log_stale=11s
[2026-09-15 22:09:48] run01 : poll - elapsed=16150s log_stale=41s
[2026-09-15 22:10:18] run01 : poll - elapsed=16180s log_stale=71s
[2026-09-15 22:10:48] run01 : poll - elapsed=16210s log_stale=101s
[2026-09-15 22:11:18] run01 : poll - elapsed=16240s log_stale=131s
[2026-09-15 22:11:48] run01 : poll - elapsed=16270s log_stale=161s
[2026-09-15 22:12:18] run01 : poll - elapsed=16300s log_stale=191s
[2026-09-15 22:12:48] run01 : poll - elapsed=16330s log_stale=10s
[2026-09-15 22:13:18] run01 : poll - elapsed=16360s log_stale=40s
[2026-09-15 22:13:48] run01 : poll - elapsed=16390s log_stale=70s
[2026-09-15 22:14:18] run01 : poll - elapsed=16420s log_stale=100s
[2026-09-15 22:14:48] run01 : poll - elapsed=16450s log_stale=130s
[2026-09-15 22:15:18] run01 : poll - elapsed=16480s log_stale=160s
[2026-09-15 22:15:48] run01 : poll - elapsed=16510s log_stale=190s
[2026-09-15 22:16:18] run01 : poll - elapsed=16540s log_stale=6s
[2026-09-15 22:16:48] run01 : poll - elapsed=16571s log_stale=36s
[2026-09-15 22:17:18] run01 : poll - elapsed=16601s log_stale=66s
[2026-09-15 22:17:48] run01 : poll - elapsed=16631s log_stale=96s
[2026-09-15 22:18:18] run01 : poll - elapsed=16661s log_stale=126s
[2026-09-15 22:18:48] run01 : poll - elapsed=16691s log_stale=156s
[2026-09-15 22:19:18] run01 : poll - elapsed=16721s log_stale=186s
[2026-09-15 22:19:48] run01 : poll - elapsed=16751s log_stale=2s
[2026-09-15 22:20:18] run01 : poll - elapsed=16781s log_stale=32s
[2026-09-15 22:20:48] run01 : poll - elapsed=16811s log_stale=62s
[2026-09-15 22:21:18] run01 : poll - elapsed=16841s log_stale=92s
[2026-09-15 22:21:48] run01 : poll - elapsed=16871s log_stale=122s
[2026-09-15 22:22:18] run01 : poll - elapsed=16901s log_stale=152s
[2026-09-15 22:22:48] run01 : poll - elapsed=16931s log_stale=182s
[2026-09-15 22:23:18] run01 : poll - elapsed=16961s log_stale=212s
[2026-09-15 22:23:48] run01 : poll - elapsed=16991s log_stale=26s
[2026-09-15 22:24:18] run01 : poll - elapsed=17021s log_stale=56s
[2026-09-15 22:24:48] run01 : poll - elapsed=17051s log_stale=86s
[2026-09-15 22:25:18] run01 : poll - elapsed=17081s log_stale=116s
[2026-09-15 22:25:48] run01 : poll - elapsed=17111s log_stale=146s
[2026-09-15 22:26:18] run01 : poll - elapsed=17141s log_stale=176s
[2026-09-15 22:26:48] run01 : poll - elapsed=17171s log_stale=206s
[2026-09-15 22:27:18] run01 : poll - elapsed=17201s log_stale=22s
[2026-09-15 22:27:48] run01 : poll - elapsed=17231s log_stale=52s
[2026-09-15 22:28:18] run01 : poll - elapsed=17261s log_stale=82s
[2026-09-15 22:28:48] run01 : poll - elapsed=17291s log_stale=112s
[2026-09-15 22:29:18] run01 : poll - elapsed=17321s log_stale=142s
[2026-09-15 22:29:48] run01 : poll - elapsed=17351s log_stale=172s
[2026-09-15 22:30:19] run01 : poll - elapsed=17381s log_stale=202s
[2026-09-15 22:30:49] run01 : poll - elapsed=17411s log_stale=17s
[2026-09-15 22:31:19] run01 : poll - elapsed=17441s log_stale=47s
[2026-09-15 22:31:49] run01 : poll - elapsed=17471s log_stale=77s
[2026-09-15 22:32:19] run01 : poll - elapsed=17501s log_stale=107s
[2026-09-15 22:32:49] run01 : poll - elapsed=17531s log_stale=137s
[2026-09-15 22:33:19] run01 : poll - elapsed=17561s log_stale=168s
[2026-09-15 22:33:49] run01 : poll - elapsed=17591s log_stale=198s
[2026-09-15 22:34:19] run01 : poll - elapsed=17621s log_stale=14s
[2026-09-15 22:34:49] run01 : poll - elapsed=17651s log_stale=44s
[2026-09-15 22:35:19] run01 : poll - elapsed=17681s log_stale=74s
[2026-09-15 22:35:49] run01 : poll - elapsed=17711s log_stale=104s
[2026-09-15 22:36:19] run01 : poll - elapsed=17741s log_stale=134s
[2026-09-15 22:36:49] run01 : poll - elapsed=17771s log_stale=164s
[2026-09-15 22:37:19] run01 : poll - elapsed=17801s log_stale=194s
[2026-09-15 22:37:49] run01 : poll - elapsed=17831s log_stale=16s
[2026-09-15 22:38:19] run01 : poll - elapsed=17861s log_stale=46s
[2026-09-15 22:38:49] run01 : poll - elapsed=17891s log_stale=76s
[2026-09-15 22:39:19] run01 : poll - elapsed=17921s log_stale=106s
[2026-09-15 22:39:49] run01 : poll - elapsed=17951s log_stale=136s
[2026-09-15 22:40:19] run01 : poll - elapsed=17981s log_stale=166s
[2026-09-15 22:40:49] run01 : poll - elapsed=18011s log_stale=196s
[2026-09-15 22:41:19] run01 : poll - elapsed=18041s log_stale=13s
[2026-09-15 22:41:49] run01 : poll - elapsed=18071s log_stale=43s
[2026-09-15 22:42:19] run01 : poll - elapsed=18101s log_stale=73s
[2026-09-15 22:42:49] run01 : poll - elapsed=18131s log_stale=103s
[2026-09-15 22:43:19] run01 : poll - elapsed=18161s log_stale=133s
[2026-09-15 22:43:49] run01 : poll - elapsed=18192s log_stale=163s
[2026-09-15 22:44:19] run01 : poll - elapsed=18222s log_stale=193s
[2026-09-15 22:44:49] run01 : poll - elapsed=18252s log_stale=4s
[2026-09-15 22:45:19] run01 : poll - elapsed=18282s log_stale=34s
[2026-09-15 22:45:49] run01 : poll - elapsed=18312s log_stale=64s
[2026-09-15 22:46:19] run01 : poll - elapsed=18342s log_stale=94s
[2026-09-15 22:46:49] run01 : poll - elapsed=18372s log_stale=124s
[2026-09-15 22:47:19] run01 : poll - elapsed=18402s log_stale=154s
[2026-09-15 22:47:49] run01 : poll - elapsed=18432s log_stale=184s
[2026-09-15 22:48:19] run01 : poll - elapsed=18462s log_stale=214s
[2026-09-15 22:48:49] run01 : poll - elapsed=18492s log_stale=27s
[2026-09-15 22:49:19] run01 : poll - elapsed=18522s log_stale=57s
[2026-09-15 22:49:49] run01 : poll - elapsed=18552s log_stale=87s
[2026-09-15 22:50:19] run01 : poll - elapsed=18582s log_stale=117s
[2026-09-15 22:50:49] run01 : poll - elapsed=18612s log_stale=147s
[2026-09-15 22:51:19] run01 : poll - elapsed=18642s log_stale=177s
[2026-09-15 22:51:49] run01 : poll - elapsed=18672s log_stale=207s
[2026-09-15 22:52:19] run01 : poll - elapsed=18702s log_stale=15s
[2026-09-15 22:52:49] run01 : poll - elapsed=18732s log_stale=45s
[2026-09-15 22:53:19] run01 : poll - elapsed=18762s log_stale=75s
[2026-09-15 22:53:49] run01 : poll - elapsed=18792s log_stale=105s
[2026-09-15 22:54:19] run01 : poll - elapsed=18822s log_stale=135s
[2026-09-15 22:54:49] run01 : poll - elapsed=18852s log_stale=165s
[2026-09-15 22:55:19] run01 : poll - elapsed=18882s log_stale=195s
[2026-09-15 22:55:49] run01 : poll - elapsed=18912s log_stale=21s
[2026-09-15 22:56:19] run01 : poll - elapsed=18942s log_stale=51s
[2026-09-15 22:56:50] run01 : poll - elapsed=18972s log_stale=81s
[2026-09-15 22:57:20] run01 : poll - elapsed=19002s log_stale=111s
[2026-09-15 22:57:50] run01 : poll - elapsed=19032s log_stale=141s
[2026-09-15 22:58:20] run01 : poll - elapsed=19062s log_stale=171s
[2026-09-15 22:58:50] run01 : poll - elapsed=19092s log_stale=201s
[2026-09-15 22:59:20] run01 : poll - elapsed=19122s log_stale=20s
[2026-09-15 22:59:50] run01 : poll - elapsed=19152s log_stale=50s
[2026-09-15 23:00:20] run01 : poll - elapsed=19182s log_stale=80s
[2026-09-15 23:00:50] run01 : poll - elapsed=19212s log_stale=110s
[2026-09-15 23:01:20] run01 : poll - elapsed=19242s log_stale=140s
[2026-09-15 23:01:50] run01 : poll - elapsed=19272s log_stale=170s
[2026-09-15 23:02:20] run01 : poll - elapsed=19302s log_stale=200s
[2026-09-15 23:02:50] run01 : poll - elapsed=19332s log_stale=21s
[2026-09-15 23:03:20] run01 : poll - elapsed=19362s log_stale=51s
[2026-09-15 23:03:50] run01 : poll - elapsed=19392s log_stale=81s
[2026-09-15 23:04:20] run01 : poll - elapsed=19422s log_stale=111s
[2026-09-15 23:04:50] run01 : poll - elapsed=19452s log_stale=141s
[2026-09-15 23:05:20] run01 : poll - elapsed=19482s log_stale=171s
[2026-09-15 23:05:50] run01 : poll - elapsed=19512s log_stale=201s
[2026-09-15 23:06:20] run01 : poll - elapsed=19542s log_stale=15s
[2026-09-15 23:06:50] run01 : poll - elapsed=19572s log_stale=45s
[2026-09-15 23:07:20] run01 : poll - elapsed=19602s log_stale=75s
[2026-09-15 23:07:50] run01 : poll - elapsed=19632s log_stale=105s
[2026-09-15 23:08:20] run01 : poll - elapsed=19662s log_stale=135s
[2026-09-15 23:08:50] run01 : poll - elapsed=19692s log_stale=165s
[2026-09-15 23:09:20] run01 : poll - elapsed=19723s log_stale=195s
[2026-09-15 23:09:50] run01 : poll - elapsed=19753s log_stale=11s
[2026-09-15 23:10:20] run01 : poll - elapsed=19783s log_stale=41s
[2026-09-15 23:10:50] run01 : poll - elapsed=19813s log_stale=71s
[2026-09-15 23:11:20] run01 : poll - elapsed=19843s log_stale=101s
[2026-09-15 23:11:50] run01 : poll - elapsed=19873s log_stale=131s
[2026-09-15 23:12:20] run01 : poll - elapsed=19903s log_stale=161s
[2026-09-15 23:12:50] run01 : poll - elapsed=19933s log_stale=191s
[2026-09-15 23:13:20] run01 : poll - elapsed=19963s log_stale=2s
[2026-09-15 23:13:50] run01 : poll - elapsed=19993s log_stale=33s
[2026-09-15 23:14:20] run01 : poll - elapsed=20023s log_stale=63s
[2026-09-15 23:14:50] run01 : poll - elapsed=20053s log_stale=93s
[2026-09-15 23:15:20] run01 : poll - elapsed=20083s log_stale=123s
[2026-09-15 23:15:50] run01 : poll - elapsed=20113s log_stale=153s
[2026-09-15 23:16:20] run01 : poll - elapsed=20143s log_stale=183s
[2026-09-15 23:16:50] run01 : poll - elapsed=20173s log_stale=213s
[2026-09-15 23:17:20] run01 : poll - elapsed=20203s log_stale=23s
[2026-09-15 23:17:50] run01 : poll - elapsed=20233s log_stale=53s
[2026-09-15 23:18:20] run01 : poll - elapsed=20263s log_stale=83s
[2026-09-15 23:18:50] run01 : poll - elapsed=20293s log_stale=113s
[2026-09-15 23:19:20] run01 : poll - elapsed=20323s log_stale=143s
[2026-09-15 23:19:50] run01 : poll - elapsed=20353s log_stale=173s
[2026-09-15 23:20:20] run01 : poll - elapsed=20383s log_stale=203s
[2026-09-15 23:20:50] run01 : poll - elapsed=20413s log_stale=29s
[2026-09-15 23:21:20] run01 : poll - elapsed=20443s log_stale=59s
[2026-09-15 23:21:51] run01 : poll - elapsed=20473s log_stale=89s
[2026-09-15 23:22:21] run01 : poll - elapsed=20503s log_stale=119s
[2026-09-15 23:22:51] run01 : poll - elapsed=20533s log_stale=149s
[2026-09-15 23:23:21] run01 : poll - elapsed=20563s log_stale=179s
[2026-09-15 23:23:51] run01 : poll - elapsed=20593s log_stale=209s
[2026-09-15 23:24:21] run01 : poll - elapsed=20623s log_stale=17s
[2026-09-15 23:24:51] run01 : poll - elapsed=20653s log_stale=47s
[2026-09-15 23:25:21] run01 : poll - elapsed=20683s log_stale=77s
[2026-09-15 23:25:51] run01 : poll - elapsed=20713s log_stale=107s
[2026-09-15 23:26:21] run01 : poll - elapsed=20743s log_stale=137s
[2026-09-15 23:26:51] run01 : poll - elapsed=20773s log_stale=167s
[2026-09-15 23:27:21] run01 : poll - elapsed=20803s log_stale=198s
[2026-09-15 23:27:51] run01 : poll - elapsed=20833s log_stale=15s
[2026-09-15 23:28:21] run01 : poll - elapsed=20863s log_stale=45s
[2026-09-15 23:28:51] run01 : poll - elapsed=20893s log_stale=75s
[2026-09-15 23:29:21] run01 : poll - elapsed=20923s log_stale=105s
[2026-09-15 23:29:51] run01 : poll - elapsed=20953s log_stale=135s
[2026-09-15 23:30:21] run01 : poll - elapsed=20983s log_stale=165s
[2026-09-15 23:30:51] run01 : poll - elapsed=21013s log_stale=195s
[2026-09-15 23:31:21] run01 : poll - elapsed=21043s log_stale=11s
[2026-09-15 23:31:51] run01 : poll - elapsed=21073s log_stale=41s
[2026-09-15 23:32:21] run01 : poll - elapsed=21103s log_stale=71s
[2026-09-15 23:32:51] run01 : poll - elapsed=21133s log_stale=101s
[2026-09-15 23:33:21] run01 : poll - elapsed=21163s log_stale=131s
[2026-09-15 23:33:51] run01 : poll - elapsed=21193s log_stale=161s
[2026-09-15 23:34:21] run01 : poll - elapsed=21224s log_stale=191s
[2026-09-15 23:34:51] run01 : poll - elapsed=21254s log_stale=5s
[2026-09-15 23:35:21] run01 : poll - elapsed=21284s log_stale=35s
[2026-09-15 23:35:51] run01 : poll - elapsed=21314s log_stale=65s
[2026-09-15 23:36:21] run01 : poll - elapsed=21344s log_stale=95s
[2026-09-15 23:36:51] run01 : poll - elapsed=21374s log_stale=125s
[2026-09-15 23:37:21] run01 : poll - elapsed=21404s log_stale=155s
[2026-09-15 23:37:51] run01 : poll - elapsed=21434s log_stale=185s
[2026-09-15 23:38:21] run01 : poll - elapsed=21464s log_stale=4s
[2026-09-15 23:38:51] run01 : poll - elapsed=21494s log_stale=34s
[2026-09-15 23:39:21] run01 : poll - elapsed=21524s log_stale=64s
[2026-09-15 23:39:51] run01 : poll - elapsed=21554s log_stale=94s
[2026-09-15 23:40:21] run01 : poll - elapsed=21584s log_stale=124s
[2026-09-15 23:40:51] run01 : poll - elapsed=21614s log_stale=154s
[2026-09-15 23:41:21] run01 : poll - elapsed=21644s log_stale=184s
[2026-09-15 23:41:51] run01 : THANH CONG - D:\ResearchLab\02_Projects\02_Projects\JTST paper 4\code\results\Bai6_MOSFOA_Np20_Maxit100_run01_FINAL.mat da xuat hien.
[2026-09-15 23:41:51] === HOAN THANH TOAN BO CAMPAIGN BAI 6 (1 lan chay) ===
[2026-09-16 12:16:40] === watchdog_campaign_bai6 start: Nrun=20 Npop=20 Max_it=100 Num_work=8 ===
[2026-09-16 12:16:43] ----- Bat dau run01 (1/20) -----
[2026-09-16 12:16:46] run01 : launching MATLAB (attempt 1)
[2026-09-16 12:17:16] run01 : poll - elapsed=30s log_stale=5s
[2026-09-16 12:17:46] run01 : poll - elapsed=60s log_stale=35s
[2026-09-16 12:18:16] run01 : poll - elapsed=90s log_stale=18s
[2026-09-16 12:18:46] run01 : poll - elapsed=120s log_stale=48s
[2026-09-16 12:19:16] run01 : poll - elapsed=150s log_stale=78s
[2026-09-16 12:19:46] run01 : poll - elapsed=180s log_stale=108s
[2026-09-16 12:20:16] run01 : poll - elapsed=210s log_stale=138s
[2026-09-16 12:20:46] run01 : poll - elapsed=240s log_stale=168s
[2026-09-16 12:21:16] run01 : poll - elapsed=270s log_stale=198s
[2026-09-16 12:21:46] run01 : poll - elapsed=300s log_stale=18s
[2026-09-16 12:22:16] run01 : poll - elapsed=330s log_stale=48s
[2026-09-16 12:22:46] run01 : poll - elapsed=360s log_stale=78s
[2026-09-16 12:23:16] run01 : poll - elapsed=390s log_stale=108s
[2026-09-16 12:23:46] run01 : poll - elapsed=420s log_stale=138s
[2026-09-16 12:24:16] run01 : poll - elapsed=450s log_stale=168s
[2026-09-16 12:24:46] run01 : poll - elapsed=480s log_stale=198s
[2026-09-16 12:25:17] run01 : poll - elapsed=510s log_stale=15s
[2026-09-16 12:25:47] run01 : poll - elapsed=540s log_stale=45s
[2026-09-16 12:26:17] run01 : poll - elapsed=570s log_stale=75s
[2026-09-16 12:26:47] run01 : poll - elapsed=600s log_stale=105s
[2026-09-16 12:27:17] run01 : poll - elapsed=630s log_stale=135s
[2026-09-16 12:27:47] run01 : poll - elapsed=660s log_stale=165s
[2026-09-16 12:28:17] run01 : poll - elapsed=690s log_stale=195s
[2026-09-16 12:28:47] run01 : poll - elapsed=720s log_stale=11s
[2026-09-16 12:29:17] run01 : poll - elapsed=750s log_stale=41s
[2026-09-16 12:29:47] run01 : poll - elapsed=781s log_stale=71s
[2026-09-16 12:30:17] run01 : poll - elapsed=811s log_stale=101s
[2026-09-16 12:30:47] run01 : poll - elapsed=841s log_stale=131s
[2026-09-16 12:31:17] run01 : poll - elapsed=871s log_stale=161s
[2026-09-16 12:31:47] run01 : poll - elapsed=901s log_stale=191s
[2026-09-16 12:32:17] run01 : poll - elapsed=931s log_stale=10s
[2026-09-16 12:32:47] run01 : poll - elapsed=961s log_stale=40s
[2026-09-16 12:33:17] run01 : poll - elapsed=991s log_stale=70s
[2026-09-16 12:33:47] run01 : poll - elapsed=1021s log_stale=100s
[2026-09-16 12:34:17] run01 : poll - elapsed=1051s log_stale=130s
[2026-09-16 12:34:47] run01 : poll - elapsed=1081s log_stale=160s
[2026-09-16 12:35:17] run01 : poll - elapsed=1111s log_stale=190s
[2026-09-16 12:35:47] run01 : poll - elapsed=1141s log_stale=12s
[2026-09-16 12:36:17] run01 : poll - elapsed=1171s log_stale=42s
[2026-09-16 12:36:47] run01 : poll - elapsed=1201s log_stale=72s
[2026-09-16 12:37:17] run01 : poll - elapsed=1231s log_stale=102s
[2026-09-16 12:37:47] run01 : poll - elapsed=1261s log_stale=132s
[2026-09-16 12:38:17] run01 : poll - elapsed=1291s log_stale=162s
[2026-09-16 12:38:47] run01 : poll - elapsed=1321s log_stale=192s
[2026-09-16 12:39:17] run01 : poll - elapsed=1351s log_stale=1s
[2026-09-16 12:39:47] run01 : poll - elapsed=1381s log_stale=31s
[2026-09-16 12:40:17] run01 : poll - elapsed=1411s log_stale=61s
[2026-09-16 12:40:47] run01 : poll - elapsed=1441s log_stale=91s
[2026-09-16 12:41:17] run01 : poll - elapsed=1471s log_stale=121s
[2026-09-16 12:41:47] run01 : poll - elapsed=1501s log_stale=151s
[2026-09-16 12:42:17] run01 : poll - elapsed=1531s log_stale=181s
[2026-09-16 12:42:47] run01 : poll - elapsed=1561s log_stale=6s
[2026-09-16 12:43:17] run01 : poll - elapsed=1591s log_stale=36s
[2026-09-16 12:43:47] run01 : poll - elapsed=1621s log_stale=66s
[2026-09-16 12:44:17] run01 : poll - elapsed=1651s log_stale=96s
[2026-09-16 12:44:47] run01 : poll - elapsed=1681s log_stale=126s
[2026-09-16 12:45:17] run01 : poll - elapsed=1711s log_stale=156s
[2026-09-16 12:45:47] run01 : poll - elapsed=1741s log_stale=186s
[2026-09-16 12:46:17] run01 : poll - elapsed=1771s log_stale=4s
[2026-09-16 12:46:47] run01 : poll - elapsed=1801s log_stale=34s
[2026-09-16 12:47:17] run01 : poll - elapsed=1831s log_stale=64s
[2026-09-16 12:47:47] run01 : poll - elapsed=1861s log_stale=94s
[2026-09-16 12:48:17] run01 : poll - elapsed=1891s log_stale=124s
[2026-09-16 12:48:47] run01 : poll - elapsed=1921s log_stale=154s
[2026-09-16 12:49:17] run01 : poll - elapsed=1951s log_stale=184s
[2026-09-16 12:49:47] run01 : poll - elapsed=1981s log_stale=10s
[2026-09-16 12:50:17] run01 : poll - elapsed=2011s log_stale=40s
[2026-09-16 12:50:47] run01 : poll - elapsed=2041s log_stale=70s
[2026-09-16 12:51:17] run01 : poll - elapsed=2071s log_stale=100s
[2026-09-16 12:51:47] run01 : poll - elapsed=2101s log_stale=130s
[2026-09-16 12:52:17] run01 : poll - elapsed=2131s log_stale=160s
[2026-09-16 12:52:48] run01 : poll - elapsed=2161s log_stale=190s
[2026-09-16 12:53:18] run01 : poll - elapsed=2191s log_stale=3s
[2026-09-16 12:53:48] run01 : poll - elapsed=2221s log_stale=33s
[2026-09-16 12:54:18] run01 : poll - elapsed=2251s log_stale=63s
[2026-09-16 12:54:48] run01 : poll - elapsed=2281s log_stale=93s
[2026-09-16 12:55:18] run01 : poll - elapsed=2311s log_stale=123s
[2026-09-16 12:55:48] run01 : poll - elapsed=2341s log_stale=153s
[2026-09-16 12:56:18] run01 : poll - elapsed=2371s log_stale=183s
[2026-09-16 12:56:48] run01 : poll - elapsed=2401s log_stale=4s
[2026-09-16 12:57:18] run01 : poll - elapsed=2432s log_stale=34s
[2026-09-16 12:57:48] run01 : poll - elapsed=2462s log_stale=64s
[2026-09-16 12:58:18] run01 : poll - elapsed=2492s log_stale=94s
[2026-09-16 12:58:48] run01 : poll - elapsed=2522s log_stale=124s
[2026-09-16 12:59:18] run01 : poll - elapsed=2552s log_stale=154s
[2026-09-16 12:59:48] run01 : poll - elapsed=2582s log_stale=184s
[2026-09-16 13:00:18] run01 : poll - elapsed=2612s log_stale=214s
[2026-09-16 13:00:48] run01 : poll - elapsed=2642s log_stale=21s
[2026-09-16 13:01:18] run01 : poll - elapsed=2672s log_stale=51s
[2026-09-16 13:01:48] run01 : poll - elapsed=2702s log_stale=81s
[2026-09-16 13:02:18] run01 : poll - elapsed=2732s log_stale=111s
[2026-09-16 13:02:48] run01 : poll - elapsed=2762s log_stale=141s
[2026-09-16 13:03:18] run01 : poll - elapsed=2792s log_stale=171s
[2026-09-16 13:03:48] run01 : poll - elapsed=2822s log_stale=201s
[2026-09-16 13:04:18] run01 : poll - elapsed=2852s log_stale=26s
[2026-09-16 13:04:48] run01 : poll - elapsed=2882s log_stale=56s
[2026-09-16 13:05:18] run01 : poll - elapsed=2912s log_stale=86s
[2026-09-16 13:05:48] run01 : poll - elapsed=2942s log_stale=116s
[2026-09-16 13:06:18] run01 : poll - elapsed=2972s log_stale=146s
[2026-09-16 13:06:48] run01 : poll - elapsed=3002s log_stale=176s
[2026-09-16 13:07:18] run01 : poll - elapsed=3032s log_stale=206s
[2026-09-16 13:07:48] run01 : poll - elapsed=3062s log_stale=24s
[2026-09-16 13:08:18] run01 : poll - elapsed=3092s log_stale=54s
[2026-09-16 13:08:48] run01 : poll - elapsed=3122s log_stale=84s
[2026-09-16 13:09:18] run01 : poll - elapsed=3152s log_stale=114s
[2026-09-16 13:09:48] run01 : poll - elapsed=3182s log_stale=144s
[2026-09-16 13:10:18] run01 : poll - elapsed=3212s log_stale=174s
[2026-09-16 13:10:48] run01 : poll - elapsed=3242s log_stale=204s
[2026-09-16 13:11:18] run01 : poll - elapsed=3272s log_stale=14s
[2026-09-16 13:11:48] run01 : poll - elapsed=3302s log_stale=44s
[2026-09-16 13:12:18] run01 : poll - elapsed=3332s log_stale=74s
[2026-09-16 13:12:48] run01 : poll - elapsed=3362s log_stale=104s
[2026-09-16 13:13:18] run01 : poll - elapsed=3392s log_stale=134s
[2026-09-16 13:13:48] run01 : poll - elapsed=3422s log_stale=164s
[2026-09-16 13:14:18] run01 : poll - elapsed=3452s log_stale=194s
[2026-09-16 13:14:48] run01 : poll - elapsed=3482s log_stale=15s
[2026-09-16 13:15:18] run01 : poll - elapsed=3512s log_stale=45s
[2026-09-16 13:15:48] run01 : poll - elapsed=3542s log_stale=75s
[2026-09-16 13:16:18] run01 : poll - elapsed=3572s log_stale=105s
[2026-09-16 13:16:48] run01 : poll - elapsed=3602s log_stale=135s
[2026-09-16 13:17:18] run01 : poll - elapsed=3632s log_stale=165s
[2026-09-16 13:17:48] run01 : poll - elapsed=3662s log_stale=195s
[2026-09-16 13:18:18] run01 : poll - elapsed=3692s log_stale=16s
[2026-09-16 13:18:48] run01 : poll - elapsed=3722s log_stale=46s
[2026-09-16 13:19:18] run01 : poll - elapsed=3752s log_stale=76s
[2026-09-16 13:19:48] run01 : poll - elapsed=3782s log_stale=106s
[2026-09-16 13:20:19] run01 : poll - elapsed=3812s log_stale=136s
[2026-09-16 13:20:49] run01 : poll - elapsed=3842s log_stale=166s
[2026-09-16 13:21:19] run01 : poll - elapsed=3872s log_stale=196s
[2026-09-16 13:21:49] run01 : poll - elapsed=3902s log_stale=19s
[2026-09-16 13:22:19] run01 : poll - elapsed=3932s log_stale=49s
[2026-09-16 13:22:49] run01 : poll - elapsed=3962s log_stale=79s
[2026-09-16 13:23:19] run01 : poll - elapsed=3992s log_stale=109s
[2026-09-16 13:23:49] run01 : poll - elapsed=4023s log_stale=139s
[2026-09-16 13:24:19] run01 : poll - elapsed=4053s log_stale=169s
[2026-09-16 13:24:49] run01 : poll - elapsed=4083s log_stale=199s
[2026-09-16 13:25:19] run01 : poll - elapsed=4113s log_stale=21s
[2026-09-16 13:25:49] run01 : poll - elapsed=4143s log_stale=51s
[2026-09-16 13:26:19] run01 : poll - elapsed=4173s log_stale=81s
[2026-09-16 13:26:49] run01 : poll - elapsed=4203s log_stale=111s
[2026-09-16 13:27:19] run01 : poll - elapsed=4233s log_stale=141s
[2026-09-16 13:27:49] run01 : poll - elapsed=4263s log_stale=171s
[2026-09-16 13:28:19] run01 : poll - elapsed=4293s log_stale=201s
[2026-09-16 13:28:49] run01 : poll - elapsed=4323s log_stale=11s
[2026-09-16 13:29:19] run01 : poll - elapsed=4353s log_stale=41s
[2026-09-16 13:29:49] run01 : poll - elapsed=4383s log_stale=71s
[2026-09-16 13:30:19] run01 : poll - elapsed=4413s log_stale=101s
[2026-09-16 13:30:49] run01 : poll - elapsed=4443s log_stale=131s
[2026-09-16 13:31:19] run01 : poll - elapsed=4473s log_stale=161s
[2026-09-16 13:31:49] run01 : poll - elapsed=4503s log_stale=191s
[2026-09-16 13:32:19] run01 : poll - elapsed=4533s log_stale=14s
[2026-09-16 13:32:49] run01 : poll - elapsed=4563s log_stale=44s
[2026-09-16 13:33:19] run01 : poll - elapsed=4593s log_stale=74s
[2026-09-16 13:33:49] run01 : poll - elapsed=4623s log_stale=104s
[2026-09-16 13:34:19] run01 : poll - elapsed=4653s log_stale=134s
[2026-09-16 13:34:49] run01 : poll - elapsed=4683s log_stale=164s
[2026-09-16 13:35:19] run01 : poll - elapsed=4713s log_stale=194s
[2026-09-16 13:35:49] run01 : poll - elapsed=4743s log_stale=15s
[2026-09-16 13:36:19] run01 : poll - elapsed=4773s log_stale=45s
[2026-09-16 13:36:49] run01 : poll - elapsed=4803s log_stale=75s
[2026-09-16 13:37:19] run01 : poll - elapsed=4833s log_stale=105s
[2026-09-16 13:37:49] run01 : poll - elapsed=4863s log_stale=135s
[2026-09-16 13:38:19] run01 : poll - elapsed=4893s log_stale=165s
[2026-09-16 13:38:49] run01 : poll - elapsed=4923s log_stale=195s
[2026-09-16 13:39:19] run01 : poll - elapsed=4953s log_stale=16s
[2026-09-16 13:39:49] run01 : poll - elapsed=4983s log_stale=46s
[2026-09-16 13:40:19] run01 : poll - elapsed=5013s log_stale=76s
[2026-09-16 13:40:49] run01 : poll - elapsed=5043s log_stale=106s
[2026-09-16 13:41:19] run01 : poll - elapsed=5073s log_stale=136s
[2026-09-16 13:41:49] run01 : poll - elapsed=5103s log_stale=166s
[2026-09-16 13:42:19] run01 : poll - elapsed=5133s log_stale=196s
[2026-09-16 13:42:49] run01 : poll - elapsed=5163s log_stale=19s
[2026-09-16 13:43:19] run01 : poll - elapsed=5193s log_stale=49s
[2026-09-16 13:43:50] run01 : poll - elapsed=5223s log_stale=79s
[2026-09-16 13:44:20] run01 : poll - elapsed=5253s log_stale=109s
[2026-09-16 13:44:50] run01 : poll - elapsed=5283s log_stale=139s
[2026-09-16 13:45:20] run01 : poll - elapsed=5313s log_stale=169s
[2026-09-16 13:45:50] run01 : poll - elapsed=5343s log_stale=199s
[2026-09-16 13:46:20] run01 : poll - elapsed=5373s log_stale=22s
[2026-09-16 13:46:50] run01 : poll - elapsed=5403s log_stale=52s
[2026-09-16 13:47:20] run01 : poll - elapsed=5433s log_stale=82s
[2026-09-16 13:47:50] run01 : poll - elapsed=5464s log_stale=112s
[2026-09-16 13:48:20] run01 : poll - elapsed=5494s log_stale=142s
[2026-09-16 13:48:50] run01 : poll - elapsed=5524s log_stale=172s
[2026-09-16 13:49:20] run01 : poll - elapsed=5554s log_stale=202s
[2026-09-16 13:49:50] run01 : poll - elapsed=5584s log_stale=29s
[2026-09-16 13:50:20] run01 : poll - elapsed=5614s log_stale=59s
[2026-09-16 13:50:50] run01 : poll - elapsed=5644s log_stale=89s
[2026-09-16 13:51:20] run01 : poll - elapsed=5674s log_stale=119s
[2026-09-16 13:51:50] run01 : poll - elapsed=5704s log_stale=149s
[2026-09-16 13:52:20] run01 : poll - elapsed=5734s log_stale=179s
[2026-09-16 13:52:50] run01 : poll - elapsed=5764s log_stale=209s
[2026-09-16 13:53:20] run01 : poll - elapsed=5794s log_stale=26s
[2026-09-16 13:53:50] run01 : poll - elapsed=5824s log_stale=56s
[2026-09-16 13:54:20] run01 : poll - elapsed=5854s log_stale=86s
[2026-09-16 13:54:50] run01 : poll - elapsed=5884s log_stale=117s
[2026-09-16 13:55:20] run01 : poll - elapsed=5914s log_stale=147s
[2026-09-16 13:55:50] run01 : poll - elapsed=5944s log_stale=177s
[2026-09-16 13:56:20] run01 : poll - elapsed=5974s log_stale=207s
[2026-09-16 13:56:50] run01 : poll - elapsed=6004s log_stale=21s
[2026-09-16 13:57:20] run01 : poll - elapsed=6034s log_stale=51s
[2026-09-16 13:57:50] run01 : poll - elapsed=6064s log_stale=81s
[2026-09-16 13:58:20] run01 : poll - elapsed=6094s log_stale=111s
[2026-09-16 13:58:50] run01 : poll - elapsed=6124s log_stale=141s
[2026-09-16 13:59:20] run01 : poll - elapsed=6154s log_stale=171s
[2026-09-16 13:59:50] run01 : poll - elapsed=6184s log_stale=201s
[2026-09-16 14:00:20] run01 : poll - elapsed=6214s log_stale=24s
[2026-09-16 14:00:50] run01 : poll - elapsed=6244s log_stale=54s
[2026-09-16 14:01:20] run01 : poll - elapsed=6274s log_stale=84s
[2026-09-16 14:01:50] run01 : poll - elapsed=6304s log_stale=114s
[2026-09-16 14:02:20] run01 : poll - elapsed=6334s log_stale=144s
[2026-09-16 14:02:50] run01 : poll - elapsed=6364s log_stale=174s
[2026-09-16 14:03:20] run01 : poll - elapsed=6394s log_stale=204s
[2026-09-16 14:03:50] run01 : poll - elapsed=6424s log_stale=25s
[2026-09-16 14:04:20] run01 : poll - elapsed=6454s log_stale=56s
[2026-09-16 14:04:50] run01 : poll - elapsed=6484s log_stale=86s
[2026-09-16 14:05:20] run01 : poll - elapsed=6514s log_stale=116s
[2026-09-16 14:05:50] run01 : poll - elapsed=6544s log_stale=146s
[2026-09-16 14:06:20] run01 : poll - elapsed=6574s log_stale=176s
[2026-09-16 14:06:50] run01 : poll - elapsed=6604s log_stale=206s
[2026-09-16 14:07:20] run01 : poll - elapsed=6634s log_stale=17s
[2026-09-16 14:07:50] run01 : poll - elapsed=6664s log_stale=47s
[2026-09-16 14:08:21] run01 : poll - elapsed=6694s log_stale=77s
[2026-09-16 14:08:51] run01 : poll - elapsed=6724s log_stale=107s
[2026-09-16 14:09:21] run01 : poll - elapsed=6754s log_stale=137s
[2026-09-16 14:09:51] run01 : poll - elapsed=6784s log_stale=167s
[2026-09-16 14:10:21] run01 : poll - elapsed=6814s log_stale=197s
[2026-09-16 14:10:51] run01 : poll - elapsed=6844s log_stale=16s
[2026-09-16 14:11:21] run01 : poll - elapsed=6874s log_stale=46s
[2026-09-16 14:11:51] run01 : poll - elapsed=6904s log_stale=76s
[2026-09-16 14:12:21] run01 : poll - elapsed=6934s log_stale=106s
[2026-09-16 14:12:51] run01 : poll - elapsed=6965s log_stale=136s
[2026-09-16 14:13:21] run01 : poll - elapsed=6995s log_stale=166s
[2026-09-16 14:13:51] run01 : poll - elapsed=7025s log_stale=196s
[2026-09-16 14:14:21] run01 : poll - elapsed=7055s log_stale=13s
[2026-09-16 14:14:51] run01 : poll - elapsed=7085s log_stale=43s
[2026-09-16 14:15:21] run01 : poll - elapsed=7115s log_stale=73s
[2026-09-16 14:15:51] run01 : poll - elapsed=7145s log_stale=103s
[2026-09-16 14:16:21] run01 : poll - elapsed=7175s log_stale=133s
[2026-09-16 14:16:51] run01 : poll - elapsed=7205s log_stale=163s
[2026-09-16 14:17:21] run01 : poll - elapsed=7235s log_stale=193s
[2026-09-16 14:17:51] run01 : poll - elapsed=7265s log_stale=14s
[2026-09-16 14:18:21] run01 : poll - elapsed=7295s log_stale=44s
[2026-09-16 14:18:51] run01 : poll - elapsed=7325s log_stale=74s
[2026-09-16 14:19:21] run01 : poll - elapsed=7355s log_stale=104s
[2026-09-16 14:19:51] run01 : poll - elapsed=7385s log_stale=134s
[2026-09-16 14:20:21] run01 : poll - elapsed=7415s log_stale=164s
[2026-09-16 14:20:51] run01 : poll - elapsed=7445s log_stale=194s
[2026-09-16 14:21:21] run01 : poll - elapsed=7475s log_stale=15s
[2026-09-16 14:21:51] run01 : poll - elapsed=7505s log_stale=45s
[2026-09-16 14:22:21] run01 : poll - elapsed=7535s log_stale=75s
[2026-09-16 14:22:51] run01 : poll - elapsed=7565s log_stale=105s
[2026-09-16 14:23:21] run01 : poll - elapsed=7595s log_stale=135s
[2026-09-16 14:23:51] run01 : poll - elapsed=7625s log_stale=165s
[2026-09-16 14:24:21] run01 : poll - elapsed=7655s log_stale=195s
[2026-09-16 14:24:51] run01 : poll - elapsed=7685s log_stale=11s
[2026-09-16 14:25:21] run01 : poll - elapsed=7715s log_stale=41s
[2026-09-16 14:25:51] run01 : poll - elapsed=7745s log_stale=71s
[2026-09-16 14:26:21] run01 : poll - elapsed=7775s log_stale=101s
[2026-09-16 14:26:51] run01 : poll - elapsed=7805s log_stale=131s
[2026-09-16 14:27:21] run01 : poll - elapsed=7835s log_stale=161s
[2026-09-16 14:27:51] run01 : poll - elapsed=7865s log_stale=191s
[2026-09-16 14:28:21] run01 : poll - elapsed=7895s log_stale=7s
[2026-09-16 14:28:51] run01 : poll - elapsed=7925s log_stale=37s
[2026-09-16 14:29:21] run01 : poll - elapsed=7955s log_stale=67s
[2026-09-16 14:29:51] run01 : poll - elapsed=7985s log_stale=97s
[2026-09-16 14:30:21] run01 : poll - elapsed=8015s log_stale=127s
[2026-09-16 14:30:51] run01 : poll - elapsed=8045s log_stale=157s
[2026-09-16 14:31:21] run01 : poll - elapsed=8075s log_stale=187s
[2026-09-16 14:31:51] run01 : poll - elapsed=8105s log_stale=8s
[2026-09-16 14:32:21] run01 : poll - elapsed=8135s log_stale=38s
[2026-09-16 14:32:51] run01 : poll - elapsed=8165s log_stale=68s
[2026-09-16 14:33:21] run01 : poll - elapsed=8195s log_stale=98s
[2026-09-16 14:33:52] run01 : poll - elapsed=8225s log_stale=129s
[2026-09-16 14:34:22] run01 : poll - elapsed=8255s log_stale=159s
[2026-09-16 14:34:52] run01 : poll - elapsed=8285s log_stale=189s
[2026-09-16 14:35:22] run01 : poll - elapsed=8315s log_stale=9s
[2026-09-16 14:35:52] run01 : poll - elapsed=8345s log_stale=39s
[2026-09-16 14:36:22] run01 : poll - elapsed=8375s log_stale=69s
[2026-09-16 14:36:52] run01 : poll - elapsed=8405s log_stale=99s
[2026-09-16 14:37:22] run01 : poll - elapsed=8435s log_stale=129s
[2026-09-16 14:37:52] run01 : poll - elapsed=8465s log_stale=159s
[2026-09-16 14:38:22] run01 : poll - elapsed=8496s log_stale=189s
[2026-09-16 14:38:52] run01 : poll - elapsed=8526s log_stale=11s
[2026-09-16 14:39:22] run01 : poll - elapsed=8556s log_stale=41s
[2026-09-16 14:39:52] run01 : poll - elapsed=8586s log_stale=71s
[2026-09-16 14:40:22] run01 : poll - elapsed=8616s log_stale=101s
[2026-09-16 14:40:52] run01 : poll - elapsed=8646s log_stale=131s
[2026-09-16 14:41:22] run01 : poll - elapsed=8676s log_stale=161s
[2026-09-16 14:41:52] run01 : poll - elapsed=8706s log_stale=191s
[2026-09-16 14:42:22] run01 : poll - elapsed=8736s log_stale=9s
[2026-09-16 14:42:52] run01 : poll - elapsed=8766s log_stale=39s
[2026-09-16 14:43:22] run01 : poll - elapsed=8796s log_stale=69s
[2026-09-16 14:43:52] run01 : poll - elapsed=8826s log_stale=99s
[2026-09-16 14:44:22] run01 : poll - elapsed=8856s log_stale=129s
[2026-09-16 14:44:52] run01 : poll - elapsed=8886s log_stale=159s
[2026-09-16 14:45:22] run01 : poll - elapsed=8916s log_stale=189s
[2026-09-16 14:45:52] run01 : poll - elapsed=8946s log_stale=0s
[2026-09-16 14:46:22] run01 : poll - elapsed=8976s log_stale=30s
[2026-09-16 14:46:52] run01 : poll - elapsed=9006s log_stale=60s
[2026-09-16 14:47:22] run01 : poll - elapsed=9036s log_stale=90s
[2026-09-16 14:47:52] run01 : poll - elapsed=9066s log_stale=120s
[2026-09-16 14:48:22] run01 : poll - elapsed=9096s log_stale=150s
[2026-09-16 14:48:52] run01 : poll - elapsed=9126s log_stale=180s
[2026-09-16 14:49:22] run01 : poll - elapsed=9156s log_stale=210s
[2026-09-16 14:49:52] run01 : poll - elapsed=9186s log_stale=18s
[2026-09-16 14:50:22] run01 : poll - elapsed=9216s log_stale=49s
[2026-09-16 14:50:52] run01 : poll - elapsed=9246s log_stale=79s
[2026-09-16 14:51:22] run01 : poll - elapsed=9276s log_stale=109s
[2026-09-16 14:51:52] run01 : poll - elapsed=9306s log_stale=139s
[2026-09-16 14:52:22] run01 : poll - elapsed=9336s log_stale=169s
[2026-09-16 14:52:52] run01 : poll - elapsed=9366s log_stale=199s
[2026-09-16 14:53:22] run01 : poll - elapsed=9396s log_stale=23s
[2026-09-16 14:53:52] run01 : poll - elapsed=9426s log_stale=53s
[2026-09-16 14:54:22] run01 : poll - elapsed=9456s log_stale=83s
[2026-09-16 14:54:52] run01 : poll - elapsed=9486s log_stale=113s
[2026-09-16 14:55:22] run01 : poll - elapsed=9516s log_stale=143s
[2026-09-16 14:55:52] run01 : poll - elapsed=9546s log_stale=173s
[2026-09-16 14:56:22] run01 : poll - elapsed=9576s log_stale=203s
[2026-09-16 14:56:52] run01 : poll - elapsed=9606s log_stale=7s
[2026-09-16 14:57:22] run01 : poll - elapsed=9636s log_stale=37s
[2026-09-16 14:57:52] run01 : poll - elapsed=9666s log_stale=67s
[2026-09-16 14:58:23] run01 : poll - elapsed=9696s log_stale=97s
[2026-09-16 14:58:53] run01 : poll - elapsed=9726s log_stale=127s
[2026-09-16 14:59:23] run01 : poll - elapsed=9756s log_stale=157s
[2026-09-16 14:59:53] run01 : poll - elapsed=9786s log_stale=187s
[2026-09-16 15:00:23] run01 : poll - elapsed=9816s log_stale=10s
[2026-09-16 15:00:53] run01 : poll - elapsed=9846s log_stale=40s
[2026-09-16 15:01:23] run01 : poll - elapsed=9876s log_stale=70s
[2026-09-16 15:01:53] run01 : poll - elapsed=9906s log_stale=100s
[2026-09-16 15:02:23] run01 : poll - elapsed=9937s log_stale=130s
[2026-09-16 15:02:53] run01 : poll - elapsed=9967s log_stale=160s
[2026-09-16 15:03:23] run01 : poll - elapsed=9997s log_stale=190s
[2026-09-16 15:03:53] run01 : poll - elapsed=10027s log_stale=12s
[2026-09-16 15:04:23] run01 : poll - elapsed=10057s log_stale=42s
[2026-09-16 15:04:53] run01 : poll - elapsed=10087s log_stale=72s
[2026-09-16 15:05:23] run01 : poll - elapsed=10117s log_stale=102s
[2026-09-16 15:05:53] run01 : poll - elapsed=10147s log_stale=132s
[2026-09-16 15:06:23] run01 : poll - elapsed=10177s log_stale=163s
[2026-09-16 15:06:53] run01 : poll - elapsed=10207s log_stale=193s
[2026-09-16 15:07:23] run01 : poll - elapsed=10237s log_stale=14s
[2026-09-16 15:07:53] run01 : poll - elapsed=10267s log_stale=44s
[2026-09-16 15:08:23] run01 : poll - elapsed=10297s log_stale=74s
[2026-09-16 15:08:53] run01 : poll - elapsed=10327s log_stale=104s
[2026-09-16 15:09:23] run01 : poll - elapsed=10357s log_stale=134s
[2026-09-16 15:09:53] run01 : poll - elapsed=10387s log_stale=164s
[2026-09-16 15:10:23] run01 : poll - elapsed=10417s log_stale=194s
[2026-09-16 15:10:53] run01 : poll - elapsed=10447s log_stale=14s
[2026-09-16 15:11:23] run01 : poll - elapsed=10477s log_stale=44s
[2026-09-16 15:11:53] run01 : poll - elapsed=10507s log_stale=74s
[2026-09-16 15:12:23] run01 : poll - elapsed=10537s log_stale=104s
[2026-09-16 15:12:53] run01 : poll - elapsed=10567s log_stale=134s
[2026-09-16 15:13:23] run01 : poll - elapsed=10597s log_stale=164s
[2026-09-16 15:13:53] run01 : poll - elapsed=10627s log_stale=194s
[2026-09-16 15:14:23] run01 : poll - elapsed=10657s log_stale=18s
[2026-09-16 15:14:53] run01 : poll - elapsed=10687s log_stale=48s
[2026-09-16 15:15:23] run01 : poll - elapsed=10717s log_stale=78s
[2026-09-16 15:15:53] run01 : poll - elapsed=10747s log_stale=108s
[2026-09-16 15:16:23] run01 : poll - elapsed=10777s log_stale=138s
[2026-09-16 15:16:53] run01 : poll - elapsed=10807s log_stale=168s
[2026-09-16 15:17:23] run01 : poll - elapsed=10837s log_stale=198s
[2026-09-16 15:17:53] run01 : poll - elapsed=10867s log_stale=7s
[2026-09-16 15:18:23] run01 : poll - elapsed=10897s log_stale=37s
[2026-09-16 15:18:53] run01 : poll - elapsed=10927s log_stale=67s
[2026-09-16 15:19:23] run01 : poll - elapsed=10957s log_stale=97s
[2026-09-16 15:19:53] run01 : poll - elapsed=10987s log_stale=127s
[2026-09-16 15:20:23] run01 : poll - elapsed=11017s log_stale=157s
[2026-09-16 15:20:53] run01 : poll - elapsed=11047s log_stale=187s
[2026-09-16 15:21:23] run01 : poll - elapsed=11077s log_stale=9s
[2026-09-16 15:21:53] run01 : poll - elapsed=11107s log_stale=39s
[2026-09-16 15:22:23] run01 : poll - elapsed=11137s log_stale=69s
[2026-09-16 15:22:54] run01 : poll - elapsed=11167s log_stale=99s
[2026-09-16 15:23:24] run01 : poll - elapsed=11197s log_stale=129s
[2026-09-16 15:23:54] run01 : poll - elapsed=11227s log_stale=159s
[2026-09-16 15:24:24] run01 : poll - elapsed=11257s log_stale=189s
[2026-09-16 15:24:54] run01 : poll - elapsed=11287s log_stale=219s
[2026-09-16 15:25:24] run01 : poll - elapsed=11317s log_stale=24s
[2026-09-16 15:25:54] run01 : poll - elapsed=11347s log_stale=54s
[2026-09-16 15:26:24] run01 : poll - elapsed=11377s log_stale=84s
[2026-09-16 15:26:54] run01 : poll - elapsed=11408s log_stale=114s
[2026-09-16 15:27:24] run01 : poll - elapsed=11438s log_stale=144s
[2026-09-16 15:27:54] run01 : poll - elapsed=11468s log_stale=174s
[2026-09-16 15:28:24] run01 : poll - elapsed=11498s log_stale=204s
[2026-09-16 15:28:54] run01 : poll - elapsed=11528s log_stale=20s
[2026-09-16 15:29:24] run01 : poll - elapsed=11558s log_stale=50s
[2026-09-16 15:29:54] run01 : poll - elapsed=11588s log_stale=80s
[2026-09-16 15:30:24] run01 : poll - elapsed=11618s log_stale=110s
[2026-09-16 15:30:54] run01 : poll - elapsed=11648s log_stale=140s
[2026-09-16 15:31:24] run01 : poll - elapsed=11678s log_stale=170s
[2026-09-16 15:31:54] run01 : poll - elapsed=11708s log_stale=200s
[2026-09-16 15:32:24] run01 : poll - elapsed=11738s log_stale=18s
[2026-09-16 15:32:54] run01 : poll - elapsed=11768s log_stale=48s
[2026-09-16 15:33:24] run01 : poll - elapsed=11798s log_stale=78s
[2026-09-16 15:33:54] run01 : poll - elapsed=11828s log_stale=108s
[2026-09-16 15:34:24] run01 : poll - elapsed=11858s log_stale=138s
[2026-09-16 15:34:54] run01 : poll - elapsed=11888s log_stale=168s
[2026-09-16 15:35:24] run01 : poll - elapsed=11918s log_stale=199s
[2026-09-16 15:35:54] run01 : poll - elapsed=11948s log_stale=4s
[2026-09-16 15:36:24] run01 : poll - elapsed=11978s log_stale=34s
[2026-09-16 15:36:54] run01 : poll - elapsed=12008s log_stale=64s
[2026-09-16 15:37:24] run01 : poll - elapsed=12038s log_stale=94s
[2026-09-16 15:37:54] run01 : poll - elapsed=12068s log_stale=124s
[2026-09-16 15:38:24] run01 : poll - elapsed=12098s log_stale=154s
[2026-09-16 15:38:54] run01 : poll - elapsed=12128s log_stale=184s
[2026-09-16 15:39:24] run01 : poll - elapsed=12158s log_stale=2s
[2026-09-16 15:39:54] run01 : poll - elapsed=12188s log_stale=32s
[2026-09-16 15:40:24] run01 : poll - elapsed=12218s log_stale=62s
[2026-09-16 15:40:54] run01 : poll - elapsed=12248s log_stale=92s
[2026-09-16 15:41:24] run01 : poll - elapsed=12278s log_stale=122s
[2026-09-16 15:41:54] run01 : poll - elapsed=12308s log_stale=152s
[2026-09-16 15:42:24] run01 : poll - elapsed=12338s log_stale=182s
[2026-09-16 15:42:54] run01 : poll - elapsed=12368s log_stale=1s
[2026-09-16 15:43:24] run01 : poll - elapsed=12398s log_stale=31s
[2026-09-16 15:43:54] run01 : poll - elapsed=12428s log_stale=61s
[2026-09-16 15:44:24] run01 : poll - elapsed=12458s log_stale=91s
[2026-09-16 15:44:54] run01 : poll - elapsed=12488s log_stale=121s
[2026-09-16 15:45:24] run01 : poll - elapsed=12518s log_stale=151s
[2026-09-16 15:45:54] run01 : poll - elapsed=12548s log_stale=181s
[2026-09-16 15:46:24] run01 : poll - elapsed=12578s log_stale=0s
[2026-09-16 15:46:54] run01 : poll - elapsed=12608s log_stale=30s
[2026-09-16 15:47:24] run01 : poll - elapsed=12638s log_stale=60s
[2026-09-16 15:47:54] run01 : poll - elapsed=12668s log_stale=90s
[2026-09-16 15:48:24] run01 : poll - elapsed=12698s log_stale=120s
[2026-09-16 15:48:55] run01 : poll - elapsed=12728s log_stale=150s
[2026-09-16 15:49:25] run01 : poll - elapsed=12758s log_stale=180s
[2026-09-16 15:49:55] run01 : poll - elapsed=12788s log_stale=210s
[2026-09-16 15:50:25] run01 : poll - elapsed=12818s log_stale=21s
[2026-09-16 15:50:55] run01 : poll - elapsed=12848s log_stale=51s
[2026-09-16 15:51:25] run01 : poll - elapsed=12878s log_stale=81s
[2026-09-16 15:51:55] run01 : poll - elapsed=12908s log_stale=111s
[2026-09-16 15:52:25] run01 : poll - elapsed=12939s log_stale=141s
[2026-09-16 15:52:55] run01 : poll - elapsed=12969s log_stale=171s
[2026-09-16 15:53:25] run01 : poll - elapsed=12999s log_stale=201s
[2026-09-16 15:53:55] run01 : poll - elapsed=13029s log_stale=17s
[2026-09-16 15:54:25] run01 : poll - elapsed=13059s log_stale=47s
[2026-09-16 15:54:55] run01 : poll - elapsed=13089s log_stale=77s
[2026-09-16 15:55:25] run01 : poll - elapsed=13119s log_stale=107s
[2026-09-16 15:55:55] run01 : poll - elapsed=13149s log_stale=137s
[2026-09-16 15:56:25] run01 : poll - elapsed=13179s log_stale=167s
[2026-09-16 15:56:55] run01 : poll - elapsed=13209s log_stale=197s
[2026-09-16 15:57:25] run01 : poll - elapsed=13239s log_stale=18s
[2026-09-16 15:57:55] run01 : poll - elapsed=13269s log_stale=48s
[2026-09-16 15:58:25] run01 : poll - elapsed=13299s log_stale=78s
[2026-09-16 15:58:55] run01 : poll - elapsed=13329s log_stale=108s
[2026-09-16 15:59:25] run01 : poll - elapsed=13359s log_stale=138s
[2026-09-16 15:59:55] run01 : poll - elapsed=13389s log_stale=168s
[2026-09-16 16:00:25] run01 : poll - elapsed=13419s log_stale=198s
[2026-09-16 16:00:55] run01 : poll - elapsed=13449s log_stale=7s
[2026-09-16 16:01:25] run01 : poll - elapsed=13479s log_stale=37s
[2026-09-16 16:01:55] run01 : poll - elapsed=13509s log_stale=67s
[2026-09-16 16:02:25] run01 : poll - elapsed=13539s log_stale=97s
[2026-09-16 16:02:55] run01 : poll - elapsed=13569s log_stale=127s
[2026-09-16 16:03:25] run01 : poll - elapsed=13599s log_stale=157s
[2026-09-16 16:03:55] run01 : poll - elapsed=13629s log_stale=187s
[2026-09-16 16:04:25] run01 : poll - elapsed=13659s log_stale=7s
[2026-09-16 16:04:55] run01 : poll - elapsed=13689s log_stale=37s
[2026-09-16 16:05:25] run01 : poll - elapsed=13719s log_stale=67s
[2026-09-16 16:05:55] run01 : poll - elapsed=13749s log_stale=97s
[2026-09-16 16:06:25] run01 : poll - elapsed=13779s log_stale=127s
[2026-09-16 16:06:55] run01 : poll - elapsed=13809s log_stale=157s
[2026-09-16 16:07:25] run01 : poll - elapsed=13839s log_stale=187s
[2026-09-16 16:07:55] run01 : poll - elapsed=13869s log_stale=7s
[2026-09-16 16:08:25] run01 : poll - elapsed=13899s log_stale=37s
[2026-09-16 16:08:55] run01 : poll - elapsed=13929s log_stale=67s
[2026-09-16 16:09:25] run01 : poll - elapsed=13959s log_stale=97s
[2026-09-16 16:09:55] run01 : poll - elapsed=13989s log_stale=127s
[2026-09-16 16:10:25] run01 : poll - elapsed=14019s log_stale=157s
[2026-09-16 16:10:55] run01 : poll - elapsed=14049s log_stale=187s
[2026-09-16 16:11:25] run01 : poll - elapsed=14079s log_stale=6s
[2026-09-16 16:11:55] run01 : poll - elapsed=14109s log_stale=36s
[2026-09-16 16:12:25] run01 : poll - elapsed=14139s log_stale=66s
[2026-09-16 16:12:55] run01 : poll - elapsed=14169s log_stale=96s
[2026-09-16 16:13:26] run01 : poll - elapsed=14199s log_stale=126s
[2026-09-16 16:13:56] run01 : poll - elapsed=14229s log_stale=156s
[2026-09-16 16:14:26] run01 : poll - elapsed=14259s log_stale=186s
[2026-09-16 16:14:56] run01 : poll - elapsed=14289s log_stale=9s
[2026-09-16 16:15:26] run01 : poll - elapsed=14319s log_stale=39s
[2026-09-16 16:15:56] run01 : poll - elapsed=14349s log_stale=69s
[2026-09-16 16:16:26] run01 : poll - elapsed=14379s log_stale=99s
[2026-09-16 16:16:56] run01 : poll - elapsed=14409s log_stale=129s
[2026-09-16 16:17:26] run01 : poll - elapsed=14439s log_stale=159s
[2026-09-16 16:17:56] run01 : poll - elapsed=14470s log_stale=189s
[2026-09-16 16:18:26] run01 : poll - elapsed=14500s log_stale=11s
[2026-09-16 16:18:56] run01 : poll - elapsed=14530s log_stale=41s
[2026-09-16 16:19:26] run01 : poll - elapsed=14560s log_stale=71s
[2026-09-16 16:19:56] run01 : poll - elapsed=14590s log_stale=101s
[2026-09-16 16:20:26] run01 : poll - elapsed=14620s log_stale=131s
[2026-09-16 16:20:56] run01 : poll - elapsed=14650s log_stale=161s
[2026-09-16 16:21:26] run01 : poll - elapsed=14680s log_stale=191s
[2026-09-16 16:21:56] run01 : poll - elapsed=14710s log_stale=5s
[2026-09-16 16:22:26] run01 : poll - elapsed=14740s log_stale=36s
[2026-09-16 16:22:56] run01 : poll - elapsed=14770s log_stale=66s
[2026-09-16 16:23:26] run01 : poll - elapsed=14800s log_stale=96s
[2026-09-16 16:23:56] run01 : poll - elapsed=14830s log_stale=126s
[2026-09-16 16:24:26] run01 : poll - elapsed=14860s log_stale=156s
[2026-09-16 16:24:56] run01 : poll - elapsed=14890s log_stale=186s
[2026-09-16 16:25:26] run01 : poll - elapsed=14920s log_stale=8s
[2026-09-16 16:25:56] run01 : poll - elapsed=14950s log_stale=38s
[2026-09-16 16:26:26] run01 : poll - elapsed=14980s log_stale=68s
[2026-09-16 16:26:56] run01 : poll - elapsed=15010s log_stale=98s
[2026-09-16 16:27:26] run01 : poll - elapsed=15040s log_stale=128s
[2026-09-16 16:27:56] run01 : poll - elapsed=15070s log_stale=158s
[2026-09-16 16:28:26] run01 : poll - elapsed=15100s log_stale=188s
[2026-09-16 16:28:56] run01 : poll - elapsed=15130s log_stale=5s
[2026-09-16 16:29:26] run01 : poll - elapsed=15160s log_stale=35s
[2026-09-16 16:29:56] run01 : poll - elapsed=15190s log_stale=65s
[2026-09-16 16:30:26] run01 : poll - elapsed=15220s log_stale=95s
[2026-09-16 16:30:56] run01 : poll - elapsed=15250s log_stale=125s
[2026-09-16 16:31:26] run01 : poll - elapsed=15280s log_stale=155s
[2026-09-16 16:31:56] run01 : poll - elapsed=15310s log_stale=185s
[2026-09-16 16:32:26] run01 : poll - elapsed=15340s log_stale=10s
[2026-09-16 16:32:56] run01 : poll - elapsed=15370s log_stale=40s
[2026-09-16 16:33:26] run01 : poll - elapsed=15400s log_stale=70s
[2026-09-16 16:33:56] run01 : poll - elapsed=15430s log_stale=101s
[2026-09-16 16:34:26] run01 : poll - elapsed=15460s log_stale=131s
[2026-09-16 16:34:56] run01 : poll - elapsed=15490s log_stale=161s
[2026-09-16 16:35:26] run01 : poll - elapsed=15520s log_stale=191s
[2026-09-16 16:35:56] run01 : poll - elapsed=15550s log_stale=5s
[2026-09-16 16:36:26] run01 : poll - elapsed=15580s log_stale=35s
[2026-09-16 16:36:56] run01 : poll - elapsed=15610s log_stale=65s
[2026-09-16 16:37:27] run01 : poll - elapsed=15640s log_stale=95s
[2026-09-16 16:37:57] run01 : poll - elapsed=15670s log_stale=125s
[2026-09-16 16:38:27] run01 : poll - elapsed=15700s log_stale=155s
[2026-09-16 16:38:57] run01 : poll - elapsed=15730s log_stale=185s
[2026-09-16 16:39:27] run01 : poll - elapsed=15760s log_stale=7s
[2026-09-16 16:39:57] run01 : poll - elapsed=15790s log_stale=37s
[2026-09-16 16:40:27] run01 : poll - elapsed=15820s log_stale=67s
[2026-09-16 16:40:57] run01 : poll - elapsed=15850s log_stale=97s
[2026-09-16 16:41:27] run01 : poll - elapsed=15881s log_stale=127s
[2026-09-16 16:41:57] run01 : poll - elapsed=15911s log_stale=157s
[2026-09-16 16:42:27] run01 : poll - elapsed=15941s log_stale=187s
[2026-09-16 16:42:57] run01 : poll - elapsed=15971s log_stale=5s
[2026-09-16 16:43:27] run01 : poll - elapsed=16001s log_stale=35s
[2026-09-16 16:43:57] run01 : poll - elapsed=16031s log_stale=65s
[2026-09-16 16:44:27] run01 : poll - elapsed=16061s log_stale=95s
[2026-09-16 16:44:57] run01 : poll - elapsed=16091s log_stale=125s
[2026-09-16 16:45:27] run01 : poll - elapsed=16121s log_stale=155s
[2026-09-16 16:45:57] run01 : poll - elapsed=16151s log_stale=185s
[2026-09-16 16:46:27] run01 : poll - elapsed=16181s log_stale=3s
[2026-09-16 16:46:57] run01 : poll - elapsed=16211s log_stale=33s
[2026-09-16 16:47:27] run01 : poll - elapsed=16241s log_stale=63s
[2026-09-16 16:47:57] run01 : poll - elapsed=16271s log_stale=93s
[2026-09-16 16:48:27] run01 : poll - elapsed=16301s log_stale=123s
[2026-09-16 16:48:57] run01 : poll - elapsed=16331s log_stale=153s
[2026-09-16 16:49:27] run01 : poll - elapsed=16361s log_stale=183s
[2026-09-16 16:49:57] run01 : poll - elapsed=16391s log_stale=213s
[2026-09-16 16:50:27] run01 : poll - elapsed=16421s log_stale=24s
[2026-09-16 16:50:57] run01 : poll - elapsed=16451s log_stale=54s
[2026-09-16 16:51:27] run01 : poll - elapsed=16481s log_stale=84s
[2026-09-16 16:51:57] run01 : poll - elapsed=16511s log_stale=114s
[2026-09-16 16:52:27] run01 : poll - elapsed=16541s log_stale=144s
[2026-09-16 16:52:57] run01 : poll - elapsed=16571s log_stale=174s
[2026-09-16 16:53:27] run01 : poll - elapsed=16601s log_stale=204s
[2026-09-16 16:53:57] run01 : poll - elapsed=16631s log_stale=26s
[2026-09-16 16:54:27] run01 : poll - elapsed=16661s log_stale=56s
[2026-09-16 16:54:57] run01 : poll - elapsed=16691s log_stale=86s
[2026-09-16 16:55:27] run01 : poll - elapsed=16721s log_stale=116s
[2026-09-16 16:55:57] run01 : poll - elapsed=16751s log_stale=146s
[2026-09-16 16:56:27] run01 : poll - elapsed=16781s log_stale=176s
[2026-09-16 16:56:57] run01 : poll - elapsed=16811s log_stale=206s
[2026-09-16 16:57:27] run01 : poll - elapsed=16841s log_stale=23s
[2026-09-16 16:57:57] run01 : poll - elapsed=16871s log_stale=54s
[2026-09-16 16:58:27] run01 : poll - elapsed=16901s log_stale=84s
[2026-09-16 16:58:57] run01 : poll - elapsed=16931s log_stale=114s
[2026-09-16 16:59:27] run01 : poll - elapsed=16961s log_stale=144s
[2026-09-16 16:59:57] run01 : poll - elapsed=16991s log_stale=174s
[2026-09-16 17:00:27] run01 : poll - elapsed=17021s log_stale=204s
[2026-09-16 17:00:57] run01 : poll - elapsed=17051s log_stale=26s
[2026-09-16 17:01:27] run01 : poll - elapsed=17081s log_stale=56s
[2026-09-16 17:01:57] run01 : poll - elapsed=17111s log_stale=86s
[2026-09-16 17:02:28] run01 : poll - elapsed=17141s log_stale=116s
[2026-09-16 17:02:58] run01 : poll - elapsed=17171s log_stale=146s
[2026-09-16 17:03:28] run01 : poll - elapsed=17201s log_stale=176s
[2026-09-16 17:03:58] run01 : poll - elapsed=17231s log_stale=206s
[2026-09-16 17:04:28] run01 : poll - elapsed=17261s log_stale=26s
[2026-09-16 17:04:58] run01 : poll - elapsed=17291s log_stale=56s
[2026-09-16 17:05:28] run01 : poll - elapsed=17321s log_stale=86s
[2026-09-16 17:05:58] run01 : poll - elapsed=17351s log_stale=116s
[2026-09-16 17:06:28] run01 : poll - elapsed=17382s log_stale=146s
[2026-09-16 17:06:58] run01 : poll - elapsed=17412s log_stale=176s
[2026-09-16 17:07:28] run01 : poll - elapsed=17442s log_stale=1s
[2026-09-16 17:07:58] run01 : poll - elapsed=17472s log_stale=31s
[2026-09-16 17:08:28] run01 : poll - elapsed=17502s log_stale=61s
[2026-09-16 17:08:58] run01 : poll - elapsed=17532s log_stale=91s
[2026-09-16 17:09:28] run01 : poll - elapsed=17562s log_stale=121s
[2026-09-16 17:09:58] run01 : poll - elapsed=17592s log_stale=151s
[2026-09-16 17:10:28] run01 : poll - elapsed=17622s log_stale=181s
[2026-09-16 17:10:58] run01 : poll - elapsed=17652s log_stale=0s
[2026-09-16 17:11:28] run01 : poll - elapsed=17682s log_stale=30s
[2026-09-16 17:11:58] run01 : poll - elapsed=17712s log_stale=60s
[2026-09-16 17:12:28] run01 : poll - elapsed=17742s log_stale=90s
[2026-09-16 17:12:58] run01 : poll - elapsed=17772s log_stale=120s
[2026-09-16 17:13:28] run01 : poll - elapsed=17802s log_stale=150s
[2026-09-16 17:13:58] run01 : poll - elapsed=17832s log_stale=180s
[2026-09-16 17:14:28] run01 : poll - elapsed=17862s log_stale=210s
[2026-09-16 17:14:58] run01 : poll - elapsed=17892s log_stale=21s
[2026-09-16 17:15:28] run01 : poll - elapsed=17922s log_stale=51s
[2026-09-16 17:15:58] run01 : poll - elapsed=17952s log_stale=81s
[2026-09-16 17:16:28] run01 : poll - elapsed=17982s log_stale=111s
[2026-09-16 17:16:58] run01 : poll - elapsed=18012s log_stale=141s
[2026-09-16 17:17:28] run01 : poll - elapsed=18042s log_stale=172s
[2026-09-16 17:17:58] run01 : poll - elapsed=18072s log_stale=202s
[2026-09-16 17:18:28] run01 : poll - elapsed=18102s log_stale=18s
[2026-09-16 17:18:58] run01 : poll - elapsed=18132s log_stale=48s
[2026-09-16 17:19:28] run01 : poll - elapsed=18162s log_stale=78s
[2026-09-16 17:19:58] run01 : poll - elapsed=18192s log_stale=108s
[2026-09-16 17:20:28] run01 : poll - elapsed=18222s log_stale=138s
[2026-09-16 17:20:58] run01 : poll - elapsed=18252s log_stale=168s
[2026-09-16 17:21:28] run01 : poll - elapsed=18282s log_stale=198s
[2026-09-16 17:21:58] run01 : poll - elapsed=18312s log_stale=17s
[2026-09-16 17:22:28] run01 : poll - elapsed=18342s log_stale=47s
[2026-09-16 17:22:58] run01 : poll - elapsed=18372s log_stale=77s
[2026-09-16 17:23:28] run01 : poll - elapsed=18402s log_stale=107s
[2026-09-16 17:23:58] run01 : poll - elapsed=18432s log_stale=137s
[2026-09-16 17:24:28] run01 : poll - elapsed=18462s log_stale=167s
[2026-09-16 17:24:58] run01 : poll - elapsed=18492s log_stale=197s
[2026-09-16 17:25:28] run01 : poll - elapsed=18522s log_stale=13s
[2026-09-16 17:25:58] run01 : poll - elapsed=18552s log_stale=43s
[2026-09-16 17:26:28] run01 : poll - elapsed=18582s log_stale=73s
[2026-09-16 17:26:58] run01 : poll - elapsed=18612s log_stale=103s
[2026-09-16 17:27:29] run01 : poll - elapsed=18642s log_stale=133s
[2026-09-16 17:27:59] run01 : poll - elapsed=18672s log_stale=163s
[2026-09-16 17:28:29] run01 : poll - elapsed=18702s log_stale=193s
[2026-09-16 17:28:59] run01 : poll - elapsed=18732s log_stale=15s
[2026-09-16 17:29:29] run01 : poll - elapsed=18762s log_stale=45s
[2026-09-16 17:29:59] run01 : poll - elapsed=18792s log_stale=75s
[2026-09-16 17:30:29] run01 : poll - elapsed=18822s log_stale=105s
[2026-09-16 17:30:59] run01 : poll - elapsed=18852s log_stale=135s
[2026-09-16 17:31:29] run01 : poll - elapsed=18883s log_stale=165s
[2026-09-16 17:31:59] run01 : poll - elapsed=18913s log_stale=195s
[2026-09-16 17:32:29] run01 : poll - elapsed=18943s log_stale=10s
[2026-09-16 17:32:59] run01 : poll - elapsed=18973s log_stale=40s
[2026-09-16 17:33:29] run01 : poll - elapsed=19003s log_stale=70s
[2026-09-16 17:33:59] run01 : poll - elapsed=19033s log_stale=100s
[2026-09-16 17:34:29] run01 : poll - elapsed=19063s log_stale=130s
[2026-09-16 17:34:59] run01 : poll - elapsed=19093s log_stale=160s
[2026-09-16 17:35:29] run01 : poll - elapsed=19123s log_stale=190s
[2026-09-16 17:35:59] run01 : poll - elapsed=19153s log_stale=11s
[2026-09-16 17:36:29] run01 : poll - elapsed=19183s log_stale=41s
[2026-09-16 17:36:59] run01 : poll - elapsed=19213s log_stale=71s
[2026-09-16 17:37:29] run01 : poll - elapsed=19243s log_stale=101s
[2026-09-16 17:37:59] run01 : poll - elapsed=19273s log_stale=131s
[2026-09-16 17:38:29] run01 : poll - elapsed=19303s log_stale=161s
[2026-09-16 17:38:59] run01 : poll - elapsed=19333s log_stale=191s
[2026-09-16 17:39:29] run01 : poll - elapsed=19363s log_stale=7s
[2026-09-16 17:39:59] run01 : poll - elapsed=19393s log_stale=37s
[2026-09-16 17:40:29] run01 : poll - elapsed=19423s log_stale=67s
[2026-09-16 17:40:59] run01 : poll - elapsed=19453s log_stale=97s
[2026-09-16 17:41:29] run01 : poll - elapsed=19483s log_stale=128s
[2026-09-16 17:41:59] run01 : poll - elapsed=19513s log_stale=158s
[2026-09-16 17:42:29] run01 : poll - elapsed=19543s log_stale=188s
[2026-09-16 17:42:59] run01 : poll - elapsed=19573s log_stale=3s
[2026-09-16 17:43:29] run01 : poll - elapsed=19603s log_stale=34s
[2026-09-16 17:43:59] run01 : poll - elapsed=19633s log_stale=64s
[2026-09-16 17:44:29] run01 : poll - elapsed=19663s log_stale=94s
[2026-09-16 17:44:59] run01 : poll - elapsed=19693s log_stale=124s
[2026-09-16 17:45:29] run01 : poll - elapsed=19723s log_stale=154s
[2026-09-16 17:45:59] run01 : poll - elapsed=19753s log_stale=184s
[2026-09-16 17:46:29] run01 : poll - elapsed=19783s log_stale=7s
[2026-09-16 17:46:59] run01 : poll - elapsed=19813s log_stale=37s
[2026-09-16 17:47:29] run01 : poll - elapsed=19843s log_stale=67s
[2026-09-16 17:47:59] run01 : poll - elapsed=19873s log_stale=97s
[2026-09-16 17:48:29] run01 : poll - elapsed=19903s log_stale=127s
[2026-09-16 17:48:59] run01 : poll - elapsed=19933s log_stale=157s
[2026-09-16 17:49:29] run01 : poll - elapsed=19963s log_stale=187s
[2026-09-16 17:49:59] run01 : poll - elapsed=19993s log_stale=9s
[2026-09-16 17:50:29] run01 : poll - elapsed=20023s log_stale=39s
[2026-09-16 17:50:59] run01 : poll - elapsed=20053s log_stale=69s
[2026-09-16 17:51:29] run01 : poll - elapsed=20083s log_stale=99s
[2026-09-16 17:51:59] run01 : poll - elapsed=20113s log_stale=129s
[2026-09-16 17:52:29] run01 : poll - elapsed=20143s log_stale=159s
[2026-09-16 17:52:59] run01 : poll - elapsed=20173s log_stale=189s
[2026-09-16 17:53:30] run01 : poll - elapsed=20203s log_stale=5s
[2026-09-16 17:54:00] run01 : poll - elapsed=20233s log_stale=35s
[2026-09-16 17:54:30] run01 : poll - elapsed=20263s log_stale=65s
[2026-09-16 17:55:00] run01 : poll - elapsed=20293s log_stale=95s
[2026-09-16 17:55:30] run01 : poll - elapsed=20323s log_stale=125s
[2026-09-16 17:56:00] run01 : poll - elapsed=20353s log_stale=155s
[2026-09-16 17:56:30] run01 : poll - elapsed=20383s log_stale=185s
[2026-09-16 17:57:00] run01 : poll - elapsed=20413s log_stale=8s
[2026-09-16 17:57:30] run01 : poll - elapsed=20444s log_stale=38s
[2026-09-16 17:58:00] run01 : poll - elapsed=20474s log_stale=68s
[2026-09-16 17:58:30] run01 : poll - elapsed=20504s log_stale=98s
[2026-09-16 17:59:00] run01 : poll - elapsed=20534s log_stale=128s
[2026-09-16 17:59:30] run01 : poll - elapsed=20564s log_stale=158s
[2026-09-16 18:00:00] run01 : poll - elapsed=20594s log_stale=188s
[2026-09-16 18:00:30] run01 : poll - elapsed=20624s log_stale=10s
[2026-09-16 18:01:00] run01 : poll - elapsed=20654s log_stale=40s
[2026-09-16 18:01:30] run01 : poll - elapsed=20684s log_stale=70s
[2026-09-16 18:02:00] run01 : poll - elapsed=20714s log_stale=100s
[2026-09-16 18:02:30] run01 : poll - elapsed=20744s log_stale=130s
[2026-09-16 18:03:00] run01 : poll - elapsed=20774s log_stale=160s
[2026-09-16 18:03:30] run01 : poll - elapsed=20804s log_stale=190s
[2026-09-16 18:04:00] run01 : poll - elapsed=20834s log_stale=13s
[2026-09-16 18:04:30] run01 : poll - elapsed=20864s log_stale=43s
[2026-09-16 18:05:00] run01 : poll - elapsed=20894s log_stale=73s
[2026-09-16 18:05:30] run01 : poll - elapsed=20924s log_stale=103s
[2026-09-16 18:06:00] run01 : poll - elapsed=20954s log_stale=133s
[2026-09-16 18:06:30] run01 : poll - elapsed=20984s log_stale=163s
[2026-09-16 18:07:00] run01 : poll - elapsed=21014s log_stale=193s
[2026-09-16 18:07:30] run01 : poll - elapsed=21044s log_stale=223s
[2026-09-16 18:08:00] run01 : poll - elapsed=21074s log_stale=21s
[2026-09-16 18:08:30] run01 : poll - elapsed=21104s log_stale=51s
[2026-09-16 18:09:00] run01 : poll - elapsed=21134s log_stale=82s
[2026-09-16 18:09:30] run01 : poll - elapsed=21164s log_stale=112s
[2026-09-16 18:10:00] run01 : poll - elapsed=21194s log_stale=142s
[2026-09-16 18:10:30] run01 : poll - elapsed=21224s log_stale=172s
[2026-09-16 18:11:00] run01 : poll - elapsed=21254s log_stale=202s
[2026-09-16 18:11:30] run01 : poll - elapsed=21284s log_stale=24s
[2026-09-16 18:12:00] run01 : poll - elapsed=21314s log_stale=54s
[2026-09-16 18:12:30] run01 : poll - elapsed=21344s log_stale=84s
[2026-09-16 18:13:00] run01 : poll - elapsed=21374s log_stale=114s
[2026-09-16 18:13:30] run01 : poll - elapsed=21404s log_stale=144s
[2026-09-16 18:14:00] run01 : poll - elapsed=21434s log_stale=174s
[2026-09-16 18:14:30] run01 : poll - elapsed=21464s log_stale=204s
[2026-09-16 18:15:00] run01 : THANH CONG - D:\ResearchLab\02_Projects\02_Projects\JTST paper 4\code\results\Bai6_MOSFOA_Np20_Maxit100_run01_FINAL.mat da xuat hien.
[2026-09-16 18:15:00] ----- Bat dau run02 (2/20) -----
[2026-09-16 18:15:04] run02 : launching MATLAB (attempt 1)
[2026-09-16 18:15:34] run02 : poll - elapsed=30s log_stale=5s
[2026-09-16 18:16:04] run02 : poll - elapsed=60s log_stale=35s
[2026-09-16 18:16:34] run02 : poll - elapsed=90s log_stale=23s
[2026-09-16 18:17:04] run02 : poll - elapsed=120s log_stale=53s
[2026-09-16 18:17:34] run02 : poll - elapsed=150s log_stale=83s
[2026-09-16 18:18:04] run02 : poll - elapsed=180s log_stale=113s
[2026-09-16 18:18:34] run02 : poll - elapsed=210s log_stale=143s
[2026-09-16 18:19:04] run02 : poll - elapsed=240s log_stale=173s
[2026-09-16 18:19:34] run02 : poll - elapsed=270s log_stale=203s
[2026-09-16 18:20:04] run02 : poll - elapsed=300s log_stale=22s
[2026-09-16 18:20:34] run02 : poll - elapsed=330s log_stale=52s
[2026-09-16 18:21:04] run02 : poll - elapsed=360s log_stale=82s
[2026-09-16 18:21:34] run02 : poll - elapsed=390s log_stale=112s
[2026-09-16 18:22:04] run02 : poll - elapsed=420s log_stale=142s
[2026-09-16 18:22:34] run02 : poll - elapsed=450s log_stale=172s
[2026-09-16 18:23:04] run02 : poll - elapsed=480s log_stale=202s
[2026-09-16 18:23:34] run02 : poll - elapsed=510s log_stale=15s
[2026-09-16 18:24:04] run02 : poll - elapsed=540s log_stale=45s
[2026-09-16 18:24:34] run02 : poll - elapsed=570s log_stale=75s
[2026-09-16 18:25:04] run02 : poll - elapsed=600s log_stale=105s
[2026-09-16 18:25:34] run02 : poll - elapsed=630s log_stale=135s
[2026-09-16 18:26:04] run02 : poll - elapsed=660s log_stale=165s
[2026-09-16 18:26:34] run02 : poll - elapsed=690s log_stale=195s
[2026-09-16 18:27:04] run02 : poll - elapsed=721s log_stale=4s
[2026-09-16 18:27:34] run02 : poll - elapsed=751s log_stale=34s
[2026-09-16 18:28:04] run02 : poll - elapsed=781s log_stale=64s
[2026-09-16 18:28:34] run02 : poll - elapsed=811s log_stale=94s
[2026-09-16 18:29:04] run02 : poll - elapsed=841s log_stale=124s
[2026-09-16 18:29:34] run02 : poll - elapsed=871s log_stale=154s
[2026-09-16 18:30:04] run02 : poll - elapsed=901s log_stale=184s
[2026-09-16 18:30:34] run02 : poll - elapsed=931s log_stale=5s
[2026-09-16 18:31:04] run02 : poll - elapsed=961s log_stale=35s
[2026-09-16 18:31:34] run02 : poll - elapsed=991s log_stale=65s
[2026-09-16 18:32:04] run02 : poll - elapsed=1021s log_stale=95s
[2026-09-16 18:32:34] run02 : poll - elapsed=1051s log_stale=125s
[2026-09-16 18:33:04] run02 : poll - elapsed=1081s log_stale=155s
[2026-09-16 18:33:35] run02 : poll - elapsed=1111s log_stale=186s
[2026-09-16 18:34:05] run02 : poll - elapsed=1141s log_stale=10s
[2026-09-16 18:34:35] run02 : poll - elapsed=1171s log_stale=40s
[2026-09-16 18:35:05] run02 : poll - elapsed=1201s log_stale=70s
[2026-09-16 18:35:35] run02 : poll - elapsed=1231s log_stale=100s
[2026-09-16 18:36:05] run02 : poll - elapsed=1261s log_stale=130s
[2026-09-16 18:36:35] run02 : poll - elapsed=1291s log_stale=160s
[2026-09-16 18:37:05] run02 : poll - elapsed=1321s log_stale=190s
[2026-09-16 18:37:35] run02 : poll - elapsed=1351s log_stale=8s
[2026-09-16 18:38:05] run02 : poll - elapsed=1381s log_stale=38s
[2026-09-16 18:38:35] run02 : poll - elapsed=1411s log_stale=68s
[2026-09-16 18:39:05] run02 : poll - elapsed=1441s log_stale=98s
[2026-09-16 18:39:35] run02 : poll - elapsed=1471s log_stale=128s
[2026-09-16 18:40:05] run02 : poll - elapsed=1501s log_stale=158s
[2026-09-16 18:40:35] run02 : poll - elapsed=1531s log_stale=188s
[2026-09-16 18:41:05] run02 : poll - elapsed=1561s log_stale=12s
[2026-09-16 18:41:35] run02 : poll - elapsed=1591s log_stale=42s
[2026-09-16 18:42:05] run02 : poll - elapsed=1621s log_stale=72s
[2026-09-16 18:42:35] run02 : poll - elapsed=1651s log_stale=102s
[2026-09-16 18:43:05] run02 : poll - elapsed=1681s log_stale=132s
[2026-09-16 18:43:35] run02 : poll - elapsed=1711s log_stale=162s
[2026-09-16 18:44:05] run02 : poll - elapsed=1741s log_stale=192s
[2026-09-16 18:44:35] run02 : poll - elapsed=1771s log_stale=9s
