

 SAP2000 v24.0.0 Ultimate 64-bit (Analysis Build 9894/64)
 File: D:\1. NCS\So sanh MOPSO - NSGA2 - PESA2\Khung phang 10m\Span10m.LOG




 B E G I N   A N A L Y S I S                                2026/07/07  14:16:44


 RUNNING ANALYSIS WITHIN THE GUI PROCESS
 USING THE ADVANCED SOLVER (PROVIDES LIMITED INSTABILITY INFORMATION)

 NUMBER OF JOINTS                          =          12
    WITH RESTRAINTS                        =           2
 NUMBER OF FRAME/CABLE/TENDON ELEMENTS     =          12
 NUMBER OF LOAD PATTERNS                   =           1
 NUMBER OF ACCELERATION LOADS              =           9
 NUMBER OF LOAD CASES                      =           2
 NUMBER OF MASS SOURCES                    =           1

 UNITS (FORCE, LENGTH, TEMPERATURE, TIME)  = tonf, m, °C, sec
 GRAVITATIONAL ACCELERATION                =    9.806650

 ADDRESSABLE PHYSICAL MEMORY (RAM)         =      47.905 GB

 PARALLELIZATION OF ANALYSIS OPERATIONS:
  (Env. variable SAPFIRE_NUM_THREADS not set)
 NUMBER OF THREADS: STATE (AUTOMATIC)      =          14
 NUMBER OF THREADS: STIFFNESS (AUTOMATIC)  =          14
 NUMBER OF THREADS: EVENT (AUTOMATIC)      =          14
 NUMBER OF THREADS: MOVE (AUTOMATIC)       =          14
 NUMBER OF THREADS: RESPONSE (AUTOMATIC)   =          14
 NUMBER OF THREADS: SOLVE (AUTOMATIC)      =          14
 NUMBER OF THREADS: FORM (AUTOMATIC)       =          14


 E L E M E N T   F O R M A T I O N                                      14:16:44



 L I N E A R   E Q U A T I O N   S O L U T I O N                        14:16:44

 FORMING STIFFNESS AT ZERO (UNSTRESSED) INITIAL CONDITIONS

 TOTAL NUMBER OF EQUILIBRIUM EQUATIONS     =          60
 NUMBER OF NON-ZERO STIFFNESS TERMS        =         570

 ---------------------------------
 BASIC STABILITY CHECK FOR LINEAR LOAD CASES:
    NUMBER OF NEGATIVE STIFFNESS EIGENVALUES SHOULD BE ZERO FOR STABILITY.
    (NOTE: FURTHER CHECKS SHOULD BE CONSIDERED AS DEEMED NECESSARY,
     SUCH AS REVIEWING EIGEN MODES FOR MECHANISMS AND RIGID-BODY MOTION)

    NUMBER OF NEGATIVE EIGENVALUES         =           0,  OK.
 ---------------------------------


 L I N E A R   S T A T I C   C A S E S                                  14:16:44

 USING STIFFNESS AT ZERO (UNSTRESSED) INITIAL CONDITIONS

 TOTAL NUMBER OF CASES TO SOLVE            =           1
 NUMBER OF CASES TO SOLVE PER BLOCK        =           1

 LINEAR STATIC CASES TO BE SOLVED:

 CASE: DEAD


 E I G E N   M O D A L   A N A L Y S I S                                14:16:44

 CASE: MODAL

 USING STIFFNESS AT ZERO (UNSTRESSED) INITIAL CONDITIONS

 NUMBER OF STIFFNESS DEGREES OF FREEDOM    =          60
 NUMBER OF MASS DEGREES OF FREEDOM         =           0
 MAXIMUM NUMBER OF EIGEN MODES SOUGHT      =          12
 MINIMUM NUMBER OF EIGEN MODES SOUGHT      =           1
 NUMBER OF RESIDUAL-MASS MODES SOUGHT      =           0
 NUMBER OF SUBSPACE VECTORS USED           =     6697534
 RELATIVE CONVERGENCE TOLERANCE            =    1.00E-09

 FREQUENCY SHIFT  (CENTER) (CYC/TIME)      =     .000000
 FREQUENCY CUTOFF (RADIUS) (CYC/TIME)      =  -INFINITY-
 ALLOW AUTOMATIC FREQUENCY SHIFTING        =         YES

 * * * W A R N I N G * * *
 THE STRUCTURE HAS NO (UNRESTRAINED) MASS; NO EIGEN MODES CAN BE FOUND


 * * * W A R N I N G * * *
 NO EIGEN MODES WERE FOUND



 A N A L Y S I S   C O M P L E T E                          2026/07/07  14:16:44
