

 SAP2000 v24.0.0 Ultimate 64-bit (Analysis Build 9894/64)
 File: D:\ResearchLab\02_Projects\PSO-SFOA\05_FEA\MasterModel.LOG




 B E G I N   A N A L Y S I S                                2026/08/06  16:21:14


 RUNNING ANALYSIS WITHIN THE GUI PROCESS
 USING THE ADVANCED SOLVER (PROVIDES LIMITED INSTABILITY INFORMATION)

 NUMBER OF JOINTS                          =          12
    WITH RESTRAINTS                        =           2
 NUMBER OF FRAME/CABLE/TENDON ELEMENTS     =          12
 NUMBER OF LOAD PATTERNS                   =           2
 NUMBER OF ACCELERATION LOADS              =           9
 NUMBER OF LOAD CASES                      =           3
 NUMBER OF MASS SOURCES                    =           1

 UNITS (FORCE, LENGTH, TEMPERATURE, TIME)  = tonf, m, °C, sec
 GRAVITATIONAL ACCELERATION                =    9.806650

 ADDRESSABLE PHYSICAL MEMORY (RAM)         =      15.733 GB

 PARALLELIZATION OF ANALYSIS OPERATIONS:
  (Env. variable SAPFIRE_NUM_THREADS not set)
 NUMBER OF THREADS: STATE (AUTOMATIC)      =           4
 NUMBER OF THREADS: STIFFNESS (AUTOMATIC)  =           4
 NUMBER OF THREADS: EVENT (AUTOMATIC)      =           4
 NUMBER OF THREADS: MOVE (AUTOMATIC)       =           4
 NUMBER OF THREADS: RESPONSE (AUTOMATIC)   =           4
 NUMBER OF THREADS: SOLVE (AUTOMATIC)      =           4
 NUMBER OF THREADS: FORM (AUTOMATIC)       =           4


 E L E M E N T   F O R M A T I O N                                      16:21:14



 L I N E A R   E Q U A T I O N   S O L U T I O N                        16:21:14

 FORMING STIFFNESS AT ZERO (UNSTRESSED) INITIAL CONDITIONS

 TOTAL NUMBER OF EQUILIBRIUM EQUATIONS     =          60
 NUMBER OF NON-ZERO STIFFNESS TERMS        =         570

 ---------------------------------
 BASIC STABILITY CHECK FOR LINEAR LOAD CASES:
    NUMBER OF NEGATIVE STIFFNESS EIGENVALUES SHOULD BE ZERO FOR STABILITY.
    (NOTE: FURTHER CHECKS SHOULD BE CONSIDERED AS DEEMED NECESSARY,
     SUCH AS REVIEWING EIGEN MODES FOR MECHANISMS AND RIGID-BODY MOTION)

    NUMBER OF NEGATIVE EIGENVALUES         =           0,  OK.
 ---------------------------------


 L I N E A R   S T A T I C   C A S E S                                  16:21:14

 USING STIFFNESS AT ZERO (UNSTRESSED) INITIAL CONDITIONS

 TOTAL NUMBER OF CASES TO SOLVE            =           2
 NUMBER OF CASES TO SOLVE PER BLOCK        =           2

 LINEAR STATIC CASES TO BE SOLVED:

 CASE: TT
 CASE: HT


 E I G E N   M O D A L   A N A L Y S I S                                16:21:14

 CASE: MODAL

 USING STIFFNESS AT ZERO (UNSTRESSED) INITIAL CONDITIONS

 NUMBER OF STIFFNESS DEGREES OF FREEDOM    =          60
 NUMBER OF MASS DEGREES OF FREEDOM         =          30
 MAXIMUM NUMBER OF EIGEN MODES SOUGHT      =          12
 MINIMUM NUMBER OF EIGEN MODES SOUGHT      =           1
 NUMBER OF RESIDUAL-MASS MODES SOUGHT      =           0
 NUMBER OF SUBSPACE VECTORS USED           =          24
 RELATIVE CONVERGENCE TOLERANCE            =    1.00E-09

 FREQUENCY SHIFT  (CENTER) (CYC/TIME)      =     .000000
 FREQUENCY CUTOFF (RADIUS) (CYC/TIME)      =  -INFINITY-
 ALLOW AUTOMATIC FREQUENCY SHIFTING        =         YES


 Original stiffness at shift : EV= 0.0000000E+00, f=     .000000, T=  -INFINITY-
 Number of eigenvalues below shift =      0

 Iteration    Approximations to next 5 eigenvalues, from shift EV= 0.0000000E+00
       2   9.0453913E+01 1.7423242E+02 8.7983130E+02 2.2200171E+03 4.3372359E+03

 Found mode      1 of     12:  EV= 9.0453913E+01, f=    1.513679, T=    0.660642
 Found mode      2 of     12:  EV= 1.7423242E+02, f=    2.100800, T=    0.476009
 Found mode      3 of     12:  EV= 8.7983130E+02, f=    4.720846, T=    0.211826
 Found mode      4 of     12:  EV= 2.2200171E+03, f=    7.498913, T=    0.133353
 Found mode      5 of     12:  EV= 4.3372359E+03, f=   10.481578, T=    0.095405

 Iteration    Approximations to next 5 eigenvalues, from shift EV= 0.0000000E+00
       4   5.2732771E+03 7.1748449E+03 1.8422421E+04 1.9468458E+04 3.7803915E+04

 Found mode      6 of     12:  EV= 5.2732771E+03, f=   11.557408, T=    0.086525

 Iteration    Approximations to next 5 eigenvalues, from shift EV= 0.0000000E+00
       5   7.1748449E+03 1.8422421E+04 1.9468458E+04 3.7803915E+04 3.9204538E+04

 Found mode      7 of     12:  EV= 7.1748449E+03, f=   13.481133, T=    0.074178
 Found mode      8 of     12:  EV= 1.8422421E+04, f=   21.601976, T=    0.046292
 Found mode      9 of     12:  EV= 1.9468458E+04, f=   22.206796, T=    0.045031
 Found mode     10 of     12:  EV= 3.7803915E+04, f=   30.944860, T=    0.032316
 Found mode     11 of     12:  EV= 3.9204538E+04, f=   31.512895, T=    0.031733
 Found mode     12 of     12:  EV= 5.0724068E+04, f=   35.844883, T=    0.027898

 NUMBER OF EIGEN MODES FOUND               =          12
 NUMBER OF ITERATIONS PERFORMED            =           5
 NUMBER OF STIFFNESS SHIFTS                =           0


 A N A L Y S I S   C O M P L E T E                          2026/08/06  16:21:14
