

 SAP2000 v24.0.0 Ultimate 64-bit (Analysis Build 9894/64)
 File: D:\OneDrive\Nature-Insp...ms\Multiobjectives\MOSFOA\MPJ_Sap\W03\MPJ_3.LOG




 B E G I N   A N A L Y S I S                                2025/08/26  09:38:58


 RUNNING ANALYSIS WITHIN THE GUI PROCESS
 USING THE ADVANCED SOLVER (PROVIDES LIMITED INSTABILITY INFORMATION)

 NUMBER OF JOINTS                          =         374
    WITH RESTRAINTS                        =          42
 NUMBER OF FRAME/CABLE/TENDON ELEMENTS     =         211
 NUMBER OF SHELL ELEMENTS                  =         288
 NUMBER OF LOAD PATTERNS                   =           2
 NUMBER OF ACCELERATION LOADS              =           9
 NUMBER OF LOAD CASES                      =           3
 NUMBER OF MASS SOURCES                    =           1

 UNITS (FORCE, LENGTH, TEMPERATURE, TIME)  = tonf, m, °C, sec
 GRAVITATIONAL ACCELERATION                =    9.806650

 ADDRESSABLE PHYSICAL MEMORY (RAM)         =      15.869 GB

 PARALLELIZATION OF ANALYSIS OPERATIONS:
  (Env. variable SAPFIRE_NUM_THREADS not set)
 NUMBER OF THREADS: STATE (AUTOMATIC)      =           6
 NUMBER OF THREADS: STIFFNESS (AUTOMATIC)  =           6
 NUMBER OF THREADS: EVENT (AUTOMATIC)      =           6
 NUMBER OF THREADS: MOVE (AUTOMATIC)       =           6
 NUMBER OF THREADS: RESPONSE (AUTOMATIC)   =           6
 NUMBER OF THREADS: SOLVE (AUTOMATIC)      =           6
 NUMBER OF THREADS: FORM (AUTOMATIC)       =           6


 E L E M E N T   F O R M A T I O N                                      09:38:58



 L I N E A R   E Q U A T I O N   S O L U T I O N                        09:38:58

 FORMING STIFFNESS AT ZERO (UNSTRESSED) INITIAL CONDITIONS

 TOTAL NUMBER OF EQUILIBRIUM EQUATIONS     =        2118
 NUMBER OF NON-ZERO STIFFNESS TERMS        =       50775

 ---------------------------------
 BASIC STABILITY CHECK FOR LINEAR LOAD CASES:
    NUMBER OF NEGATIVE STIFFNESS EIGENVALUES SHOULD BE ZERO FOR STABILITY.
    (NOTE: FURTHER CHECKS SHOULD BE CONSIDERED AS DEEMED NECESSARY,
     SUCH AS REVIEWING EIGEN MODES FOR MECHANISMS AND RIGID-BODY MOTION)

    NUMBER OF NEGATIVE EIGENVALUES         =           0,  OK.
 ---------------------------------


 L I N E A R   S T A T I C   C A S E S                                  09:38:58

 USING STIFFNESS AT ZERO (UNSTRESSED) INITIAL CONDITIONS

 TOTAL NUMBER OF CASES TO SOLVE            =           2
 NUMBER OF CASES TO SOLVE PER BLOCK        =           2

 LINEAR STATIC CASES TO BE SOLVED:

 CASE: DEAD
 CASE: LL


 E I G E N   M O D A L   A N A L Y S I S                                09:38:58

 CASE: MODAL

 USING STIFFNESS AT ZERO (UNSTRESSED) INITIAL CONDITIONS

 NUMBER OF STIFFNESS DEGREES OF FREEDOM    =        2118
 NUMBER OF MASS DEGREES OF FREEDOM         =        1059
 MAXIMUM NUMBER OF EIGEN MODES SOUGHT      =          12
 MINIMUM NUMBER OF EIGEN MODES SOUGHT      =           1
 NUMBER OF RESIDUAL-MASS MODES SOUGHT      =           0
 NUMBER OF SUBSPACE VECTORS USED           =          24
 RELATIVE CONVERGENCE TOLERANCE            =    1.00E-09

 FREQUENCY SHIFT  (CENTER) (CYC/TIME)      =     .000000
 FREQUENCY CUTOFF (RADIUS) (CYC/TIME)      =  -INFINITY-
 ALLOW AUTOMATIC FREQUENCY SHIFTING        =         YES


 Original stiffness at shift : EV= 0.0000000E+00, f=     .000000, T=  -INFINITY-
 Number of eigenvalues below shift =      0

 Forming stiffness, new shift: EV= 1.6622888E+03, f=    6.488934, T=    0.154109
 Number of eigenvalues below shift =      0
 Found mode      1 of     12:  EV= 1.7495253E+03, f=    6.657026, T=    0.150217

 Forming stiffness, new shift: EV= 2.6289820E+03, f=    8.160447, T=    0.122542
 Number of eigenvalues below shift =      1
 Found mode      2 of     12:  EV= 2.6798590E+03, f=    8.239030, T=    0.121374
 Found mode      3 of     12:  EV= 3.0880836E+03, f=    8.844324, T=    0.113067
 Found mode      4 of     12:  EV= 3.4423966E+03, f=    9.337929, T=    0.107090
 Found mode      5 of     12:  EV= 3.4423966E+03, f=    9.337929, T=    0.107090
 Found mode      6 of     12:  EV= 3.4423966E+03, f=    9.337929, T=    0.107090
 Found mode      7 of     12:  EV= 3.4423966E+03, f=    9.337929, T=    0.107090
 Found mode      8 of     12:  EV= 3.4423966E+03, f=    9.337929, T=    0.107090
 Found mode      9 of     12:  EV= 3.4423966E+03, f=    9.337929, T=    0.107090
 Found mode     10 of     12:  EV= 3.4423966E+03, f=    9.337929, T=    0.107090
 Found mode     11 of     12:  EV= 3.4423966E+03, f=    9.337929, T=    0.107090
 Found mode     12 of     12:  EV= 3.4423966E+03, f=    9.337929, T=    0.107090

 NUMBER OF EIGEN MODES FOUND               =          12
 NUMBER OF ITERATIONS PERFORMED            =          24
 NUMBER OF STIFFNESS SHIFTS                =           2


 A N A L Y S I S   C O M P L E T E                          2025/08/26  09:38:59
