[07:07:43] Creating Helper / starting SAP2000...
[08:11:22] ApplicationStart ret=0
[08:11:22] Opening working model: D:\ResearchLab\02_Projects\JMST\Paper 1\sap_work\Ben100kDWT_sensitivity.sdb
[08:11:31] OpenFile ret=0, took 9.6s
[08:11:31] Baseline counts: PointObj=4913, FrameObj=1734
[08:11:31] 192-pile top joints: 192. Treatment frames: 178.
[08:11:31] Unlocking + moving 178 bottom joints -> M2_NEW2 positions...
[08:20:49] Moved 178 joints in 557.1s
[08:20:49] Count check OK (PointObj=4913, FrameObj=1734)
[08:20:49] Setting Results.Setup for BAO KT combo...
[08:22:55] RunAnalysis ret=0, took 126.6s
[08:22:55] Extracting JointDispl for 192 top joints...
[08:22:56]   -> 384 rows in 0.5s
[08:22:56] Extracting FrameForce for 178 treatment frames...
[08:22:56]   -> 1068 rows in 0.5s
[08:22:56]   Summary: U_X_max=0.0104, U_Y_max=0.0141
[08:22:56]   Summary: M_max=59.5192, V_max=9.5390
[08:22:56] Restoring 178 bottom joints to original coordinates...
[08:32:12] Restored and spot-checked OK.
[08:32:12] Closing SAP2000 (no save)...
[08:32:12] [ALL DONE]
